Archive member included to satisfy reference by file (symbol)

c:/Users/Nathan/AppData/Roaming/Code/User/globalStorage/bmd.stm32-for-vscode/@xpack-dev-tools/arm-none-eabi-gcc/14.2.1-1.1.1/.content/bin/../lib/gcc/arm-none-eabi/14.2.1/../../../../arm-none-eabi/lib/thumb/v7e-m+dp/hard\libc_nano.a(libc_a-atexit.o)
                              c:/Users/Nathan/AppData/Roaming/Code/User/globalStorage/bmd.stm32-for-vscode/@xpack-dev-tools/arm-none-eabi-gcc/14.2.1-1.1.1/.content/bin/../lib/gcc/arm-none-eabi/14.2.1/../../../../arm-none-eabi/lib/thumb/v7e-m+dp/hard/crt0.o (atexit)
c:/Users/Nathan/AppData/Roaming/Code/User/globalStorage/bmd.stm32-for-vscode/@xpack-dev-tools/arm-none-eabi-gcc/14.2.1-1.1.1/.content/bin/../lib/gcc/arm-none-eabi/14.2.1/../../../../arm-none-eabi/lib/thumb/v7e-m+dp/hard\libc_nano.a(libc_a-exit.o)
                              c:/Users/Nathan/AppData/Roaming/Code/User/globalStorage/bmd.stm32-for-vscode/@xpack-dev-tools/arm-none-eabi-gcc/14.2.1-1.1.1/.content/bin/../lib/gcc/arm-none-eabi/14.2.1/../../../../arm-none-eabi/lib/thumb/v7e-m+dp/hard/crt0.o (exit)
c:/Users/Nathan/AppData/Roaming/Code/User/globalStorage/bmd.stm32-for-vscode/@xpack-dev-tools/arm-none-eabi-gcc/14.2.1-1.1.1/.content/bin/../lib/gcc/arm-none-eabi/14.2.1/../../../../arm-none-eabi/lib/thumb/v7e-m+dp/hard\libc_nano.a(libc_a-findfp.o)
                              c:/Users/Nathan/AppData/Roaming/Code/User/globalStorage/bmd.stm32-for-vscode/@xpack-dev-tools/arm-none-eabi-gcc/14.2.1-1.1.1/.content/bin/../lib/gcc/arm-none-eabi/14.2.1/../../../../arm-none-eabi/lib/thumb/v7e-m+dp/hard\libc_nano.a(libc_a-exit.o) (__stdio_exit_handler)
c:/Users/Nathan/AppData/Roaming/Code/User/globalStorage/bmd.stm32-for-vscode/@xpack-dev-tools/arm-none-eabi-gcc/14.2.1-1.1.1/.content/bin/../lib/gcc/arm-none-eabi/14.2.1/../../../../arm-none-eabi/lib/thumb/v7e-m+dp/hard\libc_nano.a(libc_a-fwalk.o)
                              c:/Users/Nathan/AppData/Roaming/Code/User/globalStorage/bmd.stm32-for-vscode/@xpack-dev-tools/arm-none-eabi-gcc/14.2.1-1.1.1/.content/bin/../lib/gcc/arm-none-eabi/14.2.1/../../../../arm-none-eabi/lib/thumb/v7e-m+dp/hard\libc_nano.a(libc_a-findfp.o) (_fwalk_sglue)
c:/Users/Nathan/AppData/Roaming/Code/User/globalStorage/bmd.stm32-for-vscode/@xpack-dev-tools/arm-none-eabi-gcc/14.2.1-1.1.1/.content/bin/../lib/gcc/arm-none-eabi/14.2.1/../../../../arm-none-eabi/lib/thumb/v7e-m+dp/hard\libc_nano.a(libc_a-printf.o)
                              build/debug/usbd_core.o (printf)
c:/Users/Nathan/AppData/Roaming/Code/User/globalStorage/bmd.stm32-for-vscode/@xpack-dev-tools/arm-none-eabi-gcc/14.2.1-1.1.1/.content/bin/../lib/gcc/arm-none-eabi/14.2.1/../../../../arm-none-eabi/lib/thumb/v7e-m+dp/hard\libc_nano.a(libc_a-putchar.o)
                              build/debug/usbd_core.o (putchar)
c:/Users/Nathan/AppData/Roaming/Code/User/globalStorage/bmd.stm32-for-vscode/@xpack-dev-tools/arm-none-eabi-gcc/14.2.1-1.1.1/.content/bin/../lib/gcc/arm-none-eabi/14.2.1/../../../../arm-none-eabi/lib/thumb/v7e-m+dp/hard\libc_nano.a(libc_a-stdio.o)
                              c:/Users/Nathan/AppData/Roaming/Code/User/globalStorage/bmd.stm32-for-vscode/@xpack-dev-tools/arm-none-eabi-gcc/14.2.1-1.1.1/.content/bin/../lib/gcc/arm-none-eabi/14.2.1/../../../../arm-none-eabi/lib/thumb/v7e-m+dp/hard\libc_nano.a(libc_a-findfp.o) (__sread)
c:/Users/Nathan/AppData/Roaming/Code/User/globalStorage/bmd.stm32-for-vscode/@xpack-dev-tools/arm-none-eabi-gcc/14.2.1-1.1.1/.content/bin/../lib/gcc/arm-none-eabi/14.2.1/../../../../arm-none-eabi/lib/thumb/v7e-m+dp/hard\libc_nano.a(libc_a-vsnprintf.o)
                              build/debug/athena.o (vsnprintf)
c:/Users/Nathan/AppData/Roaming/Code/User/globalStorage/bmd.stm32-for-vscode/@xpack-dev-tools/arm-none-eabi-gcc/14.2.1-1.1.1/.content/bin/../lib/gcc/arm-none-eabi/14.2.1/../../../../arm-none-eabi/lib/thumb/v7e-m+dp/hard\libc_nano.a(libc_a-memset.o)
                              c:/Users/Nathan/AppData/Roaming/Code/User/globalStorage/bmd.stm32-for-vscode/@xpack-dev-tools/arm-none-eabi-gcc/14.2.1-1.1.1/.content/bin/../lib/gcc/arm-none-eabi/14.2.1/../../../../arm-none-eabi/lib/thumb/v7e-m+dp/hard/crt0.o (memset)
c:/Users/Nathan/AppData/Roaming/Code/User/globalStorage/bmd.stm32-for-vscode/@xpack-dev-tools/arm-none-eabi-gcc/14.2.1-1.1.1/.content/bin/../lib/gcc/arm-none-eabi/14.2.1/../../../../arm-none-eabi/lib/thumb/v7e-m+dp/hard\libc_nano.a(libc_a-closer.o)
                              c:/Users/Nathan/AppData/Roaming/Code/User/globalStorage/bmd.stm32-for-vscode/@xpack-dev-tools/arm-none-eabi-gcc/14.2.1-1.1.1/.content/bin/../lib/gcc/arm-none-eabi/14.2.1/../../../../arm-none-eabi/lib/thumb/v7e-m+dp/hard\libc_nano.a(libc_a-stdio.o) (_close_r)
c:/Users/Nathan/AppData/Roaming/Code/User/globalStorage/bmd.stm32-for-vscode/@xpack-dev-tools/arm-none-eabi-gcc/14.2.1-1.1.1/.content/bin/../lib/gcc/arm-none-eabi/14.2.1/../../../../arm-none-eabi/lib/thumb/v7e-m+dp/hard\libc_nano.a(libc_a-reent.o)
[...]
Memory Configuration

Name             Origin             Length             Attributes
DTCMRAM          0x20000000         0x00020000         xrw
RAM              0x24000000         0x00080000         xrw
RAM_D2           0x30000000         0x00048000         xrw
RAM_D3           0x38000000         0x00010000         xrw
ITCMRAM          0x00000000         0x00010000         xrw
FLASH            0x08000000         0x00200000         xr
*default*        0x00000000         0xffffffff

Linker script and memory map

LOAD c:/Users/Nathan/AppData/Roaming/Code/User/globalStorage/bmd.stm32-for-vscode/@xpack-dev-tools/arm-none-eabi-gcc/14.2.1-1.1.1/.content/bin/../lib/gcc/arm-none-eabi/14.2.1/thumb/v7e-m+dp/hard/crti.o
LOAD c:/Users/Nathan/AppData/Roaming/Code/User/globalStorage/bmd.stm32-for-vscode/@xpack-dev-tools/arm-none-eabi-gcc/14.2.1-1.1.1/.content/bin/../lib/gcc/arm-none-eabi/14.2.1/thumb/v7e-m+dp/hard/crtbegin.o
LOAD c:/Users/Nathan/AppData/Roaming/Code/User/globalStorage/bmd.stm32-for-vscode/@xpack-dev-tools/arm-none-eabi-gcc/14.2.1-1.1.1/.content/bin/../lib/gcc/arm-none-eabi/14.2.1/../../../../arm-none-eabi/lib/thumb/v7e-m+dp/hard/crt0.o
LOAD build/debug/athena.o
LOAD build/debug/main.o
LOAD build/debug/stm32h7xx_hal.o
LOAD build/debug/stm32h7xx_hal_cortex.o
LOAD build/debug/stm32h7xx_hal_dma.o
LOAD build/debug/stm32h7xx_hal_dma_ex.o
LOAD build/debug/stm32h7xx_hal_exti.o
LOAD build/debug/stm32h7xx_hal_fdcan.o
LOAD build/debug/stm32h7xx_hal_flash.o
LOAD build/debug/stm32h7xx_hal_flash_ex.o
LOAD build/debug/stm32h7xx_hal_gpio.o
LOAD build/debug/stm32h7xx_hal_hsem.o
LOAD build/debug/stm32h7xx_hal_i2c.o
LOAD build/debug/stm32h7xx_hal_i2c_ex.o
LOAD build/debug/stm32h7xx_hal_mdma.o
LOAD build/debug/stm32h7xx_hal_mmc.o
LOAD build/debug/stm32h7xx_hal_mmc_ex.o
LOAD build/debug/stm32h7xx_hal_msp.o
LOAD build/debug/stm32h7xx_hal_pcd.o
LOAD build/debug/stm32h7xx_hal_pcd_ex.o
LOAD build/debug/stm32h7xx_hal_pwr.o
LOAD build/debug/stm32h7xx_hal_pwr_ex.o
LOAD build/debug/stm32h7xx_hal_qspi.o
LOAD build/debug/stm32h7xx_hal_rcc.o
LOAD build/debug/stm32h7xx_hal_rcc_ex.o
LOAD build/debug/stm32h7xx_hal_sd.o
LOAD build/debug/stm32h7xx_hal_sd_ex.o
LOAD build/debug/stm32h7xx_hal_spi.o
LOAD build/debug/stm32h7xx_hal_spi_ex.o
LOAD build/debug/stm32h7xx_hal_tim.o
LOAD build/debug/stm32h7xx_hal_tim_ex.o
LOAD build/debug/stm32h7xx_hal_uart.o
LOAD build/debug/stm32h7xx_hal_uart_ex.o
LOAD build/debug/stm32h7xx_it.o
LOAD build/debug/stm32h7xx_ll_delayblock.o
LOAD build/debug/stm32h7xx_ll_sdmmc.o
LOAD build/debug/stm32h7xx_ll_usb.o
LOAD build/debug/syscalls.o
LOAD build/debug/sysmem.o
LOAD build/debug/system_stm32h7xx.o
LOAD build/debug/usb_device.o
LOAD build/debug/usbd_cdc.o
LOAD build/debug/usbd_cdc_if.o
LOAD build/debug/usbd_conf.o
LOAD build/debug/usbd_core.o
LOAD build/debug/usbd_ctlreq.o
LOAD build/debug/usbd_desc.o
LOAD build/debug/usbd_ioreq.o
LOAD build/debug/startup_stm32h743xx.o
LOAD c:/Users/Nathan/AppData/Roaming/Code/User/globalStorage/bmd.stm32-for-vscode/@xpack-dev-tools/arm-none-eabi-gcc/14.2.1-1.1.1/.content/bin/../lib/gcc/arm-none-eabi/14.2.1/../../../../arm-none-eabi/lib/thumb/v7e-m+dp/hard\libc_nano.a
LOAD c:/Users/Nathan/AppData/Roaming/Code/User/globalStorage/bmd.stm32-for-vscode/@xpack-dev-tools/arm-none-eabi-gcc/14.2.1-1.1.1/.content/bin/../lib/gcc/arm-none-eabi/14.2.1/../../../../arm-none-eabi/lib/thumb/v7e-m+dp/hard\libm.a
LOAD c:/Users/Nathan/AppData/Roaming/Code/User/globalStorage/bmd.stm32-for-vscode/@xpack-dev-tools/arm-none-eabi-gcc/14.2.1-1.1.1/.content/bin/../lib/gcc/arm-none-eabi/14.2.1/../../../../arm-none-eabi/lib/thumb/v7e-m+dp/hard\libnosys.a
START GROUP
LOAD c:/Users/Nathan/AppData/Roaming/Code/User/globalStorage/bmd.stm32-for-vscode/@xpack-dev-tools/arm-none-eabi-gcc/14.2.1-1.1.1/.content/bin/../lib/gcc/arm-none-eabi/14.2.1/thumb/v7e-m+dp/hard\libgcc.a
LOAD c:/Users/Nathan/AppData/Roaming/Code/User/globalStorage/bmd.stm32-for-vscode/@xpack-dev-tools/arm-none-eabi-gcc/14.2.1-1.1.1/.content/bin/../lib/gcc/arm-none-eabi/14.2.1/../../../../arm-none-eabi/lib/thumb/v7e-m+dp/hard\libc_nano.a
END GROUP
START GROUP
LOAD c:/Users/Nathan/AppData/Roaming/Code/User/globalStorage/bmd.stm32-for-vscode/@xpack-dev-tools/arm-none-eabi-gcc/14.2.1-1.1.1/.content/bin/../lib/gcc/arm-none-eabi/14.2.1/thumb/v7e-m+dp/hard\libgcc.a
LOAD c:/Users/Nathan/AppData/Roaming/Code/User/globalStorage/bmd.stm32-for-vscode/@xpack-dev-tools/arm-none-eabi-gcc/14.2.1-1.1.1/.content/bin/../lib/gcc/arm-none-eabi/14.2.1/../../../../arm-none-eabi/lib/thumb/v7e-m+dp/hard\libc_nano.a
END GROUP
LOAD c:/Users/Nathan/AppData/Roaming/Code/User/globalStorage/bmd.stm32-for-vscode/@xpack-dev-tools/arm-none-eabi-gcc/14.2.1-1.1.1/.content/bin/../lib/gcc/arm-none-eabi/14.2.1/thumb/v7e-m+dp/hard/crtend.o
LOAD c:/Users/Nathan/AppData/Roaming/Code/User/globalStorage/bmd.stm32-for-vscode/@xpack-dev-tools/arm-none-eabi-gcc/14.2.1-1.1.1/.content/bin/../lib/gcc/arm-none-eabi/14.2.1/thumb/v7e-m+dp/hard/crtn.o
                0x20020000                        _estack = (ORIGIN (DTCMRAM) + LENGTH (DTCMRAM))
                0x00002000                        _Min_Heap_Size = 0x2000
                0x00006000                        _Min_Stack_Size = 0x6000

.isr_vector     0x08000000      0x298
                0x08000000                        . = ALIGN (0x4)
 *(.isr_vector)
 .isr_vector    0x08000000      0x298 build/debug/startup_stm32h743xx.o
                0x08000000                g_pfnVectors
                0x08000298                        . = ALIGN (0x4)

.text           0x08000298     0x8148
                0x08000298                        . = ALIGN (0x4)
 *(.text)
 .text          0x08000298       0x30 c:/Users/Nathan/AppData/Roaming/Code/User/globalStorage/bmd.stm32-for-vscode/@xpack-dev-tools/arm-none-eabi-gcc/14.2.1-1.1.1/.content/bin/../lib/gcc/arm-none-eabi/14.2.1/thumb/v7e-m+dp/hard\libgcc.a(_aeabi_uldivmod.o)
                0x08000298                __aeabi_uldivmod
 .text          0x080002c8        0x4 c:/Users/Nathan/AppData/Roaming/Code/User/globalStorage/bmd.stm32-for-vscode/@xpack-dev-tools/arm-none-eabi-gcc/14.2.1-1.1.1/.content/bin/../lib/gcc/arm-none-eabi/14.2.1/thumb/v7e-m+dp/hard\libgcc.a(_dvmd_tls.o)
                0x080002c8                __aeabi_idiv0
                0x080002c8                __aeabi_ldiv0
 *(.text*)
 .text.__do_global_dtors_aux
                0x080002cc       0x24 c:/Users/Nathan/AppData/Roaming/Code/User/globalStorage/bmd.stm32-for-vscode/@xpack-dev-tools/arm-none-eabi-gcc/14.2.1-1.1.1/.content/bin/../lib/gcc/arm-none-eabi/14.2.1/thumb/v7e-m+dp/hard/crtbegin.o
 .text.frame_dummy
                0x080002f0       0x1c c:/Users/Nathan/AppData/Roaming/Code/User/globalStorage/bmd.stm32-for-vscode/@xpack-dev-tools/arm-none-eabi-gcc/14.2.1-1.1.1/.content/bin/../lib/gcc/arm-none-eabi/14.2.1/thumb/v7e-m+dp/hard/crtbegin.o
 .text.Athena_Init
                0x0800030c       0x20 build/debug/athena.o
                0x0800030c                Athena_Init
 .text.MPU_Config
                0x0800032c       0x52 build/debug/main.o
 *fill*         0x0800037e        0x2 
 .text.MX_GPIO_Init
                0x08000380      0x1b8 build/debug/main.o
 .text.Error_Handler
                0x08000538        0x4 build/debug/main.o
                0x08000538                Error_Handler
 .text.MX_QUADSPI_Init
                0x0800053c       0x34 build/debug/main.o
 .text.MX_SPI1_Init
                0x08000570       0x58 build/debug/main.o
 .text.MX_SPI3_Init
                0x080005c8       0x58 build/debug/main.o
 .text.MX_SPI4_Init
                0x08000620       0x4c build/debug/main.o
 .text.MX_UART7_Init
                0x0800066c       0x60 build/debug/main.o
 .text.MX_UART8_Init
                0x080006cc       0x64 build/debug/main.o
 .text.MX_FDCAN2_Init
                0x08000730       0x5c build/debug/main.o
 .text.MX_USART1_UART_Init
                0x0800078c       0x60 build/debug/main.o
 .text.MX_TIM2_Init
                0x080007ec       0x6c build/debug/main.o
 .text.MX_SDMMC1_SD_Init
                0x08000858       0x2c build/debug/main.o
 .text.SystemClock_Config
                0x08000884       0xc0 build/debug/main.o
                0x08000884                SystemClock_Config
 .text.main     0x08000944       0x60 build/debug/main.o
                0x08000944                main
 .text.HAL_InitTick
                0x080009a4       0x50 build/debug/stm32h7xx_hal.o
                0x080009a4                HAL_InitTick
 .text.HAL_Init
                0x080009f4       0x5c build/debug/stm32h7xx_hal.o
                0x080009f4                HAL_Init
 .text.HAL_IncTick
                0x08000a50       0x18 build/debug/stm32h7xx_hal.o
                0x08000a50                HAL_IncTick
 .text.HAL_GetTick
                0x08000a68        0xc build/debug/stm32h7xx_hal.o
                0x08000a68                HAL_GetTick
 .text.HAL_Delay
                0x08000a74       0x28 build/debug/stm32h7xx_hal.o
                0x08000a74                HAL_Delay
 .text.HAL_GetREVID
                0x08000a9c        0xc build/debug/stm32h7xx_hal.o
                0x08000a9c                HAL_GetREVID
 .text.HAL_SYSCFG_AnalogSwitchConfig
                0x08000aa8       0x14 build/debug/stm32h7xx_hal.o
                0x08000aa8                HAL_SYSCFG_AnalogSwitchConfig
 .text.__NVIC_SetPriority
                0x08000abc       0x24 build/debug/stm32h7xx_hal_cortex.o
 .text.NVIC_EncodePriority
                0x08000ae0       0x3e build/debug/stm32h7xx_hal_cortex.o
 *fill*         0x08000b1e        0x2 
 .text.HAL_NVIC_SetPriorityGrouping
                0x08000b20       0x24 build/debug/stm32h7xx_hal_cortex.o
                0x08000b20                HAL_NVIC_SetPriorityGrouping
 .text.HAL_NVIC_SetPriority
                0x08000b44       0x20 build/debug/stm32h7xx_hal_cortex.o
                0x08000b44                HAL_NVIC_SetPriority
 .text.HAL_SYSTICK_Config
                0x08000b64       0x28 build/debug/stm32h7xx_hal_cortex.o
                0x08000b64                HAL_SYSTICK_Config
 .text.HAL_MPU_Disable
                0x08000b8c       0x1c build/debug/stm32h7xx_hal_cortex.o
                0x08000b8c                HAL_MPU_Disable
 .text.HAL_MPU_Enable
                0x08000ba8       0x20 build/debug/stm32h7xx_hal_cortex.o
                0x08000ba8                HAL_MPU_Enable
 .text.HAL_MPU_ConfigRegion
                0x08000bc8       0x58 build/debug/stm32h7xx_hal_cortex.o
                0x08000bc8                HAL_MPU_ConfigRegion
 .text.FDCAN_CalcultateRamBlockAddresses
                0x08000c20      0x1d4 build/debug/stm32h7xx_hal_fdcan.o
 .text.HAL_FDCAN_Init
                0x08000df4      0x294 build/debug/stm32h7xx_hal_fdcan.o
                0x08000df4                HAL_FDCAN_Init
 .text.HAL_GPIO_Init
                0x08001088      0x220 build/debug/stm32h7xx_hal_gpio.o
                0x08001088                HAL_GPIO_Init
 .text.HAL_GPIO_WritePin
                0x080012a8        0xc build/debug/stm32h7xx_hal_gpio.o
                0x080012a8                HAL_GPIO_WritePin
 .text.HAL_MspInit
                0x080012b4       0x24 build/debug/stm32h7xx_hal_msp.o
                0x080012b4                HAL_MspInit
 .text.HAL_FDCAN_MspInit
                0x080012d8       0xa0 build/debug/stm32h7xx_hal_msp.o
                0x080012d8                HAL_FDCAN_MspInit
 .text.HAL_QSPI_MspInit
                0x08001378      0x130 build/debug/stm32h7xx_hal_msp.o
                0x08001378                HAL_QSPI_MspInit
 .text.HAL_SD_MspInit
                0x080014a8       0xdc build/debug/stm32h7xx_hal_msp.o
                0x080014a8                HAL_SD_MspInit
 .text.HAL_SPI_MspInit
                0x08001584      0x1bc build/debug/stm32h7xx_hal_msp.o
                0x08001584                HAL_SPI_MspInit
 .text.HAL_TIM_IC_MspInit
                0x08001740       0x70 build/debug/stm32h7xx_hal_msp.o
                0x08001740                HAL_TIM_IC_MspInit
 .text.HAL_UART_MspInit
                0x080017b0      0x17c build/debug/stm32h7xx_hal_msp.o
                0x080017b0                HAL_UART_MspInit
 .text.PCD_WriteEmptyTxFifo
                0x0800192c       0xd0 build/debug/stm32h7xx_hal_pcd.o
 .text.PCD_EP_OutXfrComplete_int
                0x080019fc      0x104 build/debug/stm32h7xx_hal_pcd.o
 .text.PCD_EP_OutSetupPacket_int
                0x08001b00       0x50 build/debug/stm32h7xx_hal_pcd.o
 .text.HAL_PCD_SetAddress
                0x08001b50       0x26 build/debug/stm32h7xx_hal_pcd.o
                0x08001b50                HAL_PCD_SetAddress
 .text.HAL_PCD_EP_Open
                0x08001b76       0x8c build/debug/stm32h7xx_hal_pcd.o
                0x08001b76                HAL_PCD_EP_Open
 .text.HAL_PCD_EP_Receive
                0x08001c02       0x4a build/debug/stm32h7xx_hal_pcd.o
                0x08001c02                HAL_PCD_EP_Receive
 .text.HAL_PCD_EP_Transmit
                0x08001c4c       0x4a build/debug/stm32h7xx_hal_pcd.o
                0x08001c4c                HAL_PCD_EP_Transmit
 .text.HAL_PCD_EP_SetStall
                0x08001c96       0x86 build/debug/stm32h7xx_hal_pcd.o
                0x08001c96                HAL_PCD_EP_SetStall
 .text.HAL_PCD_EP_ClrStall
                0x08001d1c       0x74 build/debug/stm32h7xx_hal_pcd.o
                0x08001d1c                HAL_PCD_EP_ClrStall
 .text.HAL_PCD_EP_Abort
                0x08001d90       0x34 build/debug/stm32h7xx_hal_pcd.o
                0x08001d90                HAL_PCD_EP_Abort
 .text.HAL_PCD_IRQHandler
                0x08001dc4      0x600 build/debug/stm32h7xx_hal_pcd.o
                0x08001dc4                HAL_PCD_IRQHandler
 .text.HAL_PCDEx_LPM_Callback
                0x080023c4        0x2 build/debug/stm32h7xx_hal_pcd_ex.o
                0x080023c4                HAL_PCDEx_LPM_Callback
 *fill*         0x080023c6        0x2 
 .text.HAL_PWREx_ConfigSupply
                0x080023c8       0x54 build/debug/stm32h7xx_hal_pwr_ex.o
                0x080023c8                HAL_PWREx_ConfigSupply
 .text.QSPI_WaitFlagStateUntilTimeout
                0x0800241c       0x56 build/debug/stm32h7xx_hal_qspi.o
 .text.HAL_QSPI_SetTimeout
                0x08002472        0x4 build/debug/stm32h7xx_hal_qspi.o
                0x08002472                HAL_QSPI_SetTimeout
 *fill*         0x08002476        0x2 
 .text.HAL_QSPI_Init
                0x08002478       0xa8 build/debug/stm32h7xx_hal_qspi.o
                0x08002478                HAL_QSPI_Init
 .text.HAL_RCC_OscConfig
                0x08002520      0x6b0 build/debug/stm32h7xx_hal_rcc.o
                0x08002520                HAL_RCC_OscConfig
 .text.HAL_RCC_GetSysClockFreq
                0x08002bd0      0x1f8 build/debug/stm32h7xx_hal_rcc.o
                0x08002bd0                HAL_RCC_GetSysClockFreq
 .text.HAL_RCC_ClockConfig
                0x08002dc8      0x294 build/debug/stm32h7xx_hal_rcc.o
                0x08002dc8                HAL_RCC_ClockConfig
 .text.HAL_RCC_GetHCLKFreq
                0x0800305c       0x44 build/debug/stm32h7xx_hal_rcc.o
                0x0800305c                HAL_RCC_GetHCLKFreq
 .text.HAL_RCC_GetPCLK1Freq
                0x080030a0       0x24 build/debug/stm32h7xx_hal_rcc.o
                0x080030a0                HAL_RCC_GetPCLK1Freq
 .text.HAL_RCC_GetPCLK2Freq
                0x080030c4       0x24 build/debug/stm32h7xx_hal_rcc.o
                0x080030c4                HAL_RCC_GetPCLK2Freq
 .text.RCCEx_PLL2_Config
                0x080030e8      0x108 build/debug/stm32h7xx_hal_rcc_ex.o
 .text.RCCEx_PLL3_Config
                0x080031f0      0x108 build/debug/stm32h7xx_hal_rcc_ex.o
 .text.HAL_RCCEx_PeriphCLKConfig
                0x080032f8      0xab8 build/debug/stm32h7xx_hal_rcc_ex.o
                0x080032f8                HAL_RCCEx_PeriphCLKConfig
 .text.HAL_RCCEx_GetD3PCLK1Freq
                0x08003db0       0x24 build/debug/stm32h7xx_hal_rcc_ex.o
                0x08003db0                HAL_RCCEx_GetD3PCLK1Freq
 .text.HAL_RCCEx_GetPLL2ClockFreq
                0x08003dd4      0x200 build/debug/stm32h7xx_hal_rcc_ex.o
                0x08003dd4                HAL_RCCEx_GetPLL2ClockFreq
 .text.HAL_RCCEx_GetPLL3ClockFreq
                0x08003fd4      0x200 build/debug/stm32h7xx_hal_rcc_ex.o
                0x08003fd4                HAL_RCCEx_GetPLL3ClockFreq
 .text.HAL_RCCEx_GetPLL1ClockFreq
                0x080041d4      0x200 build/debug/stm32h7xx_hal_rcc_ex.o
                0x080041d4                HAL_RCCEx_GetPLL1ClockFreq
 .text.HAL_RCCEx_GetPeriphCLKFreq
                0x080043d4      0x6dc build/debug/stm32h7xx_hal_rcc_ex.o
                0x080043d4                HAL_RCCEx_GetPeriphCLKFreq
 .text.SD_PowerON
                0x08004ab0       0xc4 build/debug/stm32h7xx_hal_sd.o
 .text.SD_SendSDStatus
                0x08004b74      0x108 build/debug/stm32h7xx_hal_sd.o
 .text.SD_FindSCR
                0x08004c7c      0x108 build/debug/stm32h7xx_hal_sd.o
 .text.SD_WideBus_Enable
                0x08004d84       0x4e build/debug/stm32h7xx_hal_sd.o
 .text.SD_WideBus_Disable
                0x08004dd2       0x4e build/debug/stm32h7xx_hal_sd.o
 .text.SD_SendStatus
                0x08004e20       0x2c build/debug/stm32h7xx_hal_sd.o
 .text.HAL_SD_GetCardCSD
                0x08004e4c      0x1b8 build/debug/stm32h7xx_hal_sd.o
                0x08004e4c                HAL_SD_GetCardCSD
 .text.SD_InitCard
                0x08005004       0xfc build/debug/stm32h7xx_hal_sd.o
 .text.HAL_SD_InitCard
                0x08005100       0xd4 build/debug/stm32h7xx_hal_sd.o
                0x08005100                HAL_SD_InitCard
 .text.HAL_SD_GetCardStatus
                0x080051d4       0xcc build/debug/stm32h7xx_hal_sd.o
                0x080051d4                HAL_SD_GetCardStatus
 .text.HAL_SD_ConfigWideBusOperation
                0x080052a0      0x158 build/debug/stm32h7xx_hal_sd.o
                0x080052a0                HAL_SD_ConfigWideBusOperation
 .text.HAL_SD_GetCardState
                0x080053f8       0x22 build/debug/stm32h7xx_hal_sd.o
                0x080053f8                HAL_SD_GetCardState
 .text.HAL_SD_Init
                0x0800541a       0xba build/debug/stm32h7xx_hal_sd.o
                0x0800541a                HAL_SD_Init
 .text.SPI_GetPacketSize
                0x080054d4       0x10 build/debug/stm32h7xx_hal_spi.o
 .text.HAL_SPI_Init
                0x080054e4      0x190 build/debug/stm32h7xx_hal_spi.o
                0x080054e4                HAL_SPI_Init
 .text.TIM_TI2_SetConfig
                0x08005674       0x36 build/debug/stm32h7xx_hal_tim.o
 .text.TIM_TI3_SetConfig
                0x080056aa       0x36 build/debug/stm32h7xx_hal_tim.o
 .text.TIM_TI4_SetConfig
                0x080056e0       0x36 build/debug/stm32h7xx_hal_tim.o
 *fill*         0x08005716        0x2 
 .text.TIM_Base_SetConfig
                0x08005718      0x104 build/debug/stm32h7xx_hal_tim.o
                0x08005718                TIM_Base_SetConfig
 .text.HAL_TIM_IC_Init
                0x0800581c       0x60 build/debug/stm32h7xx_hal_tim.o
                0x0800581c                HAL_TIM_IC_Init
 .text.TIM_TI1_SetConfig
                0x0800587c       0x94 build/debug/stm32h7xx_hal_tim.o
                0x0800587c                TIM_TI1_SetConfig
 .text.HAL_TIM_IC_ConfigChannel
                0x08005910       0xcc build/debug/stm32h7xx_hal_tim.o
                0x08005910                HAL_TIM_IC_ConfigChannel
 .text.HAL_TIMEx_MasterConfigSynchronization
                0x080059dc       0xa0 build/debug/stm32h7xx_hal_tim_ex.o
                0x080059dc                HAL_TIMEx_MasterConfigSynchronization
 .text.UART_EndRxTransfer
                0x08005a7c       0x58 build/debug/stm32h7xx_hal_uart.o
 .text.UART_SetConfig
                0x08005ad4      0x5f4 build/debug/stm32h7xx_hal_uart.o
                0x08005ad4                UART_SetConfig
 .text.UART_AdvFeatureConfig
                0x080060c8       0xca build/debug/stm32h7xx_hal_uart.o
                0x080060c8                UART_AdvFeatureConfig
 .text.UART_WaitOnFlagUntilTimeout
                0x08006192       0xa6 build/debug/stm32h7xx_hal_uart.o
                0x08006192                UART_WaitOnFlagUntilTimeout
 .text.UART_CheckIdleState
                0x08006238       0xca build/debug/stm32h7xx_hal_uart.o
                0x08006238                UART_CheckIdleState
 .text.HAL_UART_Init
                0x08006302       0x66 build/debug/stm32h7xx_hal_uart.o
                0x08006302                HAL_UART_Init
 .text.HAL_MultiProcessor_Init
                0x08006368       0x8e build/debug/stm32h7xx_hal_uart.o
                0x08006368                HAL_MultiProcessor_Init
 *fill*         0x080063f6        0x2 
 .text.UARTEx_SetNbDataToProcess
                0x080063f8       0x4c build/debug/stm32h7xx_hal_uart_ex.o
 .text.HAL_UARTEx_DisableFifoMode
                0x08006444       0x3e build/debug/stm32h7xx_hal_uart_ex.o
                0x08006444                HAL_UARTEx_DisableFifoMode
 .text.HAL_UARTEx_SetTxFifoThreshold
                0x08006482       0x4a build/debug/stm32h7xx_hal_uart_ex.o
                0x08006482                HAL_UARTEx_SetTxFifoThreshold
 .text.HAL_UARTEx_SetRxFifoThreshold
                0x080064cc       0x4a build/debug/stm32h7xx_hal_uart_ex.o
                0x080064cc                HAL_UARTEx_SetRxFifoThreshold
 .text.NMI_Handler
                0x08006516        0x2 build/debug/stm32h7xx_it.o
                0x08006516                NMI_Handler
 .text.HardFault_Handler
                0x08006518        0x2 build/debug/stm32h7xx_it.o
                0x08006518                HardFault_Handler
 .text.MemManage_Handler
                0x0800651a        0x2 build/debug/stm32h7xx_it.o
                0x0800651a                MemManage_Handler
 .text.BusFault_Handler
                0x0800651c        0x2 build/debug/stm32h7xx_it.o
                0x0800651c                BusFault_Handler
 .text.UsageFault_Handler
                0x0800651e        0x2 build/debug/stm32h7xx_it.o
                0x0800651e                UsageFault_Handler
 .text.SVC_Handler
                0x08006520        0x2 build/debug/stm32h7xx_it.o
                0x08006520                SVC_Handler
 .text.DebugMon_Handler
                0x08006522        0x2 build/debug/stm32h7xx_it.o
                0x08006522                DebugMon_Handler
 .text.PendSV_Handler
                0x08006524        0x2 build/debug/stm32h7xx_it.o
                0x08006524                PendSV_Handler
 .text.SysTick_Handler
                0x08006526        0x8 build/debug/stm32h7xx_it.o
                0x08006526                SysTick_Handler
 *fill*         0x0800652e        0x2 
 .text.OTG_FS_IRQHandler
                0x08006530       0x10 build/debug/stm32h7xx_it.o
                0x08006530                OTG_FS_IRQHandler
 .text.SDMMC_GetCmdError
                0x08006540       0x3c build/debug/stm32h7xx_ll_sdmmc.o
 .text.SDMMC_Init
                0x0800657c       0x30 build/debug/stm32h7xx_ll_sdmmc.o
                0x0800657c                SDMMC_Init
 .text.SDMMC_ReadFIFO
                0x080065ac        0x6 build/debug/stm32h7xx_ll_sdmmc.o
                0x080065ac                SDMMC_ReadFIFO
 .text.SDMMC_PowerState_ON
                0x080065b2        0xc build/debug/stm32h7xx_ll_sdmmc.o
                0x080065b2                SDMMC_PowerState_ON
 .text.SDMMC_GetPowerState
                0x080065be        0x8 build/debug/stm32h7xx_ll_sdmmc.o
                0x080065be                SDMMC_GetPowerState
 *fill*         0x080065c6        0x2 
 .text.SDMMC_SendCommand
                0x080065c8       0x24 build/debug/stm32h7xx_ll_sdmmc.o
                0x080065c8                SDMMC_SendCommand
 .text.SDMMC_GetCommandResponse
                0x080065ec        0x6 build/debug/stm32h7xx_ll_sdmmc.o
                0x080065ec                SDMMC_GetCommandResponse
 .text.SDMMC_GetResponse
                0x080065f2        0x6 build/debug/stm32h7xx_ll_sdmmc.o
                0x080065f2                SDMMC_GetResponse
 .text.SDMMC_ConfigData
                0x080065f8       0x24 build/debug/stm32h7xx_ll_sdmmc.o
                0x080065f8                SDMMC_ConfigData
 .text.SDMMC_CmdGoIdleState
                0x0800661c       0x26 build/debug/stm32h7xx_ll_sdmmc.o
                0x0800661c                SDMMC_CmdGoIdleState
 *fill*         0x08006642        0x2 
 .text.SDMMC_GetCmdResp1
                0x08006644      0x160 build/debug/stm32h7xx_ll_sdmmc.o
                0x08006644                SDMMC_GetCmdResp1
 .text.SDMMC_CmdBlockLength
                0x080067a4       0x32 build/debug/stm32h7xx_ll_sdmmc.o
                0x080067a4                SDMMC_CmdBlockLength
 .text.SDMMC_CmdSelDesel
                0x080067d6       0x32 build/debug/stm32h7xx_ll_sdmmc.o
                0x080067d6                SDMMC_CmdSelDesel
 .text.SDMMC_CmdAppCommand
                0x08006808       0x32 build/debug/stm32h7xx_ll_sdmmc.o
                0x08006808                SDMMC_CmdAppCommand
 .text.SDMMC_CmdBusWidth
                0x0800683a       0x32 build/debug/stm32h7xx_ll_sdmmc.o
                0x0800683a                SDMMC_CmdBusWidth
 .text.SDMMC_CmdSendSCR
                0x0800686c       0x32 build/debug/stm32h7xx_ll_sdmmc.o
                0x0800686c                SDMMC_CmdSendSCR
 .text.SDMMC_CmdSendStatus
                0x0800689e       0x32 build/debug/stm32h7xx_ll_sdmmc.o
                0x0800689e                SDMMC_CmdSendStatus
 .text.SDMMC_CmdStatusRegister
                0x080068d0       0x32 build/debug/stm32h7xx_ll_sdmmc.o
                0x080068d0                SDMMC_CmdStatusRegister
 *fill*         0x08006902        0x2 
 .text.SDMMC_GetCmdResp2
                0x08006904       0x60 build/debug/stm32h7xx_ll_sdmmc.o
                0x08006904                SDMMC_GetCmdResp2
 .text.SDMMC_CmdSendCID
                0x08006964       0x2c build/debug/stm32h7xx_ll_sdmmc.o
                0x08006964                SDMMC_CmdSendCID
 .text.SDMMC_CmdSendCSD
                0x08006990       0x2c build/debug/stm32h7xx_ll_sdmmc.o
                0x08006990                SDMMC_CmdSendCSD
 .text.SDMMC_GetCmdResp3
                0x080069bc       0x50 build/debug/stm32h7xx_ll_sdmmc.o
                0x080069bc                SDMMC_GetCmdResp3
 .text.SDMMC_CmdAppOperCommand
                0x08006a0c       0x2c build/debug/stm32h7xx_ll_sdmmc.o
                0x08006a0c                SDMMC_CmdAppOperCommand
 .text.SDMMC_GetCmdResp6
                0x08006a38       0xa4 build/debug/stm32h7xx_ll_sdmmc.o
                0x08006a38                SDMMC_GetCmdResp6
 .text.SDMMC_CmdSetRelAdd
                0x08006adc       0x32 build/debug/stm32h7xx_ll_sdmmc.o
                0x08006adc                SDMMC_CmdSetRelAdd
 *fill*         0x08006b0e        0x2 
 .text.SDMMC_GetCmdResp7
                0x08006b10       0x64 build/debug/stm32h7xx_ll_sdmmc.o
                0x08006b10                SDMMC_GetCmdResp7
 .text.SDMMC_CmdOperCond
                0x08006b74       0x30 build/debug/stm32h7xx_ll_sdmmc.o
                0x08006b74                SDMMC_CmdOperCond
 .text.USB_SetTurnaroundTime
                0x08006ba4       0xe4 build/debug/stm32h7xx_ll_usb.o
                0x08006ba4                USB_SetTurnaroundTime
 .text.USB_FlushTxFifo
                0x08006c88       0x4a build/debug/stm32h7xx_ll_usb.o
                0x08006c88                USB_FlushTxFifo
 .text.USB_GetDevSpeed
                0x08006cd2       0x22 build/debug/stm32h7xx_ll_usb.o
                0x08006cd2                USB_GetDevSpeed
 .text.USB_ActivateEndpoint
                0x08006cf4       0x98 build/debug/stm32h7xx_ll_usb.o
                0x08006cf4                USB_ActivateEndpoint
 .text.USB_EPStopXfer
                0x08006d8c       0xbe build/debug/stm32h7xx_ll_usb.o
                0x08006d8c                USB_EPStopXfer
 .text.USB_WritePacket
                0x08006e4a       0x2e build/debug/stm32h7xx_ll_usb.o
                0x08006e4a                USB_WritePacket
 .text.USB_EPStartXfer
                0x08006e78      0x244 build/debug/stm32h7xx_ll_usb.o
                0x08006e78                USB_EPStartXfer
 .text.USB_ReadPacket
                0x080070bc       0x46 build/debug/stm32h7xx_ll_usb.o
                0x080070bc                USB_ReadPacket
 .text.USB_EPSetStall
                0x08007102       0x5a build/debug/stm32h7xx_ll_usb.o
                0x08007102                USB_EPSetStall
 .text.USB_EPClearStall
                0x0800715c       0x5c build/debug/stm32h7xx_ll_usb.o
                0x0800715c                USB_EPClearStall
 .text.USB_SetDevAddress
                0x080071b8       0x20 build/debug/stm32h7xx_ll_usb.o
                0x080071b8                USB_SetDevAddress
 .text.USB_ReadInterrupts
                0x080071d8        0x8 build/debug/stm32h7xx_ll_usb.o
                0x080071d8                USB_ReadInterrupts
 .text.USB_ReadDevAllOutEpInterrupt
                0x080071e0       0x10 build/debug/stm32h7xx_ll_usb.o
                0x080071e0                USB_ReadDevAllOutEpInterrupt
 .text.USB_ReadDevAllInEpInterrupt
                0x080071f0       0x10 build/debug/stm32h7xx_ll_usb.o
                0x080071f0                USB_ReadDevAllInEpInterrupt
 .text.USB_ReadDevOutEPInterrupt
                0x08007200       0x12 build/debug/stm32h7xx_ll_usb.o
                0x08007200                USB_ReadDevOutEPInterrupt
 .text.USB_ReadDevInEPInterrupt
                0x08007212       0x24 build/debug/stm32h7xx_ll_usb.o
                0x08007212                USB_ReadDevInEPInterrupt
 .text.USB_GetMode
                0x08007236        0x8 build/debug/stm32h7xx_ll_usb.o
                0x08007236                USB_GetMode
 .text.USB_ActivateSetup
                0x0800723e       0x1c build/debug/stm32h7xx_ll_usb.o
                0x0800723e                USB_ActivateSetup
 *fill*         0x0800725a        0x2 
 .text.USB_EP0_OutStart
                0x0800725c       0x60 build/debug/stm32h7xx_ll_usb.o
                0x0800725c                USB_EP0_OutStart
 .text.SystemInit
                0x080072bc       0xf0 build/debug/system_stm32h7xx.o
                0x080072bc                SystemInit
 .text.ExitRun0Mode
                0x080073ac       0x1c build/debug/system_stm32h7xx.o
                0x080073ac                ExitRun0Mode
 .text.HAL_PCD_SetupStageCallback
                0x080073c8       0x10 build/debug/usbd_conf.o
                0x080073c8                HAL_PCD_SetupStageCallback
 .text.HAL_PCD_DataOutStageCallback
                0x080073d8       0x18 build/debug/usbd_conf.o
                0x080073d8                HAL_PCD_DataOutStageCallback
 .text.HAL_PCD_DataInStageCallback
                0x080073f0       0x16 build/debug/usbd_conf.o
                0x080073f0                HAL_PCD_DataInStageCallback
 .text.HAL_PCD_SOFCallback
                0x08007406        0xc build/debug/usbd_conf.o
                0x08007406                HAL_PCD_SOFCallback
 .text.HAL_PCD_ResetCallback
                0x08007412       0x28 build/debug/usbd_conf.o
                0x08007412                HAL_PCD_ResetCallback
 *fill*         0x0800743a        0x2 
 .text.HAL_PCD_SuspendCallback
                0x0800743c       0x30 build/debug/usbd_conf.o
                0x0800743c                HAL_PCD_SuspendCallback
 .text.HAL_PCD_ResumeCallback
                0x0800746c        0xc build/debug/usbd_conf.o
                0x0800746c                HAL_PCD_ResumeCallback
 .text.HAL_PCD_ISOOUTIncompleteCallback
                0x08007478        0xc build/debug/usbd_conf.o
                0x08007478                HAL_PCD_ISOOUTIncompleteCallback
 .text.HAL_PCD_ISOINIncompleteCallback
                0x08007484        0xc build/debug/usbd_conf.o
                0x08007484                HAL_PCD_ISOINIncompleteCallback
 .text.HAL_PCD_ConnectCallback
                0x08007490        0xc build/debug/usbd_conf.o
                0x08007490                HAL_PCD_ConnectCallback
 .text.HAL_PCD_DisconnectCallback
                0x0800749c        0xc build/debug/usbd_conf.o
                0x0800749c                HAL_PCD_DisconnectCallback
 .text.USBD_LL_IsStallEP
                0x080074a8       0x2c build/debug/usbd_conf.o
                0x080074a8                USBD_LL_IsStallEP
 .text.USBD_Get_USB_Status
                0x080074d4       0x14 build/debug/usbd_conf.o
                0x080074d4                USBD_Get_USB_Status
 .text.USBD_LL_OpenEP
                0x080074e8       0x16 build/debug/usbd_conf.o
                0x080074e8                USBD_LL_OpenEP
 .text.USBD_LL_StallEP
                0x080074fe       0x10 build/debug/usbd_conf.o
                0x080074fe                USBD_LL_StallEP
 .text.USBD_LL_ClearStallEP
                0x0800750e       0x10 build/debug/usbd_conf.o
                0x0800750e                USBD_LL_ClearStallEP
 .text.USBD_LL_SetUSBAddress
                0x0800751e       0x10 build/debug/usbd_conf.o
                0x0800751e                USBD_LL_SetUSBAddress
 .text.USBD_LL_Transmit
                0x0800752e       0x10 build/debug/usbd_conf.o
                0x0800752e                USBD_LL_Transmit
 .text.USBD_LL_PrepareReceive
                0x0800753e       0x10 build/debug/usbd_conf.o
                0x0800753e                USBD_LL_PrepareReceive
 .text.USBD_SetClassConfig
                0x0800754e       0x12 build/debug/usbd_core.o
                0x0800754e                USBD_SetClassConfig
 .text.USBD_ClrClassConfig
                0x08007560       0x12 build/debug/usbd_core.o
                0x08007560                USBD_ClrClassConfig
 .text.USBD_LL_SetupStage
                0x08007572       0x58 build/debug/usbd_core.o
                0x08007572                USBD_LL_SetupStage
 .text.USBD_LL_Reset
                0x080075ca       0x64 build/debug/usbd_core.o
                0x080075ca                USBD_LL_Reset
 .text.USBD_LL_SetSpeed
                0x0800762e        0x6 build/debug/usbd_core.o
                0x0800762e                USBD_LL_SetSpeed
 .text.USBD_LL_Suspend
                0x08007634       0x1c build/debug/usbd_core.o
                0x08007634                USBD_LL_Suspend
 .text.USBD_LL_Resume
                0x08007650       0x18 build/debug/usbd_core.o
                0x08007650                USBD_LL_Resume
 .text.USBD_LL_SOF
                0x08007668       0x20 build/debug/usbd_core.o
                0x08007668                USBD_LL_SOF
 .text.USBD_LL_IsoINIncomplete
                0x08007688       0x2c build/debug/usbd_core.o
                0x08007688                USBD_LL_IsoINIncomplete
 .text.USBD_LL_IsoOUTIncomplete
                0x080076b4       0x2c build/debug/usbd_core.o
                0x080076b4                USBD_LL_IsoOUTIncomplete
 .text.USBD_LL_DevConnected
                0x080076e0        0x4 build/debug/usbd_core.o
                0x080076e0                USBD_LL_DevConnected
 .text.USBD_LL_DevDisconnected
                0x080076e4       0x20 build/debug/usbd_core.o
                0x080076e4                USBD_LL_DevDisconnected
 .text.USBD_CoreFindIF
                0x08007704        0x4 build/debug/usbd_core.o
                0x08007704                USBD_CoreFindIF
 .text.USBD_CoreFindEP
                0x08007708        0x4 build/debug/usbd_core.o
                0x08007708                USBD_CoreFindEP
 .text.USBD_LL_DataOutStage
                0x0800770c       0xc0 build/debug/usbd_core.o
                0x0800770c                USBD_LL_DataOutStage
 .text.USBD_LL_DataInStage
                0x080077cc       0xd2 build/debug/usbd_core.o
                0x080077cc                USBD_LL_DataInStage
 .text.USBD_ParseSetupRequest
                0x0800789e       0x28 build/debug/usbd_ctlreq.o
                0x0800789e                USBD_ParseSetupRequest
 .text.USBD_CtlError
                0x080078c6       0x14 build/debug/usbd_ctlreq.o
                0x080078c6                USBD_CtlError
 .text.USBD_GetDescriptor
                0x080078da      0x1ac build/debug/usbd_ctlreq.o
 .text.USBD_SetAddress
                0x08007a86       0x4e build/debug/usbd_ctlreq.o
 .text.USBD_SetConfig
                0x08007ad4       0xcc build/debug/usbd_ctlreq.o
 .text.USBD_GetConfig
                0x08007ba0       0x40 build/debug/usbd_ctlreq.o
 .text.USBD_GetStatus
                0x08007be0       0x38 build/debug/usbd_ctlreq.o
 .text.USBD_SetFeature
                0x08007c18       0x2a build/debug/usbd_ctlreq.o
 .text.USBD_ClrFeature
                0x08007c42       0x26 build/debug/usbd_ctlreq.o
 .text.USBD_StdDevReq
                0x08007c68       0x76 build/debug/usbd_ctlreq.o
                0x08007c68                USBD_StdDevReq
 .text.USBD_StdItfReq
                0x08007cde       0x84 build/debug/usbd_ctlreq.o
                0x08007cde                USBD_StdItfReq
 .text.USBD_StdEPReq
                0x08007d62      0x23a build/debug/usbd_ctlreq.o
                0x08007d62                USBD_StdEPReq
 .text.USBD_CtlSendData
                0x08007f9c       0x1a build/debug/usbd_ioreq.o
                0x08007f9c                USBD_CtlSendData
 .text.USBD_CtlContinueSendData
                0x08007fb6       0x10 build/debug/usbd_ioreq.o
                0x08007fb6                USBD_CtlContinueSendData
 .text.USBD_CtlContinueRx
                0x08007fc6       0x10 build/debug/usbd_ioreq.o
                0x08007fc6                USBD_CtlContinueRx
 .text.USBD_CtlSendStatus
                0x08007fd6       0x16 build/debug/usbd_ioreq.o
                0x08007fd6                USBD_CtlSendStatus
 .text.USBD_CtlReceiveStatus
                0x08007fec       0x16 build/debug/usbd_ioreq.o
                0x08007fec                USBD_CtlReceiveStatus
 *fill*         0x08008002        0x2 
 .text.Reset_Handler
                0x08008004       0x54 build/debug/startup_stm32h743xx.o
                0x08008004                Reset_Handler
 .text.Default_Handler
                0x08008058        0x2 build/debug/startup_stm32h743xx.o
                0x08008058                RTC_Alarm_IRQHandler
                0x08008058                EXTI2_IRQHandler
                0x08008058                TIM8_CC_IRQHandler
                0x08008058                HRTIM1_Master_IRQHandler
                0x08008058                UART8_IRQHandler
                0x08008058                SPI4_IRQHandler
                0x08008058                TIM1_CC_IRQHandler
                0x08008058                BDMA_Channel6_IRQHandler
                0x08008058                DMA2_Stream5_IRQHandler
                0x08008058                HRTIM1_FLT_IRQHandler
                0x08008058                JPEG_IRQHandler
                0x08008058                DMA1_Stream5_IRQHandler
                0x08008058                BDMA_Channel1_IRQHandler
                0x08008058                HRTIM1_TIMD_IRQHandler
                0x08008058                TAMP_STAMP_IRQHandler
                0x08008058                EXTI3_IRQHandler
                0x08008058                LPTIM4_IRQHandler
                0x08008058                TIM8_TRG_COM_TIM14_IRQHandler
                0x08008058                LPTIM2_IRQHandler
                0x08008058                DFSDM1_FLT1_IRQHandler
                0x08008058                DMAMUX2_OVR_IRQHandler
                0x08008058                TIM8_UP_TIM13_IRQHandler
                0x08008058                I2C3_ER_IRQHandler
                0x08008058                DFSDM1_FLT2_IRQHandler
                0x08008058                MDMA_IRQHandler
                0x08008058                LPTIM3_IRQHandler
                0x08008058                HSEM1_IRQHandler
                0x08008058                EXTI0_IRQHandler
                0x08008058                I2C2_EV_IRQHandler
                0x08008058                DMA1_Stream2_IRQHandler
                0x08008058                FPU_IRQHandler
                0x08008058                OTG_HS_WKUP_IRQHandler
                0x08008058                FDCAN1_IT1_IRQHandler
                0x08008058                LTDC_ER_IRQHandler
                0x08008058                DMA2_Stream2_IRQHandler
                0x08008058                HRTIM1_TIME_IRQHandler
                0x08008058                SPI1_IRQHandler
                0x08008058                TIM6_DAC_IRQHandler
                0x08008058                DCMI_IRQHandler
                0x08008058                HRTIM1_TIMC_IRQHandler
                0x08008058                DMA2_Stream3_IRQHandler
                0x08008058                SAI2_IRQHandler
                0x08008058                DFSDM1_FLT3_IRQHandler
                0x08008058                USART6_IRQHandler
                0x08008058                TIM17_IRQHandler
                0x08008058                USART3_IRQHandler
                0x08008058                BDMA_Channel7_IRQHandler
                0x08008058                LPTIM5_IRQHandler
                0x08008058                UART5_IRQHandler
                0x08008058                ADC3_IRQHandler
                0x08008058                DMA2_Stream0_IRQHandler
                0x08008058                TIM4_IRQHandler
                0x08008058                BDMA_Channel2_IRQHandler
                0x08008058                QUADSPI_IRQHandler
                0x08008058                I2C1_EV_IRQHandler
                0x08008058                DMA1_Stream6_IRQHandler
                0x08008058                DMAMUX1_OVR_IRQHandler
                0x08008058                DMA1_Stream1_IRQHandler
                0x08008058                TIM16_IRQHandler
                0x08008058                UART4_IRQHandler
                0x08008058                BDMA_Channel5_IRQHandler
                0x08008058                TIM3_IRQHandler
                0x08008058                RCC_IRQHandler
                0x08008058                TIM8_BRK_TIM12_IRQHandler
                0x08008058                TIM1_TRG_COM_IRQHandler
                0x08008058                Default_Handler
                0x08008058                ECC_IRQHandler
                0x08008058                CEC_IRQHandler
                0x08008058                EXTI15_10_IRQHandler
                0x08008058                BDMA_Channel0_IRQHandler
                0x08008058                ADC_IRQHandler
                0x08008058                DMA1_Stream7_IRQHandler
                0x08008058                HRTIM1_TIMA_IRQHandler
                0x08008058                SPI5_IRQHandler
                0x08008058                TIM7_IRQHandler
                0x08008058                SDMMC1_IRQHandler
                0x08008058                TIM5_IRQHandler
                0x08008058                DMA2_Stream7_IRQHandler
                0x08008058                TIM15_IRQHandler
                0x08008058                PVD_AVD_IRQHandler
                0x08008058                I2C3_EV_IRQHandler
                0x08008058                EXTI9_5_IRQHandler
                0x08008058                RTC_WKUP_IRQHandler
                0x08008058                LTDC_IRQHandler
                0x08008058                SAI3_IRQHandler
                0x08008058                ETH_WKUP_IRQHandler
                0x08008058                SPDIF_RX_IRQHandler
                0x08008058                SPI2_IRQHandler
                0x08008058                OTG_HS_EP1_IN_IRQHandler
                0x08008058                DMA1_Stream0_IRQHandler
                0x08008058                CRS_IRQHandler
                0x08008058                EXTI4_IRQHandler
                0x08008058                RNG_IRQHandler
                0x08008058                HRTIM1_TIMB_IRQHandler
                0x08008058                FDCAN2_IT1_IRQHandler
                0x08008058                ETH_IRQHandler
                0x08008058                TIM1_UP_IRQHandler
                0x08008058                BDMA_Channel4_IRQHandler
                0x08008058                OTG_HS_EP1_OUT_IRQHandler
                0x08008058                WWDG_IRQHandler
                0x08008058                SPI6_IRQHandler
                0x08008058                MDIOS_IRQHandler
                0x08008058                I2C4_EV_IRQHandler
                0x08008058                FDCAN2_IT0_IRQHandler
                0x08008058                LPUART1_IRQHandler
                0x08008058                FDCAN1_IT0_IRQHandler
                0x08008058                TIM2_IRQHandler
                0x08008058                OTG_FS_WKUP_IRQHandler
                0x08008058                OTG_HS_IRQHandler
                0x08008058                DMA2D_IRQHandler
                0x08008058                TIM1_BRK_IRQHandler
                0x08008058                EXTI1_IRQHandler
                0x08008058                SDMMC2_IRQHandler
                0x08008058                OTG_FS_EP1_OUT_IRQHandler
                0x08008058                BDMA_Channel3_IRQHandler
                0x08008058                UART7_IRQHandler
                0x08008058                MDIOS_WKUP_IRQHandler
                0x08008058                USART2_IRQHandler
                0x08008058                DFSDM1_FLT0_IRQHandler
                0x08008058                SAI4_IRQHandler
                0x08008058                I2C2_ER_IRQHandler
                0x08008058                DMA2_Stream1_IRQHandler
                0x08008058                FLASH_IRQHandler
                0x08008058                DMA2_Stream4_IRQHandler
                0x08008058                USART1_IRQHandler
                0x08008058                SPI3_IRQHandler
                0x08008058                WAKEUP_PIN_IRQHandler
                0x08008058                DMA1_Stream4_IRQHandler
                0x08008058                OTG_FS_EP1_IN_IRQHandler
                0x08008058                I2C1_ER_IRQHandler
                0x08008058                FMC_IRQHandler
                0x08008058                FDCAN_CAL_IRQHandler
                0x08008058                SWPMI1_IRQHandler
                0x08008058                COMP1_IRQHandler
                0x08008058                LPTIM1_IRQHandler
                0x08008058                I2C4_ER_IRQHandler
                0x08008058                DMA2_Stream6_IRQHandler
                0x08008058                SAI1_IRQHandler
                0x08008058                DMA1_Stream3_IRQHandler
 .text.memset   0x0800805a       0x10 c:/Users/Nathan/AppData/Roaming/Code/User/globalStorage/bmd.stm32-for-vscode/@xpack-dev-tools/arm-none-eabi-gcc/14.2.1-1.1.1/.content/bin/../lib/gcc/arm-none-eabi/14.2.1/../../../../arm-none-eabi/lib/thumb/v7e-m+dp/hard\libc_nano.a(libc_a-memset.o)
                0x0800805a                memset
 *fill*         0x0800806a        0x2 
 .text.__libc_init_array
                0x0800806c       0x48 c:/Users/Nathan/AppData/Roaming/Code/User/globalStorage/bmd.stm32-for-vscode/@xpack-dev-tools/arm-none-eabi-gcc/14.2.1-1.1.1/.content/bin/../lib/gcc/arm-none-eabi/14.2.1/../../../../arm-none-eabi/lib/thumb/v7e-m+dp/hard\libc_nano.a(libc_a-init.o)
                0x0800806c                __libc_init_array
 .text.memcpy   0x080080b4       0x1c c:/Users/Nathan/AppData/Roaming/Code/User/globalStorage/bmd.stm32-for-vscode/@xpack-dev-tools/arm-none-eabi-gcc/14.2.1-1.1.1/.content/bin/../lib/gcc/arm-none-eabi/14.2.1/../../../../arm-none-eabi/lib/thumb/v7e-m+dp/hard\libc_nano.a(libc_a-memcpy-stub.o)
                0x080080b4                memcpy
 .text.__udivmoddi4
                0x080080d0      0x2f8 c:/Users/Nathan/AppData/Roaming/Code/User/globalStorage/bmd.stm32-for-vscode/@xpack-dev-tools/arm-none-eabi-gcc/14.2.1-1.1.1/.content/bin/../lib/gcc/arm-none-eabi/14.2.1/thumb/v7e-m+dp/hard\libgcc.a(_udivmoddi4.o)
                0x080080d0                __udivmoddi4
 *(.glue_7)
 .glue_7        0x080083c8        0x0 linker stubs
 *(.glue_7t)
 .glue_7t       0x080083c8        0x0 linker stubs
 *(.eh_frame)
 .eh_frame      0x080083c8        0x0 c:/Users/Nathan/AppData/Roaming/Code/User/globalStorage/bmd.stm32-for-vscode/@xpack-dev-tools/arm-none-eabi-gcc/14.2.1-1.1.1/.content/bin/../lib/gcc/arm-none-eabi/14.2.1/thumb/v7e-m+dp/hard/crtbegin.o
 *(.init)
 .init          0x080083c8        0x4 c:/Users/Nathan/AppData/Roaming/Code/User/globalStorage/bmd.stm32-for-vscode/@xpack-dev-tools/arm-none-eabi-gcc/14.2.1-1.1.1/.content/bin/../lib/gcc/arm-none-eabi/14.2.1/thumb/v7e-m+dp/hard/crti.o
                0x080083c8                _init
 .init          0x080083cc        0x8 c:/Users/Nathan/AppData/Roaming/Code/User/globalStorage/bmd.stm32-for-vscode/@xpack-dev-tools/arm-none-eabi-gcc/14.2.1-1.1.1/.content/bin/../lib/gcc/arm-none-eabi/14.2.1/thumb/v7e-m+dp/hard/crtn.o
 *(.fini)
 .fini          0x080083d4        0x4 c:/Users/Nathan/AppData/Roaming/Code/User/globalStorage/bmd.stm32-for-vscode/@xpack-dev-tools/arm-none-eabi-gcc/14.2.1-1.1.1/.content/bin/../lib/gcc/arm-none-eabi/14.2.1/thumb/v7e-m+dp/hard/crti.o
                0x080083d4                _fini
 .fini          0x080083d8        0x8 c:/Users/Nathan/AppData/Roaming/Code/User/globalStorage/bmd.stm32-for-vscode/@xpack-dev-tools/arm-none-eabi-gcc/14.2.1-1.1.1/.content/bin/../lib/gcc/arm-none-eabi/14.2.1/thumb/v7e-m+dp/hard/crtn.o
                0x080083e0                        . = ALIGN (0x4)
                0x080083e0                        _etext = .

.vfp11_veneer   0x080083e0        0x0
 .vfp11_veneer  0x080083e0        0x0 linker stubs

.v4_bx          0x080083e0        0x0
 .v4_bx         0x080083e0        0x0 linker stubs

.iplt           0x080083e0        0x0
 .iplt          0x080083e0        0x0 c:/Users/Nathan/AppData/Roaming/Code/User/globalStorage/bmd.stm32-for-vscode/@xpack-dev-tools/arm-none-eabi-gcc/14.2.1-1.1.1/.content/bin/../lib/gcc/arm-none-eabi/14.2.1/thumb/v7e-m+dp/hard/crtbegin.o

.rodata         0x080083e0       0x9c
                0x080083e0                        . = ALIGN (0x4)
 *(.rodata)
 .rodata        0x080083e0       0x18 build/debug/main.o
 .rodata        0x080083f8       0x4c build/debug/stm32h7xx_hal_fdcan.o
 *(.rodata*)
 .rodata.UARTPrescTable
                0x08008444       0x18 build/debug/stm32h7xx_hal_uart.o
                0x08008444                UARTPrescTable
 .rodata.denominator.0
                0x0800845c        0x8 build/debug/stm32h7xx_hal_uart_ex.o
 .rodata.numerator.1
                0x08008464        0x8 build/debug/stm32h7xx_hal_uart_ex.o
 .rodata.D1CorePrescTable
                0x0800846c       0x10 build/debug/system_stm32h7xx.o
                0x0800846c                D1CorePrescTable
                0x0800847c                        . = ALIGN (0x4)

.ARM.extab      0x0800847c        0x0
                0x0800847c                        . = ALIGN (0x4)
 *(.ARM.extab* .gnu.linkonce.armextab.*)
                0x0800847c                        . = ALIGN (0x4)

.ARM            0x0800847c        0x8
                0x0800847c                        . = ALIGN (0x4)
                0x0800847c                        __exidx_start = .
 *(.ARM.exidx*)
 .ARM.exidx.text.__udivmoddi4
                0x0800847c        0x8 c:/Users/Nathan/AppData/Roaming/Code/User/globalStorage/bmd.stm32-for-vscode/@xpack-dev-tools/arm-none-eabi-gcc/14.2.1-1.1.1/.content/bin/../lib/gcc/arm-none-eabi/14.2.1/thumb/v7e-m+dp/hard\libgcc.a(_udivmoddi4.o)
                0x08008484                        __exidx_end = .
                0x08008484                        . = ALIGN (0x4)

.preinit_array  0x08008484        0x0
                0x08008484                        . = ALIGN (0x4)
                0x08008484                        PROVIDE (__preinit_array_start = .)
 *(.preinit_array*)
                0x08008484                        PROVIDE (__preinit_array_end = .)
                0x08008484                        . = ALIGN (0x4)

.init_array     0x08008484        0x4
                0x08008484                        . = ALIGN (0x4)
                0x08008484                        PROVIDE (__init_array_start = .)
 *(SORT_BY_NAME(.init_array.*))
 *(.init_array*)
 .init_array    0x08008484        0x4 c:/Users/Nathan/AppData/Roaming/Code/User/globalStorage/bmd.stm32-for-vscode/@xpack-dev-tools/arm-none-eabi-gcc/14.2.1-1.1.1/.content/bin/../lib/gcc/arm-none-eabi/14.2.1/thumb/v7e-m+dp/hard/crtbegin.o
                0x08008488                        PROVIDE (__init_array_end = .)
                0x08008488                        . = ALIGN (0x4)

.fini_array     0x08008488        0x4
                0x08008488                        . = ALIGN (0x4)
                0x08008488                        PROVIDE (__fini_array_start = .)
 *(SORT_BY_NAME(.fini_array.*))
 *(.fini_array*)
 .fini_array    0x08008488        0x4 c:/Users/Nathan/AppData/Roaming/Code/User/globalStorage/bmd.stm32-for-vscode/@xpack-dev-tools/arm-none-eabi-gcc/14.2.1-1.1.1/.content/bin/../lib/gcc/arm-none-eabi/14.2.1/thumb/v7e-m+dp/hard/crtbegin.o
                0x0800848c                        PROVIDE (__fini_array_end = .)
                0x0800848c                        . = ALIGN (0x4)
                0x0800848c                        _sidata = LOADADDR (.data)

.rel.dyn        0x0800848c        0x0
 .rel.iplt      0x0800848c        0x0 c:/Users/Nathan/AppData/Roaming/Code/User/globalStorage/bmd.stm32-for-vscode/@xpack-dev-tools/arm-none-eabi-gcc/14.2.1-1.1.1/.content/bin/../lib/gcc/arm-none-eabi/14.2.1/thumb/v7e-m+dp/hard/crtbegin.o

.data           0x20000000       0x10 load address 0x0800848c
                0x20000000                        . = ALIGN (0x4)
                0x20000000                        _sdata = .
 *(.data)
 *(.data*)
 .data.uwTickFreq
                0x20000000        0x1 build/debug/stm32h7xx_hal.o
                0x20000000                uwTickFreq
 *fill*         0x20000001        0x3 
 .data.uwTickPrio
                0x20000004        0x4 build/debug/stm32h7xx_hal.o
                0x20000004                uwTickPrio
 .data.SystemD2Clock
                0x20000008        0x4 build/debug/system_stm32h7xx.o
                0x20000008                SystemD2Clock
 .data.SystemCoreClock
                0x2000000c        0x4 build/debug/system_stm32h7xx.o
                0x2000000c                SystemCoreClock
 *(.RamFunc)
 *(.RamFunc*)
                0x20000010                        . = ALIGN (0x4)
                0x20000010                        _edata = .

.igot.plt       0x20000010        0x0 load address 0x0800849c
 .igot.plt      0x20000010        0x0 c:/Users/Nathan/AppData/Roaming/Code/User/globalStorage/bmd.stm32-for-vscode/@xpack-dev-tools/arm-none-eabi-gcc/14.2.1-1.1.1/.content/bin/../lib/gcc/arm-none-eabi/14.2.1/thumb/v7e-m+dp/hard/crtbegin.o
                0x20000010                        . = ALIGN (0x4)

.bss            0x20000010      0xa28 load address 0x0800849c
                0x20000010                        _sbss = .
                0x20000010                        __bss_start__ = _sbss
 *(.bss)
 *(.bss*)
 .bss.completed.1
                0x20000010        0x1 c:/Users/Nathan/AppData/Roaming/Code/User/globalStorage/bmd.stm32-for-vscode/@xpack-dev-tools/arm-none-eabi-gcc/14.2.1-1.1.1/.content/bin/../lib/gcc/arm-none-eabi/14.2.1/thumb/v7e-m+dp/hard/crtbegin.o
 *fill*         0x20000011        0x3 
 .bss.object.0  0x20000014       0x18 c:/Users/Nathan/AppData/Roaming/Code/User/globalStorage/bmd.stm32-for-vscode/@xpack-dev-tools/arm-none-eabi-gcc/14.2.1-1.1.1/.content/bin/../lib/gcc/arm-none-eabi/14.2.1/thumb/v7e-m+dp/hard/crtbegin.o
 .bss.led_config
                0x2000002c       0x18 build/debug/athena.o
                0x2000002c                led_config
 .bss.huart1    0x20000044       0x94 build/debug/main.o
                0x20000044                huart1
 .bss.huart8    0x200000d8       0x94 build/debug/main.o
                0x200000d8                huart8
 .bss.huart7    0x2000016c       0x94 build/debug/main.o
                0x2000016c                huart7
 .bss.htim2     0x20000200       0x4c build/debug/main.o
                0x20000200                htim2
 .bss.hspi4     0x2000024c       0x88 build/debug/main.o
                0x2000024c                hspi4
 .bss.hspi3     0x200002d4       0x88 build/debug/main.o
                0x200002d4                hspi3
 .bss.hspi1     0x2000035c       0x88 build/debug/main.o
                0x2000035c                hspi1
 .bss.hsd1      0x200003e4       0x7c build/debug/main.o
                0x200003e4                hsd1
 .bss.hqspi     0x20000460       0x4c build/debug/main.o
                0x20000460                hqspi
 .bss.hfdcan2   0x200004ac       0xa0 build/debug/main.o
                0x200004ac                hfdcan2
 .bss.uwTick    0x2000054c        0x4 build/debug/stm32h7xx_hal.o
                0x2000054c                uwTick
 .bss.hpcd_USB_OTG_FS
                0x20000550      0x4e4 build/debug/usbd_conf.o
                0x20000550                hpcd_USB_OTG_FS
 .bss.cfgidx.0  0x20000a34        0x1 build/debug/usbd_ctlreq.o
 *(COMMON)
                0x20000a38                        . = ALIGN (0x4)
 *fill*         0x20000a35        0x3 
                0x20000a38                        _ebss = .
                0x20000a38                        __bss_end__ = _ebss

._user_heap_stack
                0x20000a38     0x8000 load address 0x0800849c
                0x20000a38                        . = ALIGN (0x8)
                [!provide]                        PROVIDE (end = .)
                0x20000a38                        PROVIDE (_end = .)
                0x20002a38                        . = (. + _Min_Heap_Size)
 *fill*         0x20000a38     0x2000 
                0x20008a38                        . = (. + _Min_Stack_Size)
 *fill*         0x20002a38     0x6000 
                0x20008a38                        . = ALIGN (0x8)

/DISCARD/
 libc.a(*)
 libm.a(*)
 libgcc.a(*)
OUTPUT(build/debug/TPU_Firmware.elf elf32-littlearm)
LOAD linker stubs
LOAD c:/Users/Nathan/AppData/Roaming/Code/User/globalStorage/bmd.stm32-for-vscode/@xpack-dev-tools/arm-none-eabi-gcc/14.2.1-1.1.1/.content/bin/../lib/gcc/arm-none-eabi/14.2.1/../../../../arm-none-eabi/lib/thumb/v7e-m+dp/hard\libc.a
LOAD c:/Users/Nathan/AppData/Roaming/Code/User/globalStorage/bmd.stm32-for-vscode/@xpack-dev-tools/arm-none-eabi-gcc/14.2.1-1.1.1/.content/bin/../lib/gcc/arm-none-eabi/14.2.1/../../../../arm-none-eabi/lib/thumb/v7e-m+dp/hard\libm.a
LOAD c:/Users/Nathan/AppData/Roaming/Code/User/globalStorage/bmd.stm32-for-vscode/@xpack-dev-tools/arm-none-eabi-gcc/14.2.1-1.1.1/.content/bin/../lib/gcc/arm-none-eabi/14.2.1/thumb/v7e-m+dp/hard\libgcc.a

.ARM.attributes
                0x00000000       0x2e
 .ARM.attributes
                0x00000000       0x20 c:/Users/Nathan/AppData/Roaming/Code/User/globalStorage/bmd.stm32-for-vscode/@xpack-dev-tools/arm-none-eabi-gcc/14.2.1-1.1.1/.content/bin/../lib/gcc/arm-none-eabi/14.2.1/thumb/v7e-m+dp/hard/crti.o
 .ARM.attributes
                0x00000020       0x32 c:/Users/Nathan/AppData/Roaming/Code/User/globalStorage/bmd.stm32-for-vscode/@xpack-dev-tools/arm-none-eabi-gcc/14.2.1-1.1.1/.content/bin/../lib/gcc/arm-none-eabi/14.2.1/thumb/v7e-m+dp/hard/crtbegin.o
 .ARM.attributes
                0x00000052       0x32 build/debug/athena.o
 .ARM.attributes
                0x00000084       0x32 build/debug/main.o
 .ARM.attributes
                0x000000b6       0x32 build/debug/stm32h7xx_hal.o
 .ARM.attributes
                0x000000e8       0x32 build/debug/stm32h7xx_hal_cortex.o
 .ARM.attributes
                0x0000011a       0x32 build/debug/stm32h7xx_hal_fdcan.o
 .ARM.attributes
                0x0000014c       0x32 build/debug/stm32h7xx_hal_gpio.o
 .ARM.attributes
                0x0000017e       0x32 build/debug/stm32h7xx_hal_msp.o
 .ARM.attributes
                0x000001b0       0x32 build/debug/stm32h7xx_hal_pcd.o
 .ARM.attributes
                0x000001e2       0x32 build/debug/stm32h7xx_hal_pcd_ex.o
 .ARM.attributes
                0x00000214       0x32 build/debug/stm32h7xx_hal_pwr_ex.o
 .ARM.attributes
                0x00000246       0x32 build/debug/stm32h7xx_hal_qspi.o
 .ARM.attributes
                0x00000278       0x32 build/debug/stm32h7xx_hal_rcc.o
 .ARM.attributes
                0x000002aa       0x32 build/debug/stm32h7xx_hal_rcc_ex.o
 .ARM.attributes
                0x000002dc       0x32 build/debug/stm32h7xx_hal_sd.o
 .ARM.attributes
                0x0000030e       0x32 build/debug/stm32h7xx_hal_spi.o
 .ARM.attributes
                0x00000340       0x32 build/debug/stm32h7xx_hal_tim.o
 .ARM.attributes
                0x00000372       0x32 build/debug/stm32h7xx_hal_tim_ex.o
 .ARM.attributes
                0x000003a4       0x32 build/debug/stm32h7xx_hal_uart.o
 .ARM.attributes
                0x000003d6       0x32 build/debug/stm32h7xx_hal_uart_ex.o
 .ARM.attributes
                0x00000408       0x32 build/debug/stm32h7xx_it.o
 .ARM.attributes
                0x0000043a       0x32 build/debug/stm32h7xx_ll_sdmmc.o
 .ARM.attributes
                0x0000046c       0x32 build/debug/stm32h7xx_ll_usb.o
 .ARM.attributes
                0x0000049e       0x32 build/debug/system_stm32h7xx.o
 .ARM.attributes
                0x000004d0       0x32 build/debug/usbd_conf.o
 .ARM.attributes
                0x00000502       0x32 build/debug/usbd_core.o
 .ARM.attributes
                0x00000534       0x32 build/debug/usbd_ctlreq.o
 .ARM.attributes
                0x00000566       0x32 build/debug/usbd_ioreq.o
 .ARM.attributes
                0x00000598       0x21 build/debug/startup_stm32h743xx.o
 .ARM.attributes
                0x000005b9       0x32 c:/Users/Nathan/AppData/Roaming/Code/User/globalStorage/bmd.stm32-for-vscode/@xpack-dev-tools/arm-none-eabi-gcc/14.2.1-1.1.1/.content/bin/../lib/gcc/arm-none-eabi/14.2.1/../../../../arm-none-eabi/lib/thumb/v7e-m+dp/hard\libc_nano.a(libc_a-memset.o)
 .ARM.attributes
                0x000005eb       0x32 c:/Users/Nathan/AppData/Roaming/Code/User/globalStorage/bmd.stm32-for-vscode/@xpack-dev-tools/arm-none-eabi-gcc/14.2.1-1.1.1/.content/bin/../lib/gcc/arm-none-eabi/14.2.1/../../../../arm-none-eabi/lib/thumb/v7e-m+dp/hard\libc_nano.a(libc_a-init.o)
 .ARM.attributes
                0x0000061d       0x32 c:/Users/Nathan/AppData/Roaming/Code/User/globalStorage/bmd.stm32-for-vscode/@xpack-dev-tools/arm-none-eabi-gcc/14.2.1-1.1.1/.content/bin/../lib/gcc/arm-none-eabi/14.2.1/../../../../arm-none-eabi/lib/thumb/v7e-m+dp/hard\libc_nano.a(libc_a-memcpy-stub.o)
 .ARM.attributes
                0x0000064f       0x20 c:/Users/Nathan/AppData/Roaming/Code/User/globalStorage/bmd.stm32-for-vscode/@xpack-dev-tools/arm-none-eabi-gcc/14.2.1-1.1.1/.content/bin/../lib/gcc/arm-none-eabi/14.2.1/thumb/v7e-m+dp/hard\libgcc.a(_aeabi_uldivmod.o)
 .ARM.attributes
                0x0000066f       0x32 c:/Users/Nathan/AppData/Roaming/Code/User/globalStorage/bmd.stm32-for-vscode/@xpack-dev-tools/arm-none-eabi-gcc/14.2.1-1.1.1/.content/bin/../lib/gcc/arm-none-eabi/14.2.1/thumb/v7e-m+dp/hard\libgcc.a(_udivmoddi4.o)
 .ARM.attributes
                0x000006a1       0x20 c:/Users/Nathan/AppData/Roaming/Code/User/globalStorage/bmd.stm32-for-vscode/@xpack-dev-tools/arm-none-eabi-gcc/14.2.1-1.1.1/.content/bin/../lib/gcc/arm-none-eabi/14.2.1/thumb/v7e-m+dp/hard\libgcc.a(_dvmd_tls.o)
 .ARM.attributes
                0x000006c1       0x20 c:/Users/Nathan/AppData/Roaming/Code/User/globalStorage/bmd.stm32-for-vscode/@xpack-dev-tools/arm-none-eabi-gcc/14.2.1-1.1.1/.content/bin/../lib/gcc/arm-none-eabi/14.2.1/thumb/v7e-m+dp/hard/crtn.o

.comment        0x00000000       0x39
 .comment       0x00000000       0x39 c:/Users/Nathan/AppData/Roaming/Code/User/globalStorage/bmd.stm32-for-vscode/@xpack-dev-tools/arm-none-eabi-gcc/14.2.1-1.1.1/.content/bin/../lib/gcc/arm-none-eabi/14.2.1/thumb/v7e-m+dp/hard/crtbegin.o
                                 0x3a (size before relaxing)
 .comment       0x00000039       0x3a build/debug/athena.o
 .comment       0x00000039       0x3a build/debug/main.o
 .comment       0x00000039       0x3a build/debug/stm32h7xx_hal.o
 .comment       0x00000039       0x3a build/debug/stm32h7xx_hal_cortex.o
 .comment       0x00000039       0x3a build/debug/stm32h7xx_hal_fdcan.o
 .comment       0x00000039       0x3a build/debug/stm32h7xx_hal_gpio.o
 .comment       0x00000039       0x3a build/debug/stm32h7xx_hal_msp.o
 .comment       0x00000039       0x3a build/debug/stm32h7xx_hal_pcd.o
 .comment       0x00000039       0x3a build/debug/stm32h7xx_hal_pcd_ex.o
 .comment       0x00000039       0x3a build/debug/stm32h7xx_hal_pwr_ex.o
 .comment       0x00000039       0x3a build/debug/stm32h7xx_hal_qspi.o
 .comment       0x00000039       0x3a build/debug/stm32h7xx_hal_rcc.o
 .comment       0x00000039       0x3a build/debug/stm32h7xx_hal_rcc_ex.o
 .comment       0x00000039       0x3a build/debug/stm32h7xx_hal_sd.o
 .comment       0x00000039       0x3a build/debug/stm32h7xx_hal_spi.o
 .comment       0x00000039       0x3a build/debug/stm32h7xx_hal_tim.o
 .comment       0x00000039       0x3a build/debug/stm32h7xx_hal_tim_ex.o
 .comment       0x00000039       0x3a build/debug/stm32h7xx_hal_uart.o
 .comment       0x00000039       0x3a build/debug/stm32h7xx_hal_uart_ex.o
 .comment       0x00000039       0x3a build/debug/stm32h7xx_it.o
 .comment       0x00000039       0x3a build/debug/stm32h7xx_ll_sdmmc.o
 .comment       0x00000039       0x3a build/debug/stm32h7xx_ll_usb.o
 .comment       0x00000039       0x3a build/debug/system_stm32h7xx.o
 .comment       0x00000039       0x3a build/debug/usbd_conf.o
 .comment       0x00000039       0x3a build/debug/usbd_core.o
 .comment       0x00000039       0x3a build/debug/usbd_ctlreq.o
 .comment       0x00000039       0x3a build/debug/usbd_ioreq.o
 .comment       0x00000039       0x3a c:/Users/Nathan/AppData/Roaming/Code/User/globalStorage/bmd.stm32-for-vscode/@xpack-dev-tools/arm-none-eabi-gcc/14.2.1-1.1.1/.content/bin/../lib/gcc/arm-none-eabi/14.2.1/../../../../arm-none-eabi/lib/thumb/v7e-m+dp/hard\libc_nano.a(libc_a-memset.o)
 .comment       0x00000039       0x3a c:/Users/Nathan/AppData/Roaming/Code/User/globalStorage/bmd.stm32-for-vscode/@xpack-dev-tools/arm-none-eabi-gcc/14.2.1-1.1.1/.content/bin/../lib/gcc/arm-none-eabi/14.2.1/../../../../arm-none-eabi/lib/thumb/v7e-m+dp/hard\libc_nano.a(libc_a-init.o)
 .comment       0x00000039       0x3a c:/Users/Nathan/AppData/Roaming/Code/User/globalStorage/bmd.stm32-for-vscode/@xpack-dev-tools/arm-none-eabi-gcc/14.2.1-1.1.1/.content/bin/../lib/gcc/arm-none-eabi/14.2.1/../../../../arm-none-eabi/lib/thumb/v7e-m+dp/hard\libc_nano.a(libc_a-memcpy-stub.o)
 .comment       0x00000039       0x3a c:/Users/Nathan/AppData/Roaming/Code/User/globalStorage/bmd.stm32-for-vscode/@xpack-dev-tools/arm-none-eabi-gcc/14.2.1-1.1.1/.content/bin/../lib/gcc/arm-none-eabi/14.2.1/thumb/v7e-m+dp/hard\libgcc.a(_udivmoddi4.o)

.debug_info     0x00000000    0x31cb6
 .debug_info    0x00000000      0x61e build/debug/athena.o
 .debug_info    0x0000061e     0x35d7 build/debug/main.o
 .debug_info    0x00003bf5     0x1639 build/debug/stm32h7xx_hal.o
 .debug_info    0x0000522e     0x131a build/debug/stm32h7xx_hal_cortex.o
 .debug_info    0x00006548     0x3275 build/debug/stm32h7xx_hal_fdcan.o
 .debug_info    0x000097bd      0xc96 build/debug/stm32h7xx_hal_gpio.o
 .debug_info    0x0000a453     0x3257 build/debug/stm32h7xx_hal_msp.o
 .debug_info    0x0000d6aa     0x1c4f build/debug/stm32h7xx_hal_pcd.o
 .debug_info    0x0000f2f9      0xa1a build/debug/stm32h7xx_hal_pcd_ex.o
 .debug_info    0x0000fd13     0x11a6 build/debug/stm32h7xx_hal_pwr_ex.o
 .debug_info    0x00010eb9     0x18b8 build/debug/stm32h7xx_hal_qspi.o
 .debug_info    0x00012771     0x1166 build/debug/stm32h7xx_hal_rcc.o
 .debug_info    0x000138d7     0x1a0c build/debug/stm32h7xx_hal_rcc_ex.o
 .debug_info    0x000152e3     0x263b build/debug/stm32h7xx_hal_sd.o
 .debug_info    0x0001791e     0x1a6b build/debug/stm32h7xx_hal_spi.o
 .debug_info    0x00019389     0x3e18 build/debug/stm32h7xx_hal_tim.o
 .debug_info    0x0001d1a1     0x1e6b build/debug/stm32h7xx_hal_tim_ex.o
 .debug_info    0x0001f00c     0x655d build/debug/stm32h7xx_hal_uart.o
 .debug_info    0x00025569     0x1226 build/debug/stm32h7xx_hal_uart_ex.o
 .debug_info    0x0002678f      0x6ca build/debug/stm32h7xx_it.o
 .debug_info    0x00026e59     0x1e7c build/debug/stm32h7xx_ll_sdmmc.o
 .debug_info    0x00028cd5     0x1f0d build/debug/stm32h7xx_ll_usb.o
 .debug_info    0x0002abe2      0xddb build/debug/system_stm32h7xx.o
 .debug_info    0x0002b9bd     0x2ad7 build/debug/usbd_conf.o
 .debug_info    0x0002e494     0x1325 build/debug/usbd_core.o
 .debug_info    0x0002f7b9     0x1466 build/debug/usbd_ctlreq.o
 .debug_info    0x00030c1f      0x904 build/debug/usbd_ioreq.o
 .debug_info    0x00031523       0x30 build/debug/startup_stm32h743xx.o
 .debug_info    0x00031553       0x24 c:/Users/Nathan/AppData/Roaming/Code/User/globalStorage/bmd.stm32-for-vscode/@xpack-dev-tools/arm-none-eabi-gcc/14.2.1-1.1.1/.content/bin/../lib/gcc/arm-none-eabi/14.2.1/thumb/v7e-m+dp/hard\libgcc.a(_aeabi_uldivmod.o)
 .debug_info    0x00031577      0x703 c:/Users/Nathan/AppData/Roaming/Code/User/globalStorage/bmd.stm32-for-vscode/@xpack-dev-tools/arm-none-eabi-gcc/14.2.1-1.1.1/.content/bin/../lib/gcc/arm-none-eabi/14.2.1/thumb/v7e-m+dp/hard\libgcc.a(_udivmoddi4.o)
 .debug_info    0x00031c7a       0x3c c:/Users/Nathan/AppData/Roaming/Code/User/globalStorage/bmd.stm32-for-vscode/@xpack-dev-tools/arm-none-eabi-gcc/14.2.1-1.1.1/.content/bin/../lib/gcc/arm-none-eabi/14.2.1/thumb/v7e-m+dp/hard\libgcc.a(_dvmd_tls.o)

.debug_abbrev   0x00000000     0x48f2
 .debug_abbrev  0x00000000      0x18f build/debug/athena.o
 .debug_abbrev  0x0000018f      0x316 build/debug/main.o
 .debug_abbrev  0x000004a5      0x2ba build/debug/stm32h7xx_hal.o
 .debug_abbrev  0x0000075f      0x3ad build/debug/stm32h7xx_hal_cortex.o
 .debug_abbrev  0x00000b0c      0x2be build/debug/stm32h7xx_hal_fdcan.o
 .debug_abbrev  0x00000dca      0x255 build/debug/stm32h7xx_hal_gpio.o
 .debug_abbrev  0x0000101f      0x295 build/debug/stm32h7xx_hal_msp.o
 .debug_abbrev  0x000012b4      0x2fa build/debug/stm32h7xx_hal_pcd.o
 .debug_abbrev  0x000015ae      0x2ad build/debug/stm32h7xx_hal_pcd_ex.o
 .debug_abbrev  0x0000185b      0x2c7 build/debug/stm32h7xx_hal_pwr_ex.o
 .debug_abbrev  0x00001b22      0x248 build/debug/stm32h7xx_hal_qspi.o
 .debug_abbrev  0x00001d6a      0x2ad build/debug/stm32h7xx_hal_rcc.o
 .debug_abbrev  0x00002017      0x282 build/debug/stm32h7xx_hal_rcc_ex.o
 .debug_abbrev  0x00002299      0x29f build/debug/stm32h7xx_hal_sd.o
 .debug_abbrev  0x00002538      0x29f build/debug/stm32h7xx_hal_spi.o
 .debug_abbrev  0x000027d7      0x26f build/debug/stm32h7xx_hal_tim.o
 .debug_abbrev  0x00002a46      0x26d build/debug/stm32h7xx_hal_tim_ex.o
 .debug_abbrev  0x00002cb3      0x37a build/debug/stm32h7xx_hal_uart.o
 .debug_abbrev  0x0000302d      0x343 build/debug/stm32h7xx_hal_uart_ex.o
 .debug_abbrev  0x00003370      0x1ad build/debug/stm32h7xx_it.o
 .debug_abbrev  0x0000351d      0x249 build/debug/stm32h7xx_ll_sdmmc.o
 .debug_abbrev  0x00003766      0x329 build/debug/stm32h7xx_ll_usb.o
 .debug_abbrev  0x00003a8f      0x169 build/debug/system_stm32h7xx.o
 .debug_abbrev  0x00003bf8      0x346 build/debug/usbd_conf.o
 .debug_abbrev  0x00003f3e      0x2f9 build/debug/usbd_core.o
 .debug_abbrev  0x00004237      0x343 build/debug/usbd_ctlreq.o
 .debug_abbrev  0x0000457a      0x1b0 build/debug/usbd_ioreq.o
 .debug_abbrev  0x0000472a       0x24 build/debug/startup_stm32h743xx.o
 .debug_abbrev  0x0000474e       0x14 c:/Users/Nathan/AppData/Roaming/Code/User/globalStorage/bmd.stm32-for-vscode/@xpack-dev-tools/arm-none-eabi-gcc/14.2.1-1.1.1/.content/bin/../lib/gcc/arm-none-eabi/14.2.1/thumb/v7e-m+dp/hard\libgcc.a(_aeabi_uldivmod.o)
 .debug_abbrev  0x00004762      0x16a c:/Users/Nathan/AppData/Roaming/Code/User/globalStorage/bmd.stm32-for-vscode/@xpack-dev-tools/arm-none-eabi-gcc/14.2.1-1.1.1/.content/bin/../lib/gcc/arm-none-eabi/14.2.1/thumb/v7e-m+dp/hard\libgcc.a(_udivmoddi4.o)
 .debug_abbrev  0x000048cc       0x26 c:/Users/Nathan/AppData/Roaming/Code/User/globalStorage/bmd.stm32-for-vscode/@xpack-dev-tools/arm-none-eabi-gcc/14.2.1-1.1.1/.content/bin/../lib/gcc/arm-none-eabi/14.2.1/thumb/v7e-m+dp/hard\libgcc.a(_dvmd_tls.o)

.debug_loclists
                0x00000000    0x18c0d
 .debug_loclists
                0x00000000      0x110 build/debug/athena.o
 .debug_loclists
                0x00000110      0x2df build/debug/stm32h7xx_hal.o
 .debug_loclists
                0x000003ef      0x50a build/debug/stm32h7xx_hal_cortex.o
 .debug_loclists
                0x000008f9     0x275a build/debug/stm32h7xx_hal_fdcan.o
 .debug_loclists
                0x00003053      0x2a0 build/debug/stm32h7xx_hal_gpio.o
 .debug_loclists
                0x000032f3      0x2d4 build/debug/stm32h7xx_hal_msp.o
 .debug_loclists
                0x000035c7      0xd74 build/debug/stm32h7xx_hal_pcd.o
 .debug_loclists
                0x0000433b      0x18e build/debug/stm32h7xx_hal_pcd_ex.o
 .debug_loclists
                0x000044c9      0x340 build/debug/stm32h7xx_hal_pwr_ex.o
 .debug_loclists
                0x00004809      0xda5 build/debug/stm32h7xx_hal_qspi.o
 .debug_loclists
                0x000055ae      0x649 build/debug/stm32h7xx_hal_rcc.o
 .debug_loclists
                0x00005bf7     0x15cc build/debug/stm32h7xx_hal_rcc_ex.o
 .debug_loclists
                0x000071c3     0x1877 build/debug/stm32h7xx_hal_sd.o
 .debug_loclists
                0x00008a3a     0x12a1 build/debug/stm32h7xx_hal_spi.o
 .debug_loclists
                0x00009cdb     0x3bf0 build/debug/stm32h7xx_hal_tim.o
 .debug_loclists
                0x0000d8cb     0x19f5 build/debug/stm32h7xx_hal_tim_ex.o
 .debug_loclists
                0x0000f2c0     0x3868 build/debug/stm32h7xx_hal_uart.o
 .debug_loclists
                0x00012b28      0x7dc build/debug/stm32h7xx_hal_uart_ex.o
 .debug_loclists
                0x00013304      0xed2 build/debug/stm32h7xx_ll_sdmmc.o
 .debug_loclists
                0x000141d6     0x18c8 build/debug/stm32h7xx_ll_usb.o
 .debug_loclists
                0x00015a9e      0x120 build/debug/system_stm32h7xx.o
 .debug_loclists
                0x00015bbe      0x8d6 build/debug/usbd_conf.o
 .debug_loclists
                0x00016494      0x9c6 build/debug/usbd_core.o
 .debug_loclists
                0x00016e5a     0x108a build/debug/usbd_ctlreq.o
 .debug_loclists
                0x00017ee4      0x214 build/debug/usbd_ioreq.o
 .debug_loclists
                0x000180f8      0xb15 c:/Users/Nathan/AppData/Roaming/Code/User/globalStorage/bmd.stm32-for-vscode/@xpack-dev-tools/arm-none-eabi-gcc/14.2.1-1.1.1/.content/bin/../lib/gcc/arm-none-eabi/14.2.1/thumb/v7e-m+dp/hard\libgcc.a(_udivmoddi4.o)

.debug_aranges  0x00000000     0x1fe8
 .debug_aranges
                0x00000000       0x38 build/debug/athena.o
 .debug_aranges
                0x00000038       0x90 build/debug/main.o
 .debug_aranges
                0x000000c8      0x198 build/debug/stm32h7xx_hal.o
 .debug_aranges
                0x00000260       0xf8 build/debug/stm32h7xx_hal_cortex.o
 .debug_aranges
                0x00000358      0x338 build/debug/stm32h7xx_hal_fdcan.o
 .debug_aranges
                0x00000690       0x58 build/debug/stm32h7xx_hal_gpio.o
 .debug_aranges
                0x000006e8       0x80 build/debug/stm32h7xx_hal_msp.o
 .debug_aranges
                0x00000768      0x140 build/debug/stm32h7xx_hal_pcd.o
 .debug_aranges
                0x000008a8       0x60 build/debug/stm32h7xx_hal_pcd_ex.o
 .debug_aranges
                0x00000908      0x158 build/debug/stm32h7xx_hal_pwr_ex.o
 .debug_aranges
                0x00000a60      0x148 build/debug/stm32h7xx_hal_qspi.o
 .debug_aranges
                0x00000ba8       0x88 build/debug/stm32h7xx_hal_rcc.o
 .debug_aranges
                0x00000c30       0xf8 build/debug/stm32h7xx_hal_rcc_ex.o
 .debug_aranges
                0x00000d28      0x170 build/debug/stm32h7xx_hal_sd.o
 .debug_aranges
                0x00000e98      0x1a8 build/debug/stm32h7xx_hal_spi.o
 .debug_aranges
                0x00001040      0x3e0 build/debug/stm32h7xx_hal_tim.o
 .debug_aranges
                0x00001420      0x188 build/debug/stm32h7xx_hal_tim_ex.o
 .debug_aranges
                0x000015a8      0x248 build/debug/stm32h7xx_hal_uart.o
 .debug_aranges
                0x000017f0       0xa8 build/debug/stm32h7xx_hal_uart_ex.o
 .debug_aranges
                0x00001898       0x68 build/debug/stm32h7xx_it.o
 .debug_aranges
                0x00001900      0x1d0 build/debug/stm32h7xx_ll_sdmmc.o
 .debug_aranges
                0x00001ad0      0x1a0 build/debug/stm32h7xx_ll_usb.o
 .debug_aranges
                0x00001c70       0x30 build/debug/system_stm32h7xx.o
 .debug_aranges
                0x00001ca0      0x110 build/debug/usbd_conf.o
 .debug_aranges
                0x00001db0       0xd8 build/debug/usbd_core.o
 .debug_aranges
                0x00001e88       0x88 build/debug/usbd_ctlreq.o
 .debug_aranges
                0x00001f10       0x50 build/debug/usbd_ioreq.o
 .debug_aranges
                0x00001f60       0x28 build/debug/startup_stm32h743xx.o
 .debug_aranges
                0x00001f88       0x20 c:/Users/Nathan/AppData/Roaming/Code/User/globalStorage/bmd.stm32-for-vscode/@xpack-dev-tools/arm-none-eabi-gcc/14.2.1-1.1.1/.content/bin/../lib/gcc/arm-none-eabi/14.2.1/thumb/v7e-m+dp/hard\libgcc.a(_aeabi_uldivmod.o)
 .debug_aranges
                0x00001fa8       0x20 c:/Users/Nathan/AppData/Roaming/Code/User/globalStorage/bmd.stm32-for-vscode/@xpack-dev-tools/arm-none-eabi-gcc/14.2.1-1.1.1/.content/bin/../lib/gcc/arm-none-eabi/14.2.1/thumb/v7e-m+dp/hard\libgcc.a(_udivmoddi4.o)
 .debug_aranges
                0x00001fc8       0x20 c:/Users/Nathan/AppData/Roaming/Code/User/globalStorage/bmd.stm32-for-vscode/@xpack-dev-tools/arm-none-eabi-gcc/14.2.1-1.1.1/.content/bin/../lib/gcc/arm-none-eabi/14.2.1/thumb/v7e-m+dp/hard\libgcc.a(_dvmd_tls.o)

.debug_rnglists
                0x00000000     0x1940
 .debug_rnglists
                0x00000000       0x26 build/debug/athena.o
 .debug_rnglists
                0x00000026       0x69 build/debug/main.o
 .debug_rnglists
                0x0000008f      0x12f build/debug/stm32h7xx_hal.o
 .debug_rnglists
                0x000001be       0xb5 build/debug/stm32h7xx_hal_cortex.o
 .debug_rnglists
                0x00000273      0x29a build/debug/stm32h7xx_hal_fdcan.o
 .debug_rnglists
                0x0000050d       0x3f build/debug/stm32h7xx_hal_gpio.o
 .debug_rnglists
                0x0000054c       0x61 build/debug/stm32h7xx_hal_msp.o
 .debug_rnglists
                0x000005ad       0xf1 build/debug/stm32h7xx_hal_pcd.o
 .debug_rnglists
                0x0000069e       0x44 build/debug/stm32h7xx_hal_pcd_ex.o
 .debug_rnglists
                0x000006e2      0x133 build/debug/stm32h7xx_hal_pwr_ex.o
 .debug_rnglists
                0x00000815      0x100 build/debug/stm32h7xx_hal_qspi.o
 .debug_rnglists
                0x00000915       0xaa build/debug/stm32h7xx_hal_rcc.o
 .debug_rnglists
                0x000009bf       0xbf build/debug/stm32h7xx_hal_rcc_ex.o
 .debug_rnglists
                0x00000a7e      0x123 build/debug/stm32h7xx_hal_sd.o
 .debug_rnglists
                0x00000ba1      0x147 build/debug/stm32h7xx_hal_spi.o
 .debug_rnglists
                0x00000ce8      0x314 build/debug/stm32h7xx_hal_tim.o
 .debug_rnglists
                0x00000ffc      0x137 build/debug/stm32h7xx_hal_tim_ex.o
 .debug_rnglists
                0x00001133      0x1cb build/debug/stm32h7xx_hal_uart.o
 .debug_rnglists
                0x000012fe       0x88 build/debug/stm32h7xx_hal_uart_ex.o
 .debug_rnglists
                0x00001386       0x49 build/debug/stm32h7xx_it.o
 .debug_rnglists
                0x000013cf      0x15a build/debug/stm32h7xx_ll_sdmmc.o
 .debug_rnglists
                0x00001529      0x141 build/debug/stm32h7xx_ll_usb.o
 .debug_rnglists
                0x0000166a       0x21 build/debug/system_stm32h7xx.o
 .debug_rnglists
                0x0000168b       0xc8 build/debug/usbd_conf.o
 .debug_rnglists
                0x00001753       0x9f build/debug/usbd_core.o
 .debug_rnglists
                0x000017f2       0x65 build/debug/usbd_ctlreq.o
 .debug_rnglists
                0x00001857       0x37 build/debug/usbd_ioreq.o
 .debug_rnglists
                0x0000188e       0x19 build/debug/startup_stm32h743xx.o
 .debug_rnglists
                0x000018a7       0x99 c:/Users/Nathan/AppData/Roaming/Code/User/globalStorage/bmd.stm32-for-vscode/@xpack-dev-tools/arm-none-eabi-gcc/14.2.1-1.1.1/.content/bin/../lib/gcc/arm-none-eabi/14.2.1/thumb/v7e-m+dp/hard\libgcc.a(_udivmoddi4.o)

.debug_line     0x00000000    0x25c87
 .debug_line    0x00000000      0x3ed build/debug/athena.o
 .debug_line    0x000003ed      0xe42 build/debug/main.o
 .debug_line    0x0000122f      0x986 build/debug/stm32h7xx_hal.o
 .debug_line    0x00001bb5      0x8d5 build/debug/stm32h7xx_hal_cortex.o
 .debug_line    0x0000248a     0x343a build/debug/stm32h7xx_hal_fdcan.o
 .debug_line    0x000058c4      0x7b1 build/debug/stm32h7xx_hal_gpio.o
 .debug_line    0x00006075      0xa89 build/debug/stm32h7xx_hal_msp.o
 .debug_line    0x00006afe     0x14d9 build/debug/stm32h7xx_hal_pcd.o
 .debug_line    0x00007fd7      0x55a build/debug/stm32h7xx_hal_pcd_ex.o
 .debug_line    0x00008531      0xbbe build/debug/stm32h7xx_hal_pwr_ex.o
 .debug_line    0x000090ef     0x14f6 build/debug/stm32h7xx_hal_qspi.o
 .debug_line    0x0000a5e5     0x14cc build/debug/stm32h7xx_hal_rcc.o
 .debug_line    0x0000bab1     0x20f1 build/debug/stm32h7xx_hal_rcc_ex.o
 .debug_line    0x0000dba2     0x2a84 build/debug/stm32h7xx_hal_sd.o
 .debug_line    0x00010626     0x2794 build/debug/stm32h7xx_hal_spi.o
 .debug_line    0x00012dba     0x4acc build/debug/stm32h7xx_hal_tim.o
 .debug_line    0x00017886     0x1d16 build/debug/stm32h7xx_hal_tim_ex.o
 .debug_line    0x0001959c     0x5156 build/debug/stm32h7xx_hal_uart.o
 .debug_line    0x0001e6f2      0xb12 build/debug/stm32h7xx_hal_uart_ex.o
 .debug_line    0x0001f204      0x33a build/debug/stm32h7xx_it.o
 .debug_line    0x0001f53e     0x1526 build/debug/stm32h7xx_ll_sdmmc.o
 .debug_line    0x00020a64     0x1f94 build/debug/stm32h7xx_ll_usb.o
 .debug_line    0x000229f8      0x585 build/debug/system_stm32h7xx.o
 .debug_line    0x00022f7d      0x948 build/debug/usbd_conf.o
 .debug_line    0x000238c5      0xb69 build/debug/usbd_core.o
 .debug_line    0x0002442e      0xdd5 build/debug/usbd_ctlreq.o
 .debug_line    0x00025203      0x350 build/debug/usbd_ioreq.o
 .debug_line    0x00025553       0x77 build/debug/startup_stm32h743xx.o
 .debug_line    0x000255ca       0x4e c:/Users/Nathan/AppData/Roaming/Code/User/globalStorage/bmd.stm32-for-vscode/@xpack-dev-tools/arm-none-eabi-gcc/14.2.1-1.1.1/.content/bin/../lib/gcc/arm-none-eabi/14.2.1/thumb/v7e-m+dp/hard\libgcc.a(_aeabi_uldivmod.o)
 .debug_line    0x00025618      0x625 c:/Users/Nathan/AppData/Roaming/Code/User/globalStorage/bmd.stm32-for-vscode/@xpack-dev-tools/arm-none-eabi-gcc/14.2.1-1.1.1/.content/bin/../lib/gcc/arm-none-eabi/14.2.1/thumb/v7e-m+dp/hard\libgcc.a(_udivmoddi4.o)
 .debug_line    0x00025c3d       0x4a c:/Users/Nathan/AppData/Roaming/Code/User/globalStorage/bmd.stm32-for-vscode/@xpack-dev-tools/arm-none-eabi-gcc/14.2.1-1.1.1/.content/bin/../lib/gcc/arm-none-eabi/14.2.1/thumb/v7e-m+dp/hard\libgcc.a(_dvmd_tls.o)

.debug_str      0x00000000     0xb918
 .debug_str     0x00000000     0xb918 build/debug/athena.o
                                0x309 (size before relaxing)
 .debug_str     0x0000b918     0x210e build/debug/main.o
 .debug_str     0x0000b918     0x14a5 build/debug/stm32h7xx_hal.o
 .debug_str     0x0000b918     0x106b build/debug/stm32h7xx_hal_cortex.o
 .debug_str     0x0000b918     0x1d97 build/debug/stm32h7xx_hal_fdcan.o
 .debug_str     0x0000b918      0x6bf build/debug/stm32h7xx_hal_gpio.o
 .debug_str     0x0000b918     0x1f0f build/debug/stm32h7xx_hal_msp.o
 .debug_str     0x0000b918      0xe37 build/debug/stm32h7xx_hal_pcd.o
 .debug_str     0x0000b918      0x823 build/debug/stm32h7xx_hal_pcd_ex.o
 .debug_str     0x0000b918      0xa34 build/debug/stm32h7xx_hal_pwr_ex.o
 .debug_str     0x0000b918      0xc50 build/debug/stm32h7xx_hal_qspi.o
 .debug_str     0x0000b918      0xa05 build/debug/stm32h7xx_hal_rcc.o
 .debug_str     0x0000b918      0xf10 build/debug/stm32h7xx_hal_rcc_ex.o
 .debug_str     0x0000b918     0x1017 build/debug/stm32h7xx_hal_sd.o
 .debug_str     0x0000b918      0xdbf build/debug/stm32h7xx_hal_spi.o
 .debug_str     0x0000b918     0x1854 build/debug/stm32h7xx_hal_tim.o
 .debug_str     0x0000b918     0x117c build/debug/stm32h7xx_hal_tim_ex.o
 .debug_str     0x0000b918     0x149e build/debug/stm32h7xx_hal_uart.o
 .debug_str     0x0000b918      0xb92 build/debug/stm32h7xx_hal_uart_ex.o
 .debug_str     0x0000b918      0x6a8 build/debug/stm32h7xx_it.o
 .debug_str     0x0000b918      0x936 build/debug/stm32h7xx_ll_sdmmc.o
 .debug_str     0x0000b918      0xd7f build/debug/stm32h7xx_ll_usb.o
 .debug_str     0x0000b918      0x759 build/debug/system_stm32h7xx.o
 .debug_str     0x0000b918     0x1ef3 build/debug/usbd_conf.o
 .debug_str     0x0000b918      0x9ff build/debug/usbd_core.o
 .debug_str     0x0000b918      0x809 build/debug/usbd_ctlreq.o
 .debug_str     0x0000b918      0x6de build/debug/usbd_ioreq.o
 .debug_str     0x0000b918       0x67 build/debug/startup_stm32h743xx.o
 .debug_str     0x0000b918      0x13a c:/Users/Nathan/AppData/Roaming/Code/User/globalStorage/bmd.stm32-for-vscode/@xpack-dev-tools/arm-none-eabi-gcc/14.2.1-1.1.1/.content/bin/../lib/gcc/arm-none-eabi/14.2.1/thumb/v7e-m+dp/hard\libgcc.a(_aeabi_uldivmod.o)
 .debug_str     0x0000b918      0x756 c:/Users/Nathan/AppData/Roaming/Code/User/globalStorage/bmd.stm32-for-vscode/@xpack-dev-tools/arm-none-eabi-gcc/14.2.1-1.1.1/.content/bin/../lib/gcc/arm-none-eabi/14.2.1/thumb/v7e-m+dp/hard\libgcc.a(_udivmoddi4.o)
 .debug_str     0x0000b918      0x15a c:/Users/Nathan/AppData/Roaming/Code/User/globalStorage/bmd.stm32-for-vscode/@xpack-dev-tools/arm-none-eabi-gcc/14.2.1-1.1.1/.content/bin/../lib/gcc/arm-none-eabi/14.2.1/thumb/v7e-m+dp/hard\libgcc.a(_dvmd_tls.o)

.debug_frame    0x00000000     0x55a4
 .debug_frame   0x00000000       0x94 build/debug/athena.o
 .debug_frame   0x00000094      0x19c build/debug/main.o
 .debug_frame   0x00000230      0x360 build/debug/stm32h7xx_hal.o
 .debug_frame   0x00000590      0x214 build/debug/stm32h7xx_hal_cortex.o
 .debug_frame   0x000007a4      0x7a4 build/debug/stm32h7xx_hal_fdcan.o
 .debug_frame   0x00000f48       0xd4 build/debug/stm32h7xx_hal_gpio.o
 .debug_frame   0x0000101c      0x19c build/debug/stm32h7xx_hal_msp.o
 .debug_frame   0x000011b8      0x378 build/debug/stm32h7xx_hal_pcd.o
 .debug_frame   0x00001530       0xb8 build/debug/stm32h7xx_hal_pcd_ex.o
 .debug_frame   0x000015e8      0x2f4 build/debug/stm32h7xx_hal_pwr_ex.o
 .debug_frame   0x000018dc      0x3d8 build/debug/stm32h7xx_hal_qspi.o
 .debug_frame   0x00001cb4      0x18c build/debug/stm32h7xx_hal_rcc.o
 .debug_frame   0x00001e40      0x284 build/debug/stm32h7xx_hal_rcc_ex.o
 .debug_frame   0x000020c4      0x4c0 build/debug/stm32h7xx_hal_sd.o
 .debug_frame   0x00002584      0x490 build/debug/stm32h7xx_hal_spi.o
 .debug_frame   0x00002a14      0xb74 build/debug/stm32h7xx_hal_tim.o
 .debug_frame   0x00003588      0x494 build/debug/stm32h7xx_hal_tim_ex.o
 .debug_frame   0x00003a1c      0x680 build/debug/stm32h7xx_hal_uart.o
 .debug_frame   0x0000409c      0x1c8 build/debug/stm32h7xx_hal_uart_ex.o
 .debug_frame   0x00004264       0xc0 build/debug/stm32h7xx_it.o
 .debug_frame   0x00004324      0x5e0 build/debug/stm32h7xx_ll_sdmmc.o
 .debug_frame   0x00004904      0x498 build/debug/stm32h7xx_ll_usb.o
 .debug_frame   0x00004d9c       0x50 build/debug/system_stm32h7xx.o
 .debug_frame   0x00004dec      0x2e4 build/debug/usbd_conf.o
 .debug_frame   0x000050d0      0x23c build/debug/usbd_core.o
 .debug_frame   0x0000530c      0x180 build/debug/usbd_ctlreq.o
 .debug_frame   0x0000548c       0xb8 build/debug/usbd_ioreq.o
 .debug_frame   0x00005544       0x2c c:/Users/Nathan/AppData/Roaming/Code/User/globalStorage/bmd.stm32-for-vscode/@xpack-dev-tools/arm-none-eabi-gcc/14.2.1-1.1.1/.content/bin/../lib/gcc/arm-none-eabi/14.2.1/thumb/v7e-m+dp/hard\libgcc.a(_aeabi_uldivmod.o)
 .debug_frame   0x00005570       0x34 c:/Users/Nathan/AppData/Roaming/Code/User/globalStorage/bmd.stm32-for-vscode/@xpack-dev-tools/arm-none-eabi-gcc/14.2.1-1.1.1/.content/bin/../lib/gcc/arm-none-eabi/14.2.1/thumb/v7e-m+dp/hard\libgcc.a(_udivmoddi4.o)

.debug_line_str
                0x00000000      0x183
 .debug_line_str
                0x00000000      0x183 build/debug/startup_stm32h743xx.o
                                 0x4b (size before relaxing)
 .debug_line_str
                0x00000183      0x12c c:/Users/Nathan/AppData/Roaming/Code/User/globalStorage/bmd.stm32-for-vscode/@xpack-dev-tools/arm-none-eabi-gcc/14.2.1-1.1.1/.content/bin/../lib/gcc/arm-none-eabi/14.2.1/thumb/v7e-m+dp/hard\libgcc.a(_aeabi_uldivmod.o)
 .debug_line_str
                0x00000183      0x130 c:/Users/Nathan/AppData/Roaming/Code/User/globalStorage/bmd.stm32-for-vscode/@xpack-dev-tools/arm-none-eabi-gcc/14.2.1-1.1.1/.content/bin/../lib/gcc/arm-none-eabi/14.2.1/thumb/v7e-m+dp/hard\libgcc.a(_dvmd_tls.o)

Cross Reference Table

Symbol                                            File
ADC3_IRQHandler                                   build/debug/startup_stm32h743xx.o
ADC_IRQHandler                                    build/debug/startup_stm32h743xx.o
Athena_Init                                       build/debug/athena.o
                                                  build/debug/main.o
BDMA_Channel0_IRQHandler                          build/debug/startup_stm32h743xx.o
BDMA_Channel1_IRQHandler                          build/debug/startup_stm32h743xx.o
BDMA_Channel2_IRQHandler                          build/debug/startup_stm32h743xx.o
BDMA_Channel3_IRQHandler                          build/debug/startup_stm32h743xx.o
BDMA_Channel4_IRQHandler                          build/debug/startup_stm32h743xx.o
BDMA_Channel5_IRQHandler                          build/debug/startup_stm32h743xx.o
BDMA_Channel6_IRQHandler                          build/debug/startup_stm32h743xx.o
BDMA_Channel7_IRQHandler                          build/debug/startup_stm32h743xx.o
BusFault_Handler                                  build/debug/stm32h7xx_it.o
CDC_Transmit_FS                                   build/debug/usbd_cdc_if.o
                                                  build/debug/athena.o
CEC_IRQHandler                                    build/debug/startup_stm32h743xx.o
COMP1_IRQHandler                                  build/debug/startup_stm32h743xx.o
CRS_IRQHandler                                    build/debug/startup_stm32h743xx.o
D1CorePrescTable                                  build/debug/system_stm32h7xx.o
                                                  build/debug/stm32h7xx_hal_rcc_ex.o
                                                  build/debug/stm32h7xx_hal_rcc.o
                                                  build/debug/stm32h7xx_hal.o
DCMI_IRQHandler                                   build/debug/startup_stm32h743xx.o
DFSDM1_FLT0_IRQHandler                            build/debug/startup_stm32h743xx.o
DFSDM1_FLT1_IRQHandler                            build/debug/startup_stm32h743xx.o
DFSDM1_FLT2_IRQHandler                            build/debug/startup_stm32h743xx.o
DFSDM1_FLT3_IRQHandler                            build/debug/startup_stm32h743xx.o
DMA1_Stream0_IRQHandler                           build/debug/startup_stm32h743xx.o
DMA1_Stream1_IRQHandler                           build/debug/startup_stm32h743xx.o
DMA1_Stream2_IRQHandler                           build/debug/startup_stm32h743xx.o
DMA1_Stream3_IRQHandler                           build/debug/startup_stm32h743xx.o
DMA1_Stream4_IRQHandler                           build/debug/startup_stm32h743xx.o
DMA1_Stream5_IRQHandler                           build/debug/startup_stm32h743xx.o
DMA1_Stream6_IRQHandler                           build/debug/startup_stm32h743xx.o
DMA1_Stream7_IRQHandler                           build/debug/startup_stm32h743xx.o
DMA2D_IRQHandler                                  build/debug/startup_stm32h743xx.o
DMA2_Stream0_IRQHandler                           build/debug/startup_stm32h743xx.o
DMA2_Stream1_IRQHandler                           build/debug/startup_stm32h743xx.o
DMA2_Stream2_IRQHandler                           build/debug/startup_stm32h743xx.o
DMA2_Stream3_IRQHandler                           build/debug/startup_stm32h743xx.o
DMA2_Stream4_IRQHandler                           build/debug/startup_stm32h743xx.o
DMA2_Stream5_IRQHandler                           build/debug/startup_stm32h743xx.o
DMA2_Stream6_IRQHandler                           build/debug/startup_stm32h743xx.o
DMA2_Stream7_IRQHandler                           build/debug/startup_stm32h743xx.o
DMAMUX1_OVR_IRQHandler                            build/debug/startup_stm32h743xx.o
DMAMUX2_OVR_IRQHandler                            build/debug/startup_stm32h743xx.o
DebugMon_Handler                                  build/debug/stm32h7xx_it.o
Default_Handler                                   build/debug/startup_stm32h743xx.o
DelayBlock_Configure                              build/debug/stm32h7xx_ll_delayblock.o
DelayBlock_Disable                                build/debug/stm32h7xx_ll_delayblock.o
DelayBlock_Enable                                 build/debug/stm32h7xx_ll_delayblock.o
ECC_IRQHandler                                    build/debug/startup_stm32h743xx.o
ETH_IRQHandler                                    build/debug/startup_stm32h743xx.o
ETH_WKUP_IRQHandler                               build/debug/startup_stm32h743xx.o
EXTI0_IRQHandler                                  build/debug/startup_stm32h743xx.o
EXTI15_10_IRQHandler                              build/debug/startup_stm32h743xx.o
EXTI1_IRQHandler                                  build/debug/startup_stm32h743xx.o
EXTI2_IRQHandler                                  build/debug/startup_stm32h743xx.o
EXTI3_IRQHandler                                  build/debug/startup_stm32h743xx.o