Archive member included to satisfy reference by file (symbol)

c:/Users/Nathan/AppData/Roaming/Code/User/globalStorage/bmd.stm32-for-vscode/@xpack-dev-tools/arm-none-eabi-gcc/14.2.1-1.1.1/.content/bin/../lib/gcc/arm-none-eabi/14.2.1/../../../../arm-none-eabi/lib/thumb/v7e-m+fp/hard\libc_nano.a(libc_a-atexit.o)
                              c:/Users/Nathan/AppData/Roaming/Code/User/globalStorage/bmd.stm32-for-vscode/@xpack-dev-tools/arm-none-eabi-gcc/14.2.1-1.1.1/.content/bin/../lib/gcc/arm-none-eabi/14.2.1/../../../../arm-none-eabi/lib/thumb/v7e-m+fp/hard/crt0.o (atexit)
c:/Users/Nathan/AppData/Roaming/Code/User/globalStorage/bmd.stm32-for-vscode/@xpack-dev-tools/arm-none-eabi-gcc/14.2.1-1.1.1/.content/bin/../lib/gcc/arm-none-eabi/14.2.1/../../../../arm-none-eabi/lib/thumb/v7e-m+fp/hard\libc_nano.a(libc_a-exit.o)
                              c:/Users/Nathan/AppData/Roaming/Code/User/globalStorage/bmd.stm32-for-vscode/@xpack-dev-tools/arm-none-eabi-gcc/14.2.1-1.1.1/.content/bin/../lib/gcc/arm-none-eabi/14.2.1/../../../../arm-none-eabi/lib/thumb/v7e-m+fp/hard/crt0.o (exit)
c:/Users/Nathan/AppData/Roaming/Code/User/globalStorage/bmd.stm32-for-vscode/@xpack-dev-tools/arm-none-eabi-gcc/14.2.1-1.1.1/.content/bin/../lib/gcc/arm-none-eabi/14.2.1/../../../../arm-none-eabi/lib/thumb/v7e-m+fp/hard\libc_nano.a(libc_a-findfp.o)
                              c:/Users/Nathan/AppData/Roaming/Code/User/globalStorage/bmd.stm32-for-vscode/@xpack-dev-tools/arm-none-eabi-gcc/14.2.1-1.1.1/.content/bin/../lib/gcc/arm-none-eabi/14.2.1/../../../../arm-none-eabi/lib/thumb/v7e-m+fp/hard\libc_nano.a(libc_a-exit.o) (__stdio_exit_handler)
c:/Users/Nathan/AppData/Roaming/Code/User/globalStorage/bmd.stm32-for-vscode/@xpack-dev-tools/arm-none-eabi-gcc/14.2.1-1.1.1/.content/bin/../lib/gcc/arm-none-eabi/14.2.1/../../../../arm-none-eabi/lib/thumb/v7e-m+fp/hard\libc_nano.a(libc_a-fwalk.o)
                              c:/Users/Nathan/AppData/Roaming/Code/User/globalStorage/bmd.stm32-for-vscode/@xpack-dev-tools/arm-none-eabi-gcc/14.2.1-1.1.1/.content/bin/../lib/gcc/arm-none-eabi/14.2.1/../../../../arm-none-eabi/lib/thumb/v7e-m+fp/hard\libc_nano.a(libc_a-findfp.o) (_fwalk_sglue)
c:/Users/Nathan/AppData/Roaming/Code/User/globalStorage/bmd.stm32-for-vscode/@xpack-dev-tools/arm-none-eabi-gcc/14.2.1-1.1.1/.content/bin/../lib/gcc/arm-none-eabi/14.2.1/../../../../arm-none-eabi/lib/thumb/v7e-m+fp/hard\libc_nano.a(libc_a-stdio.o)
                              c:/Users/Nathan/AppData/Roaming/Code/User/globalStorage/bmd.stm32-for-vscode/@xpack-dev-tools/arm-none-eabi-gcc/14.2.1-1.1.1/.content/bin/../lib/gcc/arm-none-eabi/14.2.1/../../../../arm-none-eabi/lib/thumb/v7e-m+fp/hard\libc_nano.a(libc_a-findfp.o) (__sread)
c:/Users/Nathan/AppData/Roaming/Code/User/globalStorage/bmd.stm32-for-vscode/@xpack-dev-tools/arm-none-eabi-gcc/14.2.1-1.1.1/.content/bin/../lib/gcc/arm-none-eabi/14.2.1/../../../../arm-none-eabi/lib/thumb/v7e-m+fp/hard\libc_nano.a(libc_a-memset.o)
                              c:/Users/Nathan/AppData/Roaming/Code/User/globalStorage/bmd.stm32-for-vscode/@xpack-dev-tools/arm-none-eabi-gcc/14.2.1-1.1.1/.content/bin/../lib/gcc/arm-none-eabi/14.2.1/../../../../arm-none-eabi/lib/thumb/v7e-m+fp/hard/crt0.o (memset)
c:/Users/Nathan/AppData/Roaming/Code/User/globalStorage/bmd.stm32-for-vscode/@xpack-dev-tools/arm-none-eabi-gcc/14.2.1-1.1.1/.content/bin/../lib/gcc/arm-none-eabi/14.2.1/../../../../arm-none-eabi/lib/thumb/v7e-m+fp/hard\libc_nano.a(libc_a-closer.o)
                              c:/Users/Nathan/AppData/Roaming/Code/User/globalStorage/bmd.stm32-for-vscode/@xpack-dev-tools/arm-none-eabi-gcc/14.2.1-1.1.1/.content/bin/../lib/gcc/arm-none-eabi/14.2.1/../../../../arm-none-eabi/lib/thumb/v7e-m+fp/hard\libc_nano.a(libc_a-stdio.o) (_close_r)
c:/Users/Nathan/AppData/Roaming/Code/User/globalStorage/bmd.stm32-for-vscode/@xpack-dev-tools/arm-none-eabi-gcc/14.2.1-1.1.1/.content/bin/../lib/gcc/arm-none-eabi/14.2.1/../../../../arm-none-eabi/lib/thumb/v7e-m+fp/hard\libc_nano.a(libc_a-reent.o)
                              c:/Users/Nathan/AppData/Roaming/Code/User/globalStorage/bmd.stm32-for-vscode/@xpack-dev-tools/arm-none-eabi-gcc/14.2.1-1.1.1/.content/bin/../lib/gcc/arm-none-eabi/14.2.1/../../../../arm-none-eabi/lib/thumb/v7e-m+fp/hard\libc_nano.a(libc_a-closer.o) (errno)
c:/Users/Nathan/AppData/Roaming/Code/User/globalStorage/bmd.stm32-for-vscode/@xpack-dev-tools/arm-none-eabi-gcc/14.2.1-1.1.1/.content/bin/../lib/gcc/arm-none-eabi/14.2.1/../../../../arm-none-eabi/lib/thumb/v7e-m+fp/hard\libc_nano.a(libc_a-impure.o)
                              c:/Users/Nathan/AppData/Roaming/Code/User/globalStorage/bmd.stm32-for-vscode/@xpack-dev-tools/arm-none-eabi-gcc/14.2.1-1.1.1/.content/bin/../lib/gcc/arm-none-eabi/14.2.1/../../../../arm-none-eabi/lib/thumb/v7e-m+fp/hard\libc_nano.a(libc_a-reent.o) (_impure_ptr)
[...]
Memory Configuration

Name             Origin             Length             Attributes
RAM              0x20000000         0x00020000         xrw
FLASH            0x08000000         0x00080000         xr
*default*        0x00000000         0xffffffff

Linker script and memory map

LOAD c:/Users/Nathan/AppData/Roaming/Code/User/globalStorage/bmd.stm32-for-vscode/@xpack-dev-tools/arm-none-eabi-gcc/14.2.1-1.1.1/.content/bin/../lib/gcc/arm-none-eabi/14.2.1/thumb/v7e-m+fp/hard/crti.o
LOAD c:/Users/Nathan/AppData/Roaming/Code/User/globalStorage/bmd.stm32-for-vscode/@xpack-dev-tools/arm-none-eabi-gcc/14.2.1-1.1.1/.content/bin/../lib/gcc/arm-none-eabi/14.2.1/thumb/v7e-m+fp/hard/crtbegin.o
LOAD c:/Users/Nathan/AppData/Roaming/Code/User/globalStorage/bmd.stm32-for-vscode/@xpack-dev-tools/arm-none-eabi-gcc/14.2.1-1.1.1/.content/bin/../lib/gcc/arm-none-eabi/14.2.1/../../../../arm-none-eabi/lib/thumb/v7e-m+fp/hard/crt0.o
LOAD build/debug/athena.o
LOAD build/debug/main.o
LOAD build/debug/stm32g4xx_hal.o
LOAD build/debug/stm32g4xx_hal_cortex.o
LOAD build/debug/stm32g4xx_hal_dma.o
LOAD build/debug/stm32g4xx_hal_dma_ex.o
LOAD build/debug/stm32g4xx_hal_exti.o
LOAD build/debug/stm32g4xx_hal_fdcan.o
LOAD build/debug/stm32g4xx_hal_flash.o
LOAD build/debug/stm32g4xx_hal_flash_ex.o
LOAD build/debug/stm32g4xx_hal_flash_ramfunc.o
LOAD build/debug/stm32g4xx_hal_gpio.o
LOAD build/debug/stm32g4xx_hal_i2c.o
LOAD build/debug/stm32g4xx_hal_i2c_ex.o
LOAD build/debug/stm32g4xx_hal_msp.o
LOAD build/debug/stm32g4xx_hal_pcd.o
LOAD build/debug/stm32g4xx_hal_pcd_ex.o
LOAD build/debug/stm32g4xx_hal_pwr.o
LOAD build/debug/stm32g4xx_hal_pwr_ex.o
LOAD build/debug/stm32g4xx_hal_rcc.o
LOAD build/debug/stm32g4xx_hal_rcc_ex.o
LOAD build/debug/stm32g4xx_hal_spi.o
LOAD build/debug/stm32g4xx_hal_spi_ex.o
LOAD build/debug/stm32g4xx_hal_tim.o
LOAD build/debug/stm32g4xx_hal_tim_ex.o
LOAD build/debug/stm32g4xx_hal_uart.o
LOAD build/debug/stm32g4xx_hal_uart_ex.o
LOAD build/debug/stm32g4xx_it.o
LOAD build/debug/stm32g4xx_ll_usb.o
LOAD build/debug/syscalls.o
LOAD build/debug/sysmem.o
LOAD build/debug/system_stm32g4xx.o
LOAD build/debug/startup_stm32g474xx.o
LOAD c:/Users/Nathan/AppData/Roaming/Code/User/globalStorage/bmd.stm32-for-vscode/@xpack-dev-tools/arm-none-eabi-gcc/14.2.1-1.1.1/.content/bin/../lib/gcc/arm-none-eabi/14.2.1/../../../../arm-none-eabi/lib/thumb/v7e-m+fp/hard\libc_nano.a
LOAD c:/Users/Nathan/AppData/Roaming/Code/User/globalStorage/bmd.stm32-for-vscode/@xpack-dev-tools/arm-none-eabi-gcc/14.2.1-1.1.1/.content/bin/../lib/gcc/arm-none-eabi/14.2.1/../../../../arm-none-eabi/lib/thumb/v7e-m+fp/hard\libm.a
LOAD c:/Users/Nathan/AppData/Roaming/Code/User/globalStorage/bmd.stm32-for-vscode/@xpack-dev-tools/arm-none-eabi-gcc/14.2.1-1.1.1/.content/bin/../lib/gcc/arm-none-eabi/14.2.1/../../../../arm-none-eabi/lib/thumb/v7e-m+fp/hard\libnosys.a
START GROUP
LOAD c:/Users/Nathan/AppData/Roaming/Code/User/globalStorage/bmd.stm32-for-vscode/@xpack-dev-tools/arm-none-eabi-gcc/14.2.1-1.1.1/.content/bin/../lib/gcc/arm-none-eabi/14.2.1/thumb/v7e-m+fp/hard\libgcc.a
LOAD c:/Users/Nathan/AppData/Roaming/Code/User/globalStorage/bmd.stm32-for-vscode/@xpack-dev-tools/arm-none-eabi-gcc/14.2.1-1.1.1/.content/bin/../lib/gcc/arm-none-eabi/14.2.1/../../../../arm-none-eabi/lib/thumb/v7e-m+fp/hard\libc_nano.a
END GROUP
START GROUP
LOAD c:/Users/Nathan/AppData/Roaming/Code/User/globalStorage/bmd.stm32-for-vscode/@xpack-dev-tools/arm-none-eabi-gcc/14.2.1-1.1.1/.content/bin/../lib/gcc/arm-none-eabi/14.2.1/thumb/v7e-m+fp/hard\libgcc.a
LOAD c:/Users/Nathan/AppData/Roaming/Code/User/globalStorage/bmd.stm32-for-vscode/@xpack-dev-tools/arm-none-eabi-gcc/14.2.1-1.1.1/.content/bin/../lib/gcc/arm-none-eabi/14.2.1/../../../../arm-none-eabi/lib/thumb/v7e-m+fp/hard\libc_nano.a
END GROUP
LOAD c:/Users/Nathan/AppData/Roaming/Code/User/globalStorage/bmd.stm32-for-vscode/@xpack-dev-tools/arm-none-eabi-gcc/14.2.1-1.1.1/.content/bin/../lib/gcc/arm-none-eabi/14.2.1/thumb/v7e-m+fp/hard/crtend.o
LOAD c:/Users/Nathan/AppData/Roaming/Code/User/globalStorage/bmd.stm32-for-vscode/@xpack-dev-tools/arm-none-eabi-gcc/14.2.1-1.1.1/.content/bin/../lib/gcc/arm-none-eabi/14.2.1/thumb/v7e-m+fp/hard/crtn.o
                0x20020000                        _estack = (ORIGIN (RAM) + LENGTH (RAM))
                0x00000200                        _Min_Heap_Size = 0x200
                0x00000400                        _Min_Stack_Size = 0x400

.isr_vector     0x08000000      0x1d8
                0x08000000                        . = ALIGN (0x4)
 *(.isr_vector)
 .isr_vector    0x08000000      0x1d8 build/debug/startup_stm32g474xx.o
                0x08000000                g_pfnVectors
                0x080001d8                        . = ALIGN (0x4)

.text           0x080001d8     0x113c
                0x080001d8                        . = ALIGN (0x4)
 *(.text)
 *(.text*)
 .text.__do_global_dtors_aux
                0x080001d8       0x24 c:/Users/Nathan/AppData/Roaming/Code/User/globalStorage/bmd.stm32-for-vscode/@xpack-dev-tools/arm-none-eabi-gcc/14.2.1-1.1.1/.content/bin/../lib/gcc/arm-none-eabi/14.2.1/thumb/v7e-m+fp/hard/crtbegin.o
 .text.frame_dummy
                0x080001fc       0x1c c:/Users/Nathan/AppData/Roaming/Code/User/globalStorage/bmd.stm32-for-vscode/@xpack-dev-tools/arm-none-eabi-gcc/14.2.1-1.1.1/.content/bin/../lib/gcc/arm-none-eabi/14.2.1/thumb/v7e-m+fp/hard/crtbegin.o
 .text.Athena_Init
                0x08000218       0x20 build/debug/athena.o
                0x08000218                Athena_Init
 .text.Set_LED_Color
                0x08000238      0x128 build/debug/athena.o
                0x08000238                Set_LED_Color
 .text.LED_Test_Sequence
                0x08000360       0x6c build/debug/athena.o
                0x08000360                LED_Test_Sequence
 .text.MX_GPIO_Init
                0x080003cc      0x124 build/debug/main.o
 .text.Error_Handler
                0x080004f0        0x4 build/debug/main.o
                0x080004f0                Error_Handler
 .text.SystemClock_Config
                0x080004f4       0x76 build/debug/main.o
                0x080004f4                SystemClock_Config
 *fill*         0x0800056a        0x2 
 .text.main     0x0800056c       0x38 build/debug/main.o
                0x0800056c                main
 .text.HAL_InitTick
                0x080005a4       0x50 build/debug/stm32g4xx_hal.o
                0x080005a4                HAL_InitTick
 .text.HAL_Init
                0x080005f4       0x1e build/debug/stm32g4xx_hal.o
                0x080005f4                HAL_Init
 *fill*         0x08000612        0x2 
 .text.HAL_IncTick
                0x08000614       0x18 build/debug/stm32g4xx_hal.o
                0x08000614                HAL_IncTick
 .text.HAL_GetTick
                0x0800062c        0xc build/debug/stm32g4xx_hal.o
                0x0800062c                HAL_GetTick
 .text.HAL_Delay
                0x08000638       0x28 build/debug/stm32g4xx_hal.o
                0x08000638                HAL_Delay
 .text.__NVIC_SetPriority
                0x08000660       0x28 build/debug/stm32g4xx_hal_cortex.o
 .text.NVIC_EncodePriority
                0x08000688       0x3e build/debug/stm32g4xx_hal_cortex.o
 *fill*         0x080006c6        0x2 
 .text.HAL_NVIC_SetPriorityGrouping
                0x080006c8       0x24 build/debug/stm32g4xx_hal_cortex.o
                0x080006c8                HAL_NVIC_SetPriorityGrouping
 .text.HAL_NVIC_SetPriority
                0x080006ec       0x20 build/debug/stm32g4xx_hal_cortex.o
                0x080006ec                HAL_NVIC_SetPriority
 .text.HAL_SYSTICK_Config
                0x0800070c       0x28 build/debug/stm32g4xx_hal_cortex.o
                0x0800070c                HAL_SYSTICK_Config
 .text.HAL_GPIO_Init
                0x08000734      0x1d4 build/debug/stm32g4xx_hal_gpio.o
                0x08000734                HAL_GPIO_Init
 .text.HAL_GPIO_WritePin
                0x08000908        0xa build/debug/stm32g4xx_hal_gpio.o
                0x08000908                HAL_GPIO_WritePin
 *fill*         0x08000912        0x2 
 .text.HAL_MspInit
                0x08000914       0x38 build/debug/stm32g4xx_hal_msp.o
                0x08000914                HAL_MspInit
 .text.HAL_PWREx_ControlVoltageScaling
                0x0800094c      0x10c build/debug/stm32g4xx_hal_pwr_ex.o
                0x0800094c                HAL_PWREx_ControlVoltageScaling
 .text.HAL_PWREx_DisableUCPDDeadBattery
                0x08000a58       0x10 build/debug/stm32g4xx_hal_pwr_ex.o
                0x08000a58                HAL_PWREx_DisableUCPDDeadBattery
 .text.RCC_GetSysClockFreqFromPLLSource
                0x08000a68       0x58 build/debug/stm32g4xx_hal_rcc.o
 .text.HAL_RCC_OscConfig
                0x08000ac0      0x4e4 build/debug/stm32g4xx_hal_rcc.o
                0x08000ac0                HAL_RCC_OscConfig
 .text.HAL_RCC_GetSysClockFreq
                0x08000fa4       0x88 build/debug/stm32g4xx_hal_rcc.o
                0x08000fa4                HAL_RCC_GetSysClockFreq
 .text.HAL_RCC_ClockConfig
                0x0800102c      0x1f8 build/debug/stm32g4xx_hal_rcc.o
                0x0800102c                HAL_RCC_ClockConfig
 .text.NMI_Handler
                0x08001224        0x2 build/debug/stm32g4xx_it.o
                0x08001224                NMI_Handler
 .text.HardFault_Handler
                0x08001226        0x2 build/debug/stm32g4xx_it.o
                0x08001226                HardFault_Handler
 .text.MemManage_Handler
                0x08001228        0x2 build/debug/stm32g4xx_it.o
                0x08001228                MemManage_Handler
 .text.BusFault_Handler
                0x0800122a        0x2 build/debug/stm32g4xx_it.o
                0x0800122a                BusFault_Handler
 .text.UsageFault_Handler
                0x0800122c        0x2 build/debug/stm32g4xx_it.o
                0x0800122c                UsageFault_Handler
 .text.SVC_Handler
                0x0800122e        0x2 build/debug/stm32g4xx_it.o
                0x0800122e                SVC_Handler
 .text.DebugMon_Handler
                0x08001230        0x2 build/debug/stm32g4xx_it.o
                0x08001230                DebugMon_Handler
 .text.PendSV_Handler
                0x08001232        0x2 build/debug/stm32g4xx_it.o
                0x08001232                PendSV_Handler
 .text.SysTick_Handler
                0x08001234        0x8 build/debug/stm32g4xx_it.o
                0x08001234                SysTick_Handler
 .text.SystemInit
                0x0800123c       0x14 build/debug/system_stm32g4xx.o
                0x0800123c                SystemInit
 .text.Reset_Handler
                0x08001250       0x50 build/debug/startup_stm32g474xx.o
                0x08001250                Reset_Handler
 .text.Default_Handler
                0x080012a0        0x2 build/debug/startup_stm32g474xx.o
                0x080012a0                RTC_Alarm_IRQHandler
                0x080012a0                EXTI2_IRQHandler
                0x080012a0                TIM8_TRG_COM_IRQHandler
                0x080012a0                TIM8_CC_IRQHandler
                0x080012a0                HRTIM1_Master_IRQHandler
                0x080012a0                SPI4_IRQHandler
                0x080012a0                FDCAN3_IT0_IRQHandler
                0x080012a0                TIM1_CC_IRQHandler
                0x080012a0                HRTIM1_FLT_IRQHandler
                0x080012a0                HRTIM1_TIMF_IRQHandler
                0x080012a0                USB_HP_IRQHandler
                0x080012a0                CORDIC_IRQHandler
                0x080012a0                HRTIM1_TIMD_IRQHandler
                0x080012a0                DMA2_Channel8_IRQHandler
                0x080012a0                EXTI3_IRQHandler
                0x080012a0                I2C3_ER_IRQHandler
                0x080012a0                EXTI0_IRQHandler
                0x080012a0                I2C2_EV_IRQHandler
                0x080012a0                FPU_IRQHandler
                0x080012a0                FDCAN1_IT1_IRQHandler
                0x080012a0                TIM1_UP_TIM16_IRQHandler
                0x080012a0                ADC1_2_IRQHandler
                0x080012a0                HRTIM1_TIME_IRQHandler
                0x080012a0                SPI1_IRQHandler
                0x080012a0                TIM6_DAC_IRQHandler
                0x080012a0                HRTIM1_TIMC_IRQHandler
                0x080012a0                TIM8_UP_IRQHandler
                0x080012a0                DMA2_Channel2_IRQHandler
                0x080012a0                DMA1_Channel4_IRQHandler
                0x080012a0                TIM20_TRG_COM_IRQHandler
                0x080012a0                USART3_IRQHandler
                0x080012a0                DMA1_Channel7_IRQHandler
                0x080012a0                UART5_IRQHandler
                0x080012a0                ADC3_IRQHandler
                0x080012a0                TIM4_IRQHandler
                0x080012a0                DMA2_Channel1_IRQHandler
                0x080012a0                QUADSPI_IRQHandler
                0x080012a0                I2C1_EV_IRQHandler
                0x080012a0                DMA1_Channel6_IRQHandler
                0x080012a0                UART4_IRQHandler
                0x080012a0                DMA2_Channel4_IRQHandler
                0x080012a0                TIM3_IRQHandler
                0x080012a0                RCC_IRQHandler
                0x080012a0                TIM20_UP_IRQHandler
                0x080012a0                DMA1_Channel1_IRQHandler
                0x080012a0                Default_Handler
                0x080012a0                DMA2_Channel7_IRQHandler
                0x080012a0                RTC_TAMP_LSECSS_IRQHandler
                0x080012a0                FMAC_IRQHandler
                0x080012a0                EXTI15_10_IRQHandler
                0x080012a0                DMA1_Channel8_IRQHandler
                0x080012a0                HRTIM1_TIMA_IRQHandler
                0x080012a0                TIM7_DAC_IRQHandler
                0x080012a0                FDCAN3_IT1_IRQHandler
                0x080012a0                TIM5_IRQHandler
                0x080012a0                UCPD1_IRQHandler
                0x080012a0                I2C3_EV_IRQHandler
                0x080012a0                EXTI9_5_IRQHandler
                0x080012a0                RTC_WKUP_IRQHandler
                0x080012a0                PVD_PVM_IRQHandler
                0x080012a0                SPI2_IRQHandler
                0x080012a0                ADC5_IRQHandler
                0x080012a0                DMA2_Channel5_IRQHandler
                0x080012a0                CRS_IRQHandler
                0x080012a0                DMA1_Channel5_IRQHandler
                0x080012a0                USB_LP_IRQHandler
                0x080012a0                EXTI4_IRQHandler
                0x080012a0                RNG_IRQHandler
                0x080012a0                HRTIM1_TIMB_IRQHandler
                0x080012a0                TIM1_TRG_COM_TIM17_IRQHandler
                0x080012a0                FDCAN2_IT1_IRQHandler
                0x080012a0                DMA1_Channel3_IRQHandler
                0x080012a0                ADC4_IRQHandler
                0x080012a0                WWDG_IRQHandler
                0x080012a0                I2C4_EV_IRQHandler
                0x080012a0                FDCAN2_IT0_IRQHandler
                0x080012a0                LPUART1_IRQHandler
                0x080012a0                DMA2_Channel6_IRQHandler
                0x080012a0                FDCAN1_IT0_IRQHandler
                0x080012a0                TIM2_IRQHandler
                0x080012a0                COMP7_IRQHandler
                0x080012a0                COMP1_2_3_IRQHandler
                0x080012a0                EXTI1_IRQHandler
                0x080012a0                USART2_IRQHandler
                0x080012a0                COMP4_5_6_IRQHandler
                0x080012a0                TIM20_BRK_IRQHandler
                0x080012a0                I2C2_ER_IRQHandler
                0x080012a0                DMA1_Channel2_IRQHandler
                0x080012a0                TIM8_BRK_IRQHandler
                0x080012a0                FLASH_IRQHandler
                0x080012a0                TIM20_CC_IRQHandler
                0x080012a0                USART1_IRQHandler
                0x080012a0                SPI3_IRQHandler
                0x080012a0                I2C1_ER_IRQHandler
                0x080012a0                FMC_IRQHandler
                0x080012a0                LPTIM1_IRQHandler
                0x080012a0                DMAMUX_OVR_IRQHandler
                0x080012a0                I2C4_ER_IRQHandler
                0x080012a0                USBWakeUp_IRQHandler
                0x080012a0                SAI1_IRQHandler
                0x080012a0                DMA2_Channel3_IRQHandler
                0x080012a0                TIM1_BRK_TIM15_IRQHandler
 .text.memset   0x080012a2       0x10 c:/Users/Nathan/AppData/Roaming/Code/User/globalStorage/bmd.stm32-for-vscode/@xpack-dev-tools/arm-none-eabi-gcc/14.2.1-1.1.1/.content/bin/../lib/gcc/arm-none-eabi/14.2.1/../../../../arm-none-eabi/lib/thumb/v7e-m+fp/hard\libc_nano.a(libc_a-memset.o)
                0x080012a2                memset
 *fill*         0x080012b2        0x2 
 .text.__libc_init_array
                0x080012b4       0x48 c:/Users/Nathan/AppData/Roaming/Code/User/globalStorage/bmd.stm32-for-vscode/@xpack-dev-tools/arm-none-eabi-gcc/14.2.1-1.1.1/.content/bin/../lib/gcc/arm-none-eabi/14.2.1/../../../../arm-none-eabi/lib/thumb/v7e-m+fp/hard\libc_nano.a(libc_a-init.o)
                0x080012b4                __libc_init_array
 *(.glue_7)
 .glue_7        0x080012fc        0x0 linker stubs
 *(.glue_7t)
 .glue_7t       0x080012fc        0x0 linker stubs
 *(.eh_frame)
 .eh_frame      0x080012fc        0x0 c:/Users/Nathan/AppData/Roaming/Code/User/globalStorage/bmd.stm32-for-vscode/@xpack-dev-tools/arm-none-eabi-gcc/14.2.1-1.1.1/.content/bin/../lib/gcc/arm-none-eabi/14.2.1/thumb/v7e-m+fp/hard/crtbegin.o
 *(.init)
 .init          0x080012fc        0x4 c:/Users/Nathan/AppData/Roaming/Code/User/globalStorage/bmd.stm32-for-vscode/@xpack-dev-tools/arm-none-eabi-gcc/14.2.1-1.1.1/.content/bin/../lib/gcc/arm-none-eabi/14.2.1/thumb/v7e-m+fp/hard/crti.o
                0x080012fc                _init
 .init          0x08001300        0x8 c:/Users/Nathan/AppData/Roaming/Code/User/globalStorage/bmd.stm32-for-vscode/@xpack-dev-tools/arm-none-eabi-gcc/14.2.1-1.1.1/.content/bin/../lib/gcc/arm-none-eabi/14.2.1/thumb/v7e-m+fp/hard/crtn.o
 *(.fini)
 .fini          0x08001308        0x4 c:/Users/Nathan/AppData/Roaming/Code/User/globalStorage/bmd.stm32-for-vscode/@xpack-dev-tools/arm-none-eabi-gcc/14.2.1-1.1.1/.content/bin/../lib/gcc/arm-none-eabi/14.2.1/thumb/v7e-m+fp/hard/crti.o
                0x08001308                _fini
 .fini          0x0800130c        0x8 c:/Users/Nathan/AppData/Roaming/Code/User/globalStorage/bmd.stm32-for-vscode/@xpack-dev-tools/arm-none-eabi-gcc/14.2.1-1.1.1/.content/bin/../lib/gcc/arm-none-eabi/14.2.1/thumb/v7e-m+fp/hard/crtn.o
                0x08001314                        . = ALIGN (0x4)
                0x08001314                        _etext = .

.vfp11_veneer   0x08001314        0x0
 .vfp11_veneer  0x08001314        0x0 linker stubs

.v4_bx          0x08001314        0x0
 .v4_bx         0x08001314        0x0 linker stubs

.iplt           0x08001314        0x0
 .iplt          0x08001314        0x0 c:/Users/Nathan/AppData/Roaming/Code/User/globalStorage/bmd.stm32-for-vscode/@xpack-dev-tools/arm-none-eabi-gcc/14.2.1-1.1.1/.content/bin/../lib/gcc/arm-none-eabi/14.2.1/thumb/v7e-m+fp/hard/crtbegin.o

.rodata         0x08001314       0x28
                0x08001314                        . = ALIGN (0x4)
 *(.rodata)
 .rodata        0x08001314       0x18 build/debug/main.o
 *(.rodata*)
 .rodata.AHBPrescTable
                0x0800132c       0x10 build/debug/system_stm32g4xx.o
                0x0800132c                AHBPrescTable
                0x0800133c                        . = ALIGN (0x4)

.ARM.extab      0x0800133c        0x0
                0x0800133c                        . = ALIGN (0x4)
 *(.ARM.extab* .gnu.linkonce.armextab.*)
                0x0800133c                        . = ALIGN (0x4)

.ARM            0x0800133c        0x0
                0x0800133c                        . = ALIGN (0x4)
                0x0800133c                        __exidx_start = .
 *(.ARM.exidx*)
                0x0800133c                        __exidx_end = .
                0x0800133c                        . = ALIGN (0x4)

.preinit_array  0x0800133c        0x0
                0x0800133c                        . = ALIGN (0x4)
                0x0800133c                        PROVIDE (__preinit_array_start = .)
 *(.preinit_array*)
                0x0800133c                        PROVIDE (__preinit_array_end = .)
                0x0800133c                        . = ALIGN (0x4)

.init_array     0x0800133c        0x4
                0x0800133c                        . = ALIGN (0x4)
                0x0800133c                        PROVIDE (__init_array_start = .)
 *(SORT_BY_NAME(.init_array.*))
 *(.init_array*)
 .init_array    0x0800133c        0x4 c:/Users/Nathan/AppData/Roaming/Code/User/globalStorage/bmd.stm32-for-vscode/@xpack-dev-tools/arm-none-eabi-gcc/14.2.1-1.1.1/.content/bin/../lib/gcc/arm-none-eabi/14.2.1/thumb/v7e-m+fp/hard/crtbegin.o
                0x08001340                        PROVIDE (__init_array_end = .)
                0x08001340                        . = ALIGN (0x4)

.fini_array     0x08001340        0x4
                0x08001340                        . = ALIGN (0x4)
                0x08001340                        PROVIDE (__fini_array_start = .)
 *(SORT_BY_NAME(.fini_array.*))
 *(.fini_array*)
 .fini_array    0x08001340        0x4 c:/Users/Nathan/AppData/Roaming/Code/User/globalStorage/bmd.stm32-for-vscode/@xpack-dev-tools/arm-none-eabi-gcc/14.2.1-1.1.1/.content/bin/../lib/gcc/arm-none-eabi/14.2.1/thumb/v7e-m+fp/hard/crtbegin.o
                0x08001344                        PROVIDE (__fini_array_end = .)
                0x08001344                        . = ALIGN (0x4)
                0x08001344                        _sidata = LOADADDR (.data)

.rel.dyn        0x08001344        0x0
 .rel.iplt      0x08001344        0x0 c:/Users/Nathan/AppData/Roaming/Code/User/globalStorage/bmd.stm32-for-vscode/@xpack-dev-tools/arm-none-eabi-gcc/14.2.1-1.1.1/.content/bin/../lib/gcc/arm-none-eabi/14.2.1/thumb/v7e-m+fp/hard/crtbegin.o

.data           0x20000000        0xc load address 0x08001344
                0x20000000                        . = ALIGN (0x4)
                0x20000000                        _sdata = .
 *(.data)
 *(.data*)
 .data.uwTickFreq
                0x20000000        0x4 build/debug/stm32g4xx_hal.o
                0x20000000                uwTickFreq
 .data.uwTickPrio
                0x20000004        0x4 build/debug/stm32g4xx_hal.o
                0x20000004                uwTickPrio
 .data.SystemCoreClock
                0x20000008        0x4 build/debug/system_stm32g4xx.o
                0x20000008                SystemCoreClock
 *(.RamFunc)
 *(.RamFunc*)
                0x2000000c                        . = ALIGN (0x4)
                0x2000000c                        _edata = .

.igot.plt       0x2000000c        0x0 load address 0x08001350
 .igot.plt      0x2000000c        0x0 c:/Users/Nathan/AppData/Roaming/Code/User/globalStorage/bmd.stm32-for-vscode/@xpack-dev-tools/arm-none-eabi-gcc/14.2.1-1.1.1/.content/bin/../lib/gcc/arm-none-eabi/14.2.1/thumb/v7e-m+fp/hard/crtbegin.o
                0x2000000c                        . = ALIGN (0x4)

.bss            0x2000000c       0x38 load address 0x08001350
                0x2000000c                        _sbss = .
                0x2000000c                        __bss_start__ = _sbss
 *(.bss)
 *(.bss*)
 .bss.completed.1
                0x2000000c        0x1 c:/Users/Nathan/AppData/Roaming/Code/User/globalStorage/bmd.stm32-for-vscode/@xpack-dev-tools/arm-none-eabi-gcc/14.2.1-1.1.1/.content/bin/../lib/gcc/arm-none-eabi/14.2.1/thumb/v7e-m+fp/hard/crtbegin.o
 *fill*         0x2000000d        0x3 
 .bss.object.0  0x20000010       0x18 c:/Users/Nathan/AppData/Roaming/Code/User/globalStorage/bmd.stm32-for-vscode/@xpack-dev-tools/arm-none-eabi-gcc/14.2.1-1.1.1/.content/bin/../lib/gcc/arm-none-eabi/14.2.1/thumb/v7e-m+fp/hard/crtbegin.o
 .bss.led_config
                0x20000028       0x18 build/debug/athena.o
                0x20000028                led_config
 .bss.uwTick    0x20000040        0x4 build/debug/stm32g4xx_hal.o
                0x20000040                uwTick
 *(COMMON)
                0x20000044                        . = ALIGN (0x4)
                0x20000044                        _ebss = .
                0x20000044                        __bss_end__ = _ebss

._user_heap_stack
                0x20000044      0x604 load address 0x08001350
                0x20000048                        . = ALIGN (0x8)
 *fill*         0x20000044        0x4 
                [!provide]                        PROVIDE (end = .)
                0x20000048                        PROVIDE (_end = .)
                0x20000248                        . = (. + _Min_Heap_Size)
 *fill*         0x20000048      0x200 
                0x20000648                        . = (. + _Min_Stack_Size)
 *fill*         0x20000248      0x400 
                0x20000648                        . = ALIGN (0x8)

/DISCARD/
 libc.a(*)
 libm.a(*)
 libgcc.a(*)
OUTPUT(build/debug/SPU_Firmware.elf elf32-littlearm)
LOAD linker stubs
LOAD c:/Users/Nathan/AppData/Roaming/Code/User/globalStorage/bmd.stm32-for-vscode/@xpack-dev-tools/arm-none-eabi-gcc/14.2.1-1.1.1/.content/bin/../lib/gcc/arm-none-eabi/14.2.1/../../../../arm-none-eabi/lib/thumb/v7e-m+fp/hard\libc.a
LOAD c:/Users/Nathan/AppData/Roaming/Code/User/globalStorage/bmd.stm32-for-vscode/@xpack-dev-tools/arm-none-eabi-gcc/14.2.1-1.1.1/.content/bin/../lib/gcc/arm-none-eabi/14.2.1/../../../../arm-none-eabi/lib/thumb/v7e-m+fp/hard\libm.a
LOAD c:/Users/Nathan/AppData/Roaming/Code/User/globalStorage/bmd.stm32-for-vscode/@xpack-dev-tools/arm-none-eabi-gcc/14.2.1-1.1.1/.content/bin/../lib/gcc/arm-none-eabi/14.2.1/thumb/v7e-m+fp/hard\libgcc.a

.ARM.attributes
                0x00000000       0x30
 .ARM.attributes
                0x00000000       0x22 c:/Users/Nathan/AppData/Roaming/Code/User/globalStorage/bmd.stm32-for-vscode/@xpack-dev-tools/arm-none-eabi-gcc/14.2.1-1.1.1/.content/bin/../lib/gcc/arm-none-eabi/14.2.1/thumb/v7e-m+fp/hard/crti.o
 .ARM.attributes
                0x00000022       0x34 c:/Users/Nathan/AppData/Roaming/Code/User/globalStorage/bmd.stm32-for-vscode/@xpack-dev-tools/arm-none-eabi-gcc/14.2.1-1.1.1/.content/bin/../lib/gcc/arm-none-eabi/14.2.1/thumb/v7e-m+fp/hard/crtbegin.o
 .ARM.attributes
                0x00000056       0x34 build/debug/athena.o
 .ARM.attributes
                0x0000008a       0x34 build/debug/main.o
 .ARM.attributes
                0x000000be       0x34 build/debug/stm32g4xx_hal.o
 .ARM.attributes
                0x000000f2       0x34 build/debug/stm32g4xx_hal_cortex.o
 .ARM.attributes
                0x00000126       0x34 build/debug/stm32g4xx_hal_gpio.o
 .ARM.attributes
                0x0000015a       0x34 build/debug/stm32g4xx_hal_msp.o
 .ARM.attributes
                0x0000018e       0x34 build/debug/stm32g4xx_hal_pwr_ex.o
 .ARM.attributes
                0x000001c2       0x34 build/debug/stm32g4xx_hal_rcc.o
 .ARM.attributes
                0x000001f6       0x34 build/debug/stm32g4xx_it.o
 .ARM.attributes
                0x0000022a       0x34 build/debug/system_stm32g4xx.o
 .ARM.attributes
                0x0000025e       0x21 build/debug/startup_stm32g474xx.o
 .ARM.attributes
                0x0000027f       0x34 c:/Users/Nathan/AppData/Roaming/Code/User/globalStorage/bmd.stm32-for-vscode/@xpack-dev-tools/arm-none-eabi-gcc/14.2.1-1.1.1/.content/bin/../lib/gcc/arm-none-eabi/14.2.1/../../../../arm-none-eabi/lib/thumb/v7e-m+fp/hard\libc_nano.a(libc_a-memset.o)
 .ARM.attributes
                0x000002b3       0x34 c:/Users/Nathan/AppData/Roaming/Code/User/globalStorage/bmd.stm32-for-vscode/@xpack-dev-tools/arm-none-eabi-gcc/14.2.1-1.1.1/.content/bin/../lib/gcc/arm-none-eabi/14.2.1/../../../../arm-none-eabi/lib/thumb/v7e-m+fp/hard\libc_nano.a(libc_a-init.o)
 .ARM.attributes
                0x000002e7       0x22 c:/Users/Nathan/AppData/Roaming/Code/User/globalStorage/bmd.stm32-for-vscode/@xpack-dev-tools/arm-none-eabi-gcc/14.2.1-1.1.1/.content/bin/../lib/gcc/arm-none-eabi/14.2.1/thumb/v7e-m+fp/hard/crtn.o

.comment        0x00000000       0x39
 .comment       0x00000000       0x39 c:/Users/Nathan/AppData/Roaming/Code/User/globalStorage/bmd.stm32-for-vscode/@xpack-dev-tools/arm-none-eabi-gcc/14.2.1-1.1.1/.content/bin/../lib/gcc/arm-none-eabi/14.2.1/thumb/v7e-m+fp/hard/crtbegin.o
                                 0x3a (size before relaxing)
 .comment       0x00000039       0x3a build/debug/athena.o
 .comment       0x00000039       0x3a build/debug/main.o
 .comment       0x00000039       0x3a build/debug/stm32g4xx_hal.o
 .comment       0x00000039       0x3a build/debug/stm32g4xx_hal_cortex.o
 .comment       0x00000039       0x3a build/debug/stm32g4xx_hal_gpio.o
 .comment       0x00000039       0x3a build/debug/stm32g4xx_hal_msp.o
 .comment       0x00000039       0x3a build/debug/stm32g4xx_hal_pwr_ex.o
 .comment       0x00000039       0x3a build/debug/stm32g4xx_hal_rcc.o
 .comment       0x00000039       0x3a build/debug/stm32g4xx_it.o
 .comment       0x00000039       0x3a build/debug/system_stm32g4xx.o
 .comment       0x00000039       0x3a c:/Users/Nathan/AppData/Roaming/Code/User/globalStorage/bmd.stm32-for-vscode/@xpack-dev-tools/arm-none-eabi-gcc/14.2.1-1.1.1/.content/bin/../lib/gcc/arm-none-eabi/14.2.1/../../../../arm-none-eabi/lib/thumb/v7e-m+fp/hard\libc_nano.a(libc_a-memset.o)
 .comment       0x00000039       0x3a c:/Users/Nathan/AppData/Roaming/Code/User/globalStorage/bmd.stm32-for-vscode/@xpack-dev-tools/arm-none-eabi-gcc/14.2.1-1.1.1/.content/bin/../lib/gcc/arm-none-eabi/14.2.1/../../../../arm-none-eabi/lib/thumb/v7e-m+fp/hard\libc_nano.a(libc_a-init.o)

.debug_info     0x00000000     0x925c
 .debug_info    0x00000000      0x4da build/debug/athena.o
 .debug_info    0x000004da     0x23a9 build/debug/main.o
 .debug_info    0x00002883      0xc4e build/debug/stm32g4xx_hal.o
 .debug_info    0x000034d1     0x1062 build/debug/stm32g4xx_hal_cortex.o
 .debug_info    0x00004533      0x795 build/debug/stm32g4xx_hal_gpio.o
 .debug_info    0x00004cc8     0x26a8 build/debug/stm32g4xx_hal_msp.o
 .debug_info    0x00007370      0x9bd build/debug/stm32g4xx_hal_pwr_ex.o
 .debug_info    0x00007d2d      0xe3f build/debug/stm32g4xx_hal_rcc.o
 .debug_info    0x00008b6c      0x11d build/debug/stm32g4xx_it.o
 .debug_info    0x00008c89      0x5a3 build/debug/system_stm32g4xx.o
 .debug_info    0x0000922c       0x30 build/debug/startup_stm32g474xx.o

.debug_abbrev   0x00000000     0x1597
 .debug_abbrev  0x00000000      0x106 build/debug/athena.o
 .debug_abbrev  0x00000106      0x30d build/debug/main.o
 .debug_abbrev  0x00000413      0x27d build/debug/stm32g4xx_hal.o
 .debug_abbrev  0x00000690      0x390 build/debug/stm32g4xx_hal_cortex.o
 .debug_abbrev  0x00000a20      0x1f9 build/debug/stm32g4xx_hal_gpio.o
 .debug_abbrev  0x00000c19      0x2cc build/debug/stm32g4xx_hal_msp.o
 .debug_abbrev  0x00000ee5      0x249 build/debug/stm32g4xx_hal_pwr_ex.o
 .debug_abbrev  0x0000112e      0x2ab build/debug/stm32g4xx_hal_rcc.o
 .debug_abbrev  0x000013d9       0x7c build/debug/stm32g4xx_it.o
 .debug_abbrev  0x00001455      0x11e build/debug/system_stm32g4xx.o
 .debug_abbrev  0x00001573       0x24 build/debug/startup_stm32g474xx.o

.debug_loclists
                0x00000000     0x195d
 .debug_loclists
                0x00000000       0xf3 build/debug/athena.o
 .debug_loclists
                0x000000f3      0x14d build/debug/stm32g4xx_hal.o
 .debug_loclists
                0x00000240      0x545 build/debug/stm32g4xx_hal_cortex.o
 .debug_loclists
                0x00000785      0x291 build/debug/stm32g4xx_hal_gpio.o
 .debug_loclists
                0x00000a16      0x224 build/debug/stm32g4xx_hal_msp.o
 .debug_loclists
                0x00000c3a      0x714 build/debug/stm32g4xx_hal_pwr_ex.o
 .debug_loclists
                0x0000134e      0x5aa build/debug/stm32g4xx_hal_rcc.o
 .debug_loclists
                0x000018f8       0x65 build/debug/system_stm32g4xx.o

.debug_aranges  0x00000000      0x608
 .debug_aranges
                0x00000000       0x30 build/debug/athena.o
 .debug_aranges
                0x00000030       0x38 build/debug/main.o
 .debug_aranges
                0x00000068      0x148 build/debug/stm32g4xx_hal.o
 .debug_aranges
                0x000001b0       0xf0 build/debug/stm32g4xx_hal_cortex.o
 .debug_aranges
                0x000002a0       0x58 build/debug/stm32g4xx_hal_gpio.o
 .debug_aranges
                0x000002f8       0x88 build/debug/stm32g4xx_hal_msp.o
 .debug_aranges
                0x00000380      0x140 build/debug/stm32g4xx_hal_pwr_ex.o
 .debug_aranges
                0x000004c0       0x98 build/debug/stm32g4xx_hal_rcc.o
 .debug_aranges
                0x00000558       0x60 build/debug/stm32g4xx_it.o
 .debug_aranges
                0x000005b8       0x28 build/debug/system_stm32g4xx.o
 .debug_aranges
                0x000005e0       0x28 build/debug/startup_stm32g474xx.o

.debug_rnglists
                0x00000000      0x472
 .debug_rnglists
                0x00000000       0x20 build/debug/athena.o
 .debug_rnglists
                0x00000020       0x26 build/debug/main.o
 .debug_rnglists
                0x00000046       0xf1 build/debug/stm32g4xx_hal.o
 .debug_rnglists
                0x00000137       0xaf build/debug/stm32g4xx_hal_cortex.o
 .debug_rnglists
                0x000001e6       0x3f build/debug/stm32g4xx_hal_gpio.o
 .debug_rnglists
                0x00000225       0x65 build/debug/stm32g4xx_hal_msp.o
 .debug_rnglists
                0x0000028a       0xf1 build/debug/stm32g4xx_hal_pwr_ex.o
 .debug_rnglists
                0x0000037b       0x81 build/debug/stm32g4xx_hal_rcc.o
 .debug_rnglists
                0x000003fc       0x43 build/debug/stm32g4xx_it.o
 .debug_rnglists
                0x0000043f       0x1a build/debug/system_stm32g4xx.o
 .debug_rnglists
                0x00000459       0x19 build/debug/startup_stm32g474xx.o

.debug_line     0x00000000     0x467f
 .debug_line    0x00000000      0x249 build/debug/athena.o
 .debug_line    0x00000249      0x564 build/debug/main.o
 .debug_line    0x000007ad      0x77b build/debug/stm32g4xx_hal.o
 .debug_line    0x00000f28      0x8a9 build/debug/stm32g4xx_hal_cortex.o
 .debug_line    0x000017d1      0x756 build/debug/stm32g4xx_hal_gpio.o
 .debug_line    0x00001f27      0x88c build/debug/stm32g4xx_hal_msp.o
 .debug_line    0x000027b3      0xae7 build/debug/stm32g4xx_hal_pwr_ex.o
 .debug_line    0x0000329a      0xf47 build/debug/stm32g4xx_hal_rcc.o
 .debug_line    0x000041e1      0x13d build/debug/stm32g4xx_it.o
 .debug_line    0x0000431e      0x2ea build/debug/system_stm32g4xx.o
 .debug_line    0x00004608       0x77 build/debug/startup_stm32g474xx.o

.debug_str      0x00000000     0x3503
 .debug_str     0x00000000     0x3503 build/debug/athena.o
                                0x28d (size before relaxing)
 .debug_str     0x00003503     0x188f build/debug/main.o
 .debug_str     0x00003503      0xe2c build/debug/stm32g4xx_hal.o
 .debug_str     0x00003503      0xd82 build/debug/stm32g4xx_hal_cortex.o
 .debug_str     0x00003503      0x52d build/debug/stm32g4xx_hal_gpio.o
 .debug_str     0x00003503     0x1957 build/debug/stm32g4xx_hal_msp.o
 .debug_str     0x00003503      0x7cf build/debug/stm32g4xx_hal_pwr_ex.o
 .debug_str     0x00003503      0x842 build/debug/stm32g4xx_hal_rcc.o
 .debug_str     0x00003503      0x218 build/debug/stm32g4xx_it.o
 .debug_str     0x00003503      0x3b4 build/debug/system_stm32g4xx.o
 .debug_str     0x00003503       0x67 build/debug/startup_stm32g474xx.o

.debug_frame    0x00000000      0xcbc
 .debug_frame   0x00000000       0x5c build/debug/athena.o
 .debug_frame   0x0000005c       0x80 build/debug/main.o
 .debug_frame   0x000000dc      0x2a4 build/debug/stm32g4xx_hal.o
 .debug_frame   0x00000380      0x204 build/debug/stm32g4xx_hal_cortex.o
 .debug_frame   0x00000584       0xd0 build/debug/stm32g4xx_hal_gpio.o
 .debug_frame   0x00000654      0x190 build/debug/stm32g4xx_hal_msp.o
 .debug_frame   0x000007e4      0x268 build/debug/stm32g4xx_hal_pwr_ex.o
 .debug_frame   0x00000a4c      0x198 build/debug/stm32g4xx_hal_rcc.o
 .debug_frame   0x00000be4       0xa8 build/debug/stm32g4xx_it.o
 .debug_frame   0x00000c8c       0x30 build/debug/system_stm32g4xx.o

.debug_line_str
                0x00000000       0x4b
 .debug_line_str
                0x00000000       0x4b build/debug/startup_stm32g474xx.o

Cross Reference Table

Symbol                                            File
ADC1_2_IRQHandler                                 build/debug/startup_stm32g474xx.o
ADC3_IRQHandler                                   build/debug/startup_stm32g474xx.o
ADC4_IRQHandler                                   build/debug/startup_stm32g474xx.o
ADC5_IRQHandler                                   build/debug/startup_stm32g474xx.o
AHBPrescTable                                     build/debug/system_stm32g4xx.o
                                                  build/debug/stm32g4xx_hal_rcc.o
APBPrescTable                                     build/debug/system_stm32g4xx.o
                                                  build/debug/stm32g4xx_hal_rcc.o
Athena_Init                                       build/debug/athena.o
                                                  build/debug/main.o
BusFault_Handler                                  build/debug/stm32g4xx_it.o
COMP1_2_3_IRQHandler                              build/debug/startup_stm32g474xx.o
COMP4_5_6_IRQHandler                              build/debug/startup_stm32g474xx.o
COMP7_IRQHandler                                  build/debug/startup_stm32g474xx.o
CORDIC_IRQHandler                                 build/debug/startup_stm32g474xx.o
CRS_IRQHandler                                    build/debug/startup_stm32g474xx.o
DMA1_Channel1_IRQHandler                          build/debug/startup_stm32g474xx.o
DMA1_Channel2_IRQHandler                          build/debug/startup_stm32g474xx.o
DMA1_Channel3_IRQHandler                          build/debug/startup_stm32g474xx.o
DMA1_Channel4_IRQHandler                          build/debug/startup_stm32g474xx.o
DMA1_Channel5_IRQHandler                          build/debug/startup_stm32g474xx.o
DMA1_Channel6_IRQHandler                          build/debug/startup_stm32g474xx.o
DMA1_Channel7_IRQHandler                          build/debug/startup_stm32g474xx.o
DMA1_Channel8_IRQHandler                          build/debug/startup_stm32g474xx.o
DMA2_Channel1_IRQHandler                          build/debug/startup_stm32g474xx.o
DMA2_Channel2_IRQHandler                          build/debug/startup_stm32g474xx.o
DMA2_Channel3_IRQHandler                          build/debug/startup_stm32g474xx.o
DMA2_Channel4_IRQHandler                          build/debug/startup_stm32g474xx.o
DMA2_Channel5_IRQHandler                          build/debug/startup_stm32g474xx.o
DMA2_Channel6_IRQHandler                          build/debug/startup_stm32g474xx.o
DMA2_Channel7_IRQHandler                          build/debug/startup_stm32g474xx.o
DMA2_Channel8_IRQHandler                          build/debug/startup_stm32g474xx.o
DMAMUX_OVR_IRQHandler                             build/debug/startup_stm32g474xx.o
DebugMon_Handler                                  build/debug/stm32g4xx_it.o
Default_Handler                                   build/debug/startup_stm32g474xx.o
EXTI0_IRQHandler                                  build/debug/startup_stm32g474xx.o
EXTI15_10_IRQHandler                              build/debug/startup_stm32g474xx.o
EXTI1_IRQHandler                                  build/debug/startup_stm32g474xx.o
EXTI2_IRQHandler                                  build/debug/startup_stm32g474xx.o
EXTI3_IRQHandler                                  build/debug/startup_stm32g474xx.o
EXTI4_IRQHandler                                  build/debug/startup_stm32g474xx.o
EXTI9_5_IRQHandler                                build/debug/startup_stm32g474xx.o
Error_Handler                                     build/debug/main.o
                                                  build/debug/stm32g4xx_hal_msp.o
FDCAN1_IT0_IRQHandler                             build/debug/startup_stm32g474xx.o
FDCAN1_IT1_IRQHandler                             build/debug/startup_stm32g474xx.o
FDCAN2_IT0_IRQHandler                             build/debug/startup_stm32g474xx.o
FDCAN2_IT1_IRQHandler                             build/debug/startup_stm32g474xx.o
FDCAN3_IT0_IRQHandler                             build/debug/startup_stm32g474xx.o
FDCAN3_IT1_IRQHandler                             build/debug/startup_stm32g474xx.o
FLASH_FlushCaches                                 build/debug/stm32g4xx_hal_flash_ex.o
                                                  build/debug/stm32g4xx_hal_flash.o
FLASH_IRQHandler                                  build/debug/startup_stm32g474xx.o
FLASH_PageErase                                   build/debug/stm32g4xx_hal_flash_ex.o
                                                  build/debug/stm32g4xx_hal_flash.o
FLASH_WaitForLastOperation                        build/debug/stm32g4xx_hal_flash.o
                                                  build/debug/stm32g4xx_hal_flash_ex.o
FMAC_IRQHandler                                   build/debug/startup_stm32g474xx.o
FMC_IRQHandler                                    build/debug/startup_stm32g474xx.o
FPU_IRQHandler                                    build/debug/startup_stm32g474xx.o
HAL_DBGMCU_DisableDBGSleepMode                    build/debug/stm32g4xx_hal.o
HAL_DBGMCU_DisableDBGStandbyMode                  build/debug/stm32g4xx_hal.o
HAL_DBGMCU_DisableDBGStopMode                     build/debug/stm32g4xx_hal.o
HAL_DBGMCU_EnableDBGSleepMode                     build/debug/stm32g4xx_hal.o
HAL_DBGMCU_EnableDBGStandbyMode                   build/debug/stm32g4xx_hal.o
HAL_DBGMCU_EnableDBGStopMode                      build/debug/stm32g4xx_hal.o
HAL_DMAEx_ConfigMuxRequestGenerator               build/debug/stm32g4xx_hal_dma_ex.o
HAL_DMAEx_ConfigMuxSync                           build/debug/stm32g4xx_hal_dma_ex.o
HAL_DMAEx_DisableMuxRequestGenerator              build/debug/stm32g4xx_hal_dma_ex.o
HAL_DMAEx_EnableMuxRequestGenerator               build/debug/stm32g4xx_hal_dma_ex.o
HAL_DMAEx_MUX_IRQHandler                          build/debug/stm32g4xx_hal_dma_ex.o
HAL_DMA_Abort                                     build/debug/stm32g4xx_hal_dma.o
                                                  build/debug/stm32g4xx_hal_uart.o
                                                  build/debug/stm32g4xx_hal_spi.o
HAL_DMA_Abort_IT                                  build/debug/stm32g4xx_hal_dma.o
                                                  build/debug/stm32g4xx_hal_uart.o
                                                  build/debug/stm32g4xx_hal_tim_ex.o
                                                  build/debug/stm32g4xx_hal_tim.o
                                                  build/debug/stm32g4xx_hal_spi.o
                                                  build/debug/stm32g4xx_hal_i2c.o
HAL_DMA_DeInit                                    build/debug/stm32g4xx_hal_dma.o
HAL_DMA_GetError                                  build/debug/stm32g4xx_hal_dma.o
                                                  build/debug/stm32g4xx_hal_uart.o
HAL_DMA_GetState                                  build/debug/stm32g4xx_hal_dma.o
                                                  build/debug/stm32g4xx_hal_i2c.o
HAL_DMA_IRQHandler                                build/debug/stm32g4xx_hal_dma.o
HAL_DMA_Init                                      build/debug/stm32g4xx_hal_dma.o
HAL_DMA_PollForTransfer                           build/debug/stm32g4xx_hal_dma.o
HAL_DMA_RegisterCallback                          build/debug/stm32g4xx_hal_dma.o
HAL_DMA_Start                                     build/debug/stm32g4xx_hal_dma.o
HAL_DMA_Start_IT                                  build/debug/stm32g4xx_hal_dma.o
                                                  build/debug/stm32g4xx_hal_uart.o
                                                  build/debug/stm32g4xx_hal_tim_ex.o
                                                  build/debug/stm32g4xx_hal_tim.o
                                                  build/debug/stm32g4xx_hal_spi.o
                                                  build/debug/stm32g4xx_hal_i2c.o
HAL_DMA_UnRegisterCallback                        build/debug/stm32g4xx_hal_dma.o
HAL_DeInit                                        build/debug/stm32g4xx_hal.o
HAL_Delay                                         build/debug/stm32g4xx_hal.o
                                                  build/debug/stm32g4xx_hal_pcd_ex.o
                                                  build/debug/athena.o
HAL_EXTI_ClearConfigLine                          build/debug/stm32g4xx_hal_exti.o
HAL_EXTI_ClearPending                             build/debug/stm32g4xx_hal_exti.o
HAL_EXTI_GenerateSWI                              build/debug/stm32g4xx_hal_exti.o
HAL_EXTI_GetConfigLine                            build/debug/stm32g4xx_hal_exti.o
HAL_EXTI_GetHandle                                build/debug/stm32g4xx_hal_exti.o
HAL_EXTI_GetPending                               build/debug/stm32g4xx_hal_exti.o
HAL_EXTI_IRQHandler                               build/debug/stm32g4xx_hal_exti.o
HAL_EXTI_RegisterCallback                         build/debug/stm32g4xx_hal_exti.o
HAL_EXTI_SetConfigLine                            build/debug/stm32g4xx_hal_exti.o
HAL_FDCAN_AbortTxRequest                          build/debug/stm32g4xx_hal_fdcan.o
HAL_FDCAN_ActivateNotification                    build/debug/stm32g4xx_hal_fdcan.o
HAL_FDCAN_AddMessageToTxFifoQ                     build/debug/stm32g4xx_hal_fdcan.o
HAL_FDCAN_ConfigExtendedIdMask                    build/debug/stm32g4xx_hal_fdcan.o
HAL_FDCAN_ConfigFilter                            build/debug/stm32g4xx_hal_fdcan.o
HAL_FDCAN_ConfigGlobalFilter                      build/debug/stm32g4xx_hal_fdcan.o
HAL_FDCAN_ConfigInterruptLines                    build/debug/stm32g4xx_hal_fdcan.o
HAL_FDCAN_ConfigRamWatchdog                       build/debug/stm32g4xx_hal_fdcan.o
HAL_FDCAN_ConfigRxFifoOverwrite                   build/debug/stm32g4xx_hal_fdcan.o
HAL_FDCAN_ConfigTimeoutCounter                    build/debug/stm32g4xx_hal_fdcan.o
HAL_FDCAN_ConfigTimestampCounter                  build/debug/stm32g4xx_hal_fdcan.o
HAL_FDCAN_ConfigTxDelayCompensation               build/debug/stm32g4xx_hal_fdcan.o
HAL_FDCAN_DeInit                                  build/debug/stm32g4xx_hal_fdcan.o
HAL_FDCAN_DeactivateNotification                  build/debug/stm32g4xx_hal_fdcan.o
HAL_FDCAN_DisableEdgeFiltering                    build/debug/stm32g4xx_hal_fdcan.o
HAL_FDCAN_DisableISOMode                          build/debug/stm32g4xx_hal_fdcan.o
HAL_FDCAN_DisableTimeoutCounter                   build/debug/stm32g4xx_hal_fdcan.o
HAL_FDCAN_DisableTimestampCounter                 build/debug/stm32g4xx_hal_fdcan.o
HAL_FDCAN_DisableTxDelayCompensation              build/debug/stm32g4xx_hal_fdcan.o
HAL_FDCAN_EnableEdgeFiltering                     build/debug/stm32g4xx_hal_fdcan.o
HAL_FDCAN_EnableISOMode                           build/debug/stm32g4xx_hal_fdcan.o
HAL_FDCAN_EnableTimeoutCounter                    build/debug/stm32g4xx_hal_fdcan.o
HAL_FDCAN_EnableTimestampCounter                  build/debug/stm32g4xx_hal_fdcan.o
HAL_FDCAN_EnableTxDelayCompensation               build/debug/stm32g4xx_hal_fdcan.o
HAL_FDCAN_EnterPowerDownMode                      build/debug/stm32g4xx_hal_fdcan.o
HAL_FDCAN_ErrorCallback                           build/debug/stm32g4xx_hal_fdcan.o
HAL_FDCAN_ErrorStatusCallback                     build/debug/stm32g4xx_hal_fdcan.o
HAL_FDCAN_ExitPowerDownMode                       build/debug/stm32g4xx_hal_fdcan.o
HAL_FDCAN_ExitRestrictedOperationMode             build/debug/stm32g4xx_hal_fdcan.o
HAL_FDCAN_GetError                                build/debug/stm32g4xx_hal_fdcan.o
HAL_FDCAN_GetErrorCounters                        build/debug/stm32g4xx_hal_fdcan.o
HAL_FDCAN_GetHighPriorityMessageStatus            build/debug/stm32g4xx_hal_fdcan.o
HAL_FDCAN_GetLatestTxFifoQRequestBuffer           build/debug/stm32g4xx_hal_fdcan.o
HAL_FDCAN_GetProtocolStatus                       build/debug/stm32g4xx_hal_fdcan.o
HAL_FDCAN_GetRxFifoFillLevel                      build/debug/stm32g4xx_hal_fdcan.o
HAL_FDCAN_GetRxMessage                            build/debug/stm32g4xx_hal_fdcan.o
HAL_FDCAN_GetState                                build/debug/stm32g4xx_hal_fdcan.o
HAL_FDCAN_GetTimeoutCounter                       build/debug/stm32g4xx_hal_fdcan.o
HAL_FDCAN_GetTimestampCounter                     build/debug/stm32g4xx_hal_fdcan.o
HAL_FDCAN_GetTxEvent                              build/debug/stm32g4xx_hal_fdcan.o
HAL_FDCAN_GetTxFifoFreeLevel                      build/debug/stm32g4xx_hal_fdcan.o
HAL_FDCAN_HighPriorityMessageCallback             build/debug/stm32g4xx_hal_fdcan.o
HAL_FDCAN_IRQHandler                              build/debug/stm32g4xx_hal_fdcan.o
HAL_FDCAN_Init                                    build/debug/stm32g4xx_hal_fdcan.o
HAL_FDCAN_IsRestrictedOperationMode               build/debug/stm32g4xx_hal_fdcan.o
HAL_FDCAN_IsTxBufferMessagePending                build/debug/stm32g4xx_hal_fdcan.o
HAL_FDCAN_MspDeInit                               build/debug/stm32g4xx_hal_msp.o
                                                  build/debug/stm32g4xx_hal_fdcan.o
HAL_FDCAN_MspInit                                 build/debug/stm32g4xx_hal_msp.o
                                                  build/debug/stm32g4xx_hal_fdcan.o
HAL_FDCAN_ResetTimeoutCounter                     build/debug/stm32g4xx_hal_fdcan.o
HAL_FDCAN_ResetTimestampCounter                   build/debug/stm32g4xx_hal_fdcan.o
HAL_FDCAN_RxFifo0Callback                         build/debug/stm32g4xx_hal_fdcan.o
HAL_FDCAN_RxFifo1Callback                         build/debug/stm32g4xx_hal_fdcan.o
HAL_FDCAN_Start                                   build/debug/stm32g4xx_hal_fdcan.o
HAL_FDCAN_Stop                                    build/debug/stm32g4xx_hal_fdcan.o
HAL_FDCAN_TimeoutOccurredCallback                 build/debug/stm32g4xx_hal_fdcan.o
HAL_FDCAN_TimestampWraparoundCallback             build/debug/stm32g4xx_hal_fdcan.o
HAL_FDCAN_TxBufferAbortCallback                   build/debug/stm32g4xx_hal_fdcan.o
HAL_FDCAN_TxBufferCompleteCallback                build/debug/stm32g4xx_hal_fdcan.o
HAL_FDCAN_TxEventFifoCallback                     build/debug/stm32g4xx_hal_fdcan.o
HAL_FDCAN_TxFifoEmptyCallback                     build/debug/stm32g4xx_hal_fdcan.o
HAL_FLASHEx_DisableDebugger                       build/debug/stm32g4xx_hal_flash_ex.o
HAL_FLASHEx_DisableRunPowerDown                   build/debug/stm32g4xx_hal_flash_ramfunc.o
HAL_FLASHEx_EnableDebugger                        build/debug/stm32g4xx_hal_flash_ex.o
HAL_FLASHEx_EnableRunPowerDown                    build/debug/stm32g4xx_hal_flash_ramfunc.o
HAL_FLASHEx_EnableSecMemProtection                build/debug/stm32g4xx_hal_flash_ex.o
HAL_FLASHEx_Erase                                 build/debug/stm32g4xx_hal_flash_ex.o
HAL_FLASHEx_Erase_IT                              build/debug/stm32g4xx_hal_flash_ex.o
HAL_FLASHEx_OBGetConfig                           build/debug/stm32g4xx_hal_flash_ex.o
HAL_FLASHEx_OBProgram                             build/debug/stm32g4xx_hal_flash_ex.o
HAL_FLASHEx_OB_DBankConfig                        build/debug/stm32g4xx_hal_flash_ramfunc.o
HAL_FLASH_EndOfOperationCallback                  build/debug/stm32g4xx_hal_flash.o
HAL_FLASH_GetError                                build/debug/stm32g4xx_hal_flash.o
HAL_FLASH_IRQHandler                              build/debug/stm32g4xx_hal_flash.o
HAL_FLASH_Lock                                    build/debug/stm32g4xx_hal_flash.o
HAL_FLASH_OB_Launch                               build/debug/stm32g4xx_hal_flash.o
HAL_FLASH_OB_Lock                                 build/debug/stm32g4xx_hal_flash.o
HAL_FLASH_OB_Unlock                               build/debug/stm32g4xx_hal_flash.o
HAL_FLASH_OperationErrorCallback                  build/debug/stm32g4xx_hal_flash.o
HAL_FLASH_Program                                 build/debug/stm32g4xx_hal_flash.o
HAL_FLASH_Program_IT                              build/debug/stm32g4xx_hal_flash.o
HAL_FLASH_Unlock                                  build/debug/stm32g4xx_hal_flash.o
HAL_GPIO_DeInit                                   build/debug/stm32g4xx_hal_gpio.o
                                                  build/debug/stm32g4xx_hal_msp.o
HAL_GPIO_EXTI_Callback                            build/debug/stm32g4xx_hal_gpio.o
HAL_GPIO_EXTI_IRQHandler                          build/debug/stm32g4xx_hal_gpio.o
HAL_GPIO_Init                                     build/debug/stm32g4xx_hal_gpio.o
                                                  build/debug/stm32g4xx_hal_rcc_ex.o
                                                  build/debug/stm32g4xx_hal_rcc.o
                                                  build/debug/stm32g4xx_hal_msp.o
                                                  build/debug/main.o
HAL_GPIO_LockPin                                  build/debug/stm32g4xx_hal_gpio.o
HAL_GPIO_ReadPin                                  build/debug/stm32g4xx_hal_gpio.o
HAL_GPIO_TogglePin                                build/debug/stm32g4xx_hal_gpio.o
HAL_GPIO_WritePin                                 build/debug/stm32g4xx_hal_gpio.o
                                                  build/debug/main.o
                                                  build/debug/athena.o
HAL_GetDEVID                                      build/debug/stm32g4xx_hal.o
HAL_GetHalVersion                                 build/debug/stm32g4xx_hal.o
HAL_GetREVID                                      build/debug/stm32g4xx_hal.o
HAL_GetTick                                       build/debug/stm32g4xx_hal.o
                                                  build/debug/stm32g4xx_hal_uart_ex.o
                                                  build/debug/stm32g4xx_hal_uart.o
                                                  build/debug/stm32g4xx_hal_tim_ex.o
                                                  build/debug/stm32g4xx_hal_spi.o
                                                  build/debug/stm32g4xx_hal_rcc_ex.o
                                                  build/debug/stm32g4xx_hal_rcc.o
                                                  build/debug/stm32g4xx_hal_pcd_ex.o
                                                  build/debug/stm32g4xx_hal_i2c.o
                                                  build/debug/stm32g4xx_hal_flash.o
                                                  build/debug/stm32g4xx_hal_fdcan.o
                                                  build/debug/stm32g4xx_hal_dma.o
HAL_GetTickFreq                                   build/debug/stm32g4xx_hal.o
HAL_GetTickPrio                                   build/debug/stm32g4xx_hal.o
HAL_GetUIDw0                                      build/debug/stm32g4xx_hal.o
HAL_GetUIDw1                                      build/debug/stm32g4xx_hal.o
HAL_GetUIDw2                                      build/debug/stm32g4xx_hal.o
HAL_HalfDuplex_EnableReceiver                     build/debug/stm32g4xx_hal_uart.o
HAL_HalfDuplex_EnableTransmitter                  build/debug/stm32g4xx_hal_uart.o
HAL_HalfDuplex_Init                               build/debug/stm32g4xx_hal_uart.o
HAL_I2CEx_ConfigAnalogFilter                      build/debug/stm32g4xx_hal_i2c_ex.o
HAL_I2CEx_ConfigDigitalFilter                     build/debug/stm32g4xx_hal_i2c_ex.o
HAL_I2CEx_DisableFastModePlus                     build/debug/stm32g4xx_hal_i2c_ex.o
HAL_I2CEx_DisableWakeUp                           build/debug/stm32g4xx_hal_i2c_ex.o
HAL_I2CEx_EnableFastModePlus                      build/debug/stm32g4xx_hal_i2c_ex.o
HAL_I2CEx_EnableWakeUp                            build/debug/stm32g4xx_hal_i2c_ex.o
HAL_I2C_AbortCpltCallback                         build/debug/stm32g4xx_hal_i2c.o
HAL_I2C_AddrCallback                              build/debug/stm32g4xx_hal_i2c.o
HAL_I2C_DeInit                                    build/debug/stm32g4xx_hal_i2c.o
HAL_I2C_DisableListen_IT                          build/debug/stm32g4xx_hal_i2c.o
HAL_I2C_ER_IRQHandler                             build/debug/stm32g4xx_hal_i2c.o
HAL_I2C_EV_IRQHandler                             build/debug/stm32g4xx_hal_i2c.o
HAL_I2C_EnableListen_IT                           build/debug/stm32g4xx_hal_i2c.o
HAL_I2C_ErrorCallback                             build/debug/stm32g4xx_hal_i2c.o
HAL_I2C_GetError                                  build/debug/stm32g4xx_hal_i2c.o
HAL_I2C_GetMode                                   build/debug/stm32g4xx_hal_i2c.o
HAL_I2C_GetState                                  build/debug/stm32g4xx_hal_i2c.o
HAL_I2C_Init                                      build/debug/stm32g4xx_hal_i2c.o
HAL_I2C_IsDeviceReady                             build/debug/stm32g4xx_hal_i2c.o
HAL_I2C_ListenCpltCallback                        build/debug/stm32g4xx_hal_i2c.o
HAL_I2C_MasterRxCpltCallback                      build/debug/stm32g4xx_hal_i2c.o
HAL_I2C_MasterTxCpltCallback                      build/debug/stm32g4xx_hal_i2c.o
HAL_I2C_Master_Abort_IT                           build/debug/stm32g4xx_hal_i2c.o
HAL_I2C_Master_Receive                            build/debug/stm32g4xx_hal_i2c.o
HAL_I2C_Master_Receive_DMA                        build/debug/stm32g4xx_hal_i2c.o
HAL_I2C_Master_Receive_IT                         build/debug/stm32g4xx_hal_i2c.o
HAL_I2C_Master_Seq_Receive_DMA                    build/debug/stm32g4xx_hal_i2c.o
HAL_I2C_Master_Seq_Receive_IT                     build/debug/stm32g4xx_hal_i2c.o
HAL_I2C_Master_Seq_Transmit_DMA                   build/debug/stm32g4xx_hal_i2c.o
HAL_I2C_Master_Seq_Transmit_IT                    build/debug/stm32g4xx_hal_i2c.o
HAL_I2C_Master_Transmit                           build/debug/stm32g4xx_hal_i2c.o
HAL_I2C_Master_Transmit_DMA                       build/debug/stm32g4xx_hal_i2c.o
HAL_I2C_Master_Transmit_IT                        build/debug/stm32g4xx_hal_i2c.o
HAL_I2C_MemRxCpltCallback                         build/debug/stm32g4xx_hal_i2c.o
HAL_I2C_MemTxCpltCallback                         build/debug/stm32g4xx_hal_i2c.o
HAL_I2C_Mem_Read                                  build/debug/stm32g4xx_hal_i2c.o
HAL_I2C_Mem_Read_DMA                              build/debug/stm32g4xx_hal_i2c.o
HAL_I2C_Mem_Read_IT                               build/debug/stm32g4xx_hal_i2c.o
HAL_I2C_Mem_Write                                 build/debug/stm32g4xx_hal_i2c.o
HAL_I2C_Mem_Write_DMA                             build/debug/stm32g4xx_hal_i2c.o
HAL_I2C_Mem_Write_IT                              build/debug/stm32g4xx_hal_i2c.o
HAL_I2C_MspDeInit                                 build/debug/stm32g4xx_hal_msp.o
                                                  build/debug/stm32g4xx_hal_i2c.o
HAL_I2C_MspInit                                   build/debug/stm32g4xx_hal_msp.o
                                                  build/debug/stm32g4xx_hal_i2c.o
HAL_I2C_SlaveRxCpltCallback                       build/debug/stm32g4xx_hal_i2c.o
HAL_I2C_SlaveTxCpltCallback                       build/debug/stm32g4xx_hal_i2c.o
HAL_I2C_Slave_Receive                             build/debug/stm32g4xx_hal_i2c.o
HAL_I2C_Slave_Receive_DMA                         build/debug/stm32g4xx_hal_i2c.o
HAL_I2C_Slave_Receive_IT                          build/debug/stm32g4xx_hal_i2c.o
HAL_I2C_Slave_Seq_Receive_DMA                     build/debug/stm32g4xx_hal_i2c.o
HAL_I2C_Slave_Seq_Receive_IT                      build/debug/stm32g4xx_hal_i2c.o
HAL_I2C_Slave_Seq_Transmit_DMA                    build/debug/stm32g4xx_hal_i2c.o
HAL_I2C_Slave_Seq_Transmit_IT                     build/debug/stm32g4xx_hal_i2c.o
HAL_I2C_Slave_Transmit                            build/debug/stm32g4xx_hal_i2c.o
HAL_I2C_Slave_Transmit_DMA                        build/debug/stm32g4xx_hal_i2c.o
HAL_I2C_Slave_Transmit_IT                         build/debug/stm32g4xx_hal_i2c.o
HAL_IncTick                                       build/debug/stm32g4xx_hal.o
                                                  build/debug/stm32g4xx_it.o
HAL_Init                                          build/debug/stm32g4xx_hal.o
                                                  build/debug/main.o
HAL_InitTick                                      build/debug/stm32g4xx_hal.o
                                                  build/debug/stm32g4xx_hal_rcc.o
HAL_LIN_Init                                      build/debug/stm32g4xx_hal_uart.o
HAL_LIN_SendBreak                                 build/debug/stm32g4xx_hal_uart.o
HAL_MPU_ConfigRegion                              build/debug/stm32g4xx_hal_cortex.o
HAL_MPU_Disable                                   build/debug/stm32g4xx_hal_cortex.o
HAL_MPU_DisableRegion                             build/debug/stm32g4xx_hal_cortex.o
HAL_MPU_Enable                                    build/debug/stm32g4xx_hal_cortex.o
HAL_MPU_EnableRegion                              build/debug/stm32g4xx_hal_cortex.o
HAL_MspDeInit                                     build/debug/stm32g4xx_hal.o
HAL_MspInit                                       build/debug/stm32g4xx_hal_msp.o
                                                  build/debug/stm32g4xx_hal.o
HAL_MultiProcessorEx_AddressLength_Set            build/debug/stm32g4xx_hal_uart_ex.o
HAL_MultiProcessor_DisableMuteMode                build/debug/stm32g4xx_hal_uart.o
HAL_MultiProcessor_EnableMuteMode                 build/debug/stm32g4xx_hal_uart.o
HAL_MultiProcessor_EnterMuteMode                  build/debug/stm32g4xx_hal_uart.o
HAL_MultiProcessor_Init                           build/debug/stm32g4xx_hal_uart.o
HAL_NVIC_ClearPendingIRQ                          build/debug/stm32g4xx_hal_cortex.o
HAL_NVIC_DisableIRQ                               build/debug/stm32g4xx_hal_cortex.o
HAL_NVIC_EnableIRQ                                build/debug/stm32g4xx_hal_cortex.o
HAL_NVIC_GetActive                                build/debug/stm32g4xx_hal_cortex.o
HAL_NVIC_GetPendingIRQ                            build/debug/stm32g4xx_hal_cortex.o
HAL_NVIC_GetPriority                              build/debug/stm32g4xx_hal_cortex.o
HAL_NVIC_GetPriorityGrouping                      build/debug/stm32g4xx_hal_cortex.o
HAL_NVIC_SetPendingIRQ                            build/debug/stm32g4xx_hal_cortex.o
HAL_NVIC_SetPriority                              build/debug/stm32g4xx_hal_cortex.o
                                                  build/debug/stm32g4xx_hal.o
HAL_NVIC_SetPriorityGrouping                      build/debug/stm32g4xx_hal_cortex.o
                                                  build/debug/stm32g4xx_hal.o
HAL_NVIC_SystemReset                              build/debug/stm32g4xx_hal_cortex.o
HAL_PCDEx_ActivateBCD                             build/debug/stm32g4xx_hal_pcd_ex.o
HAL_PCDEx_ActivateLPM                             build/debug/stm32g4xx_hal_pcd_ex.o
                                                  build/debug/stm32g4xx_hal_pcd.o
HAL_PCDEx_BCD_Callback                            build/debug/stm32g4xx_hal_pcd_ex.o
HAL_PCDEx_BCD_VBUSDetect                          build/debug/stm32g4xx_hal_pcd_ex.o
HAL_PCDEx_DeActivateBCD                           build/debug/stm32g4xx_hal_pcd_ex.o
HAL_PCDEx_DeActivateLPM                           build/debug/stm32g4xx_hal_pcd_ex.o
HAL_PCDEx_LPM_Callback                            build/debug/stm32g4xx_hal_pcd_ex.o
                                                  build/debug/stm32g4xx_hal_pcd.o
HAL_PCDEx_PMAConfig                               build/debug/stm32g4xx_hal_pcd_ex.o
HAL_PCD_ActivateRemoteWakeup                      build/debug/stm32g4xx_hal_pcd.o
HAL_PCD_ConnectCallback                           build/debug/stm32g4xx_hal_pcd.o
HAL_PCD_DataInStageCallback                       build/debug/stm32g4xx_hal_pcd.o
HAL_PCD_DataOutStageCallback                      build/debug/stm32g4xx_hal_pcd.o
HAL_PCD_DeActivateRemoteWakeup                    build/debug/stm32g4xx_hal_pcd.o
HAL_PCD_DeInit                                    build/debug/stm32g4xx_hal_pcd.o
HAL_PCD_DevConnect                                build/debug/stm32g4xx_hal_pcd.o
HAL_PCD_DevDisconnect                             build/debug/stm32g4xx_hal_pcd.o
HAL_PCD_DisconnectCallback                        build/debug/stm32g4xx_hal_pcd.o
HAL_PCD_EP_Abort                                  build/debug/stm32g4xx_hal_pcd.o
HAL_PCD_EP_Close                                  build/debug/stm32g4xx_hal_pcd.o
HAL_PCD_EP_ClrStall                               build/debug/stm32g4xx_hal_pcd.o
HAL_PCD_EP_Flush                                  build/debug/stm32g4xx_hal_pcd.o
HAL_PCD_EP_GetRxCount                             build/debug/stm32g4xx_hal_pcd.o
HAL_PCD_EP_Open                                   build/debug/stm32g4xx_hal_pcd.o
HAL_PCD_EP_Receive                                build/debug/stm32g4xx_hal_pcd.o
HAL_PCD_EP_SetStall                               build/debug/stm32g4xx_hal_pcd.o
HAL_PCD_EP_Transmit                               build/debug/stm32g4xx_hal_pcd.o
HAL_PCD_GetState                                  build/debug/stm32g4xx_hal_pcd.o
HAL_PCD_IRQHandler                                build/debug/stm32g4xx_hal_pcd.o
HAL_PCD_ISOINIncompleteCallback                   build/debug/stm32g4xx_hal_pcd.o
HAL_PCD_ISOOUTIncompleteCallback                  build/debug/stm32g4xx_hal_pcd.o
HAL_PCD_Init                                      build/debug/stm32g4xx_hal_pcd.o
HAL_PCD_MspDeInit                                 build/debug/stm32g4xx_hal_msp.o
HAL_PCD_MspInit                                   build/debug/stm32g4xx_hal_msp.o
HAL_PCD_ResetCallback                             build/debug/stm32g4xx_hal_pcd.o
HAL_PCD_ResumeCallback                            build/debug/stm32g4xx_hal_pcd.o
HAL_PCD_SOFCallback                               build/debug/stm32g4xx_hal_pcd.o
HAL_PCD_SetAddress                                build/debug/stm32g4xx_hal_pcd.o
HAL_PCD_SetupStageCallback                        build/debug/stm32g4xx_hal_pcd.o
HAL_PCD_Start                                     build/debug/stm32g4xx_hal_pcd.o
HAL_PCD_Stop                                      build/debug/stm32g4xx_hal_pcd.o
HAL_PCD_SuspendCallback                           build/debug/stm32g4xx_hal_pcd.o
HAL_PWREx_ConfigPVM                               build/debug/stm32g4xx_hal_pwr_ex.o
HAL_PWREx_ControlVoltageScaling                   build/debug/stm32g4xx_hal_pwr_ex.o
                                                  build/debug/main.o
HAL_PWREx_DisableBatteryCharging                  build/debug/stm32g4xx_hal_pwr_ex.o
HAL_PWREx_DisableGPIOPullDown                     build/debug/stm32g4xx_hal_pwr_ex.o
HAL_PWREx_DisableGPIOPullUp                       build/debug/stm32g4xx_hal_pwr_ex.o
HAL_PWREx_DisableInternalWakeUpLine               build/debug/stm32g4xx_hal_pwr_ex.o
HAL_PWREx_DisableLowPowerRunMode                  build/debug/stm32g4xx_hal_pwr_ex.o
                                                  build/debug/stm32g4xx_hal_pwr.o
HAL_PWREx_DisablePVM1                             build/debug/stm32g4xx_hal_pwr_ex.o
HAL_PWREx_DisablePVM2                             build/debug/stm32g4xx_hal_pwr_ex.o
HAL_PWREx_DisablePVM3                             build/debug/stm32g4xx_hal_pwr_ex.o
HAL_PWREx_DisablePVM4                             build/debug/stm32g4xx_hal_pwr_ex.o
HAL_PWREx_DisablePullUpPullDownConfig             build/debug/stm32g4xx_hal_pwr_ex.o
HAL_PWREx_DisableSRAM2ContentRetention            build/debug/stm32g4xx_hal_pwr_ex.o
HAL_PWREx_DisableUCPDDeadBattery                  build/debug/stm32g4xx_hal_pwr_ex.o
                                                  build/debug/stm32g4xx_hal_msp.o
HAL_PWREx_DisableUCPDStandbyMode                  build/debug/stm32g4xx_hal_pwr_ex.o
HAL_PWREx_EnableBatteryCharging                   build/debug/stm32g4xx_hal_pwr_ex.o
HAL_PWREx_EnableGPIOPullDown                      build/debug/stm32g4xx_hal_pwr_ex.o
HAL_PWREx_EnableGPIOPullUp                        build/debug/stm32g4xx_hal_pwr_ex.o
HAL_PWREx_EnableInternalWakeUpLine                build/debug/stm32g4xx_hal_pwr_ex.o
HAL_PWREx_EnableLowPowerRunMode                   build/debug/stm32g4xx_hal_pwr_ex.o
                                                  build/debug/stm32g4xx_hal_pwr.o
HAL_PWREx_EnablePVM1                              build/debug/stm32g4xx_hal_pwr_ex.o
HAL_PWREx_EnablePVM2                              build/debug/stm32g4xx_hal_pwr_ex.o
HAL_PWREx_EnablePVM3                              build/debug/stm32g4xx_hal_pwr_ex.o
HAL_PWREx_EnablePVM4                              build/debug/stm32g4xx_hal_pwr_ex.o
HAL_PWREx_EnablePullUpPullDownConfig              build/debug/stm32g4xx_hal_pwr_ex.o
HAL_PWREx_EnableSRAM2ContentRetention             build/debug/stm32g4xx_hal_pwr_ex.o
HAL_PWREx_EnableUCPDDeadBattery                   build/debug/stm32g4xx_hal_pwr_ex.o
HAL_PWREx_EnableUCPDStandbyMode                   build/debug/stm32g4xx_hal_pwr_ex.o
HAL_PWREx_EnterSHUTDOWNMode                       build/debug/stm32g4xx_hal_pwr_ex.o
HAL_PWREx_EnterSTOP0Mode                          build/debug/stm32g4xx_hal_pwr_ex.o
                                                  build/debug/stm32g4xx_hal_pwr.o
HAL_PWREx_EnterSTOP1Mode                          build/debug/stm32g4xx_hal_pwr_ex.o
                                                  build/debug/stm32g4xx_hal_pwr.o
HAL_PWREx_GetVoltageRange                         build/debug/stm32g4xx_hal_pwr_ex.o
HAL_PWREx_PVD_PVM_IRQHandler                      build/debug/stm32g4xx_hal_pwr_ex.o
HAL_PWREx_PVM1Callback                            build/debug/stm32g4xx_hal_pwr_ex.o
HAL_PWREx_PVM2Callback                            build/debug/stm32g4xx_hal_pwr_ex.o
HAL_PWREx_PVM3Callback                            build/debug/stm32g4xx_hal_pwr_ex.o
HAL_PWREx_PVM4Callback                            build/debug/stm32g4xx_hal_pwr_ex.o
HAL_PWR_ConfigPVD                                 build/debug/stm32g4xx_hal_pwr.o
HAL_PWR_DeInit                                    build/debug/stm32g4xx_hal_pwr.o
HAL_PWR_DisableBkUpAccess                         build/debug/stm32g4xx_hal_pwr.o
                                                  build/debug/stm32g4xx_hal_rcc_ex.o
HAL_PWR_DisablePVD                                build/debug/stm32g4xx_hal_pwr.o
HAL_PWR_DisableSEVOnPend                          build/debug/stm32g4xx_hal_pwr.o
HAL_PWR_DisableSleepOnExit                        build/debug/stm32g4xx_hal_pwr.o
HAL_PWR_DisableWakeUpPin                          build/debug/stm32g4xx_hal_pwr.o
HAL_PWR_EnableBkUpAccess                          build/debug/stm32g4xx_hal_pwr.o
                                                  build/debug/stm32g4xx_hal_rcc_ex.o
HAL_PWR_EnablePVD                                 build/debug/stm32g4xx_hal_pwr.o
HAL_PWR_EnableSEVOnPend                           build/debug/stm32g4xx_hal_pwr.o
HAL_PWR_EnableSleepOnExit                         build/debug/stm32g4xx_hal_pwr.o
HAL_PWR_EnableWakeUpPin                           build/debug/stm32g4xx_hal_pwr.o
HAL_PWR_EnterSLEEPMode                            build/debug/stm32g4xx_hal_pwr.o
HAL_PWR_EnterSTANDBYMode                          build/debug/stm32g4xx_hal_pwr.o
HAL_PWR_EnterSTOPMode                             build/debug/stm32g4xx_hal_pwr.o
HAL_PWR_PVDCallback                               build/debug/stm32g4xx_hal_pwr.o
                                                  build/debug/stm32g4xx_hal_pwr_ex.o
HAL_RCCEx_CRSConfig                               build/debug/stm32g4xx_hal_rcc_ex.o
HAL_RCCEx_CRSGetSynchronizationInfo               build/debug/stm32g4xx_hal_rcc_ex.o
HAL_RCCEx_CRSSoftwareSynchronizationGenerate      build/debug/stm32g4xx_hal_rcc_ex.o
HAL_RCCEx_CRSWaitSynchronization                  build/debug/stm32g4xx_hal_rcc_ex.o
HAL_RCCEx_CRS_ErrorCallback                       build/debug/stm32g4xx_hal_rcc_ex.o
HAL_RCCEx_CRS_ExpectedSyncCallback                build/debug/stm32g4xx_hal_rcc_ex.o
HAL_RCCEx_CRS_IRQHandler                          build/debug/stm32g4xx_hal_rcc_ex.o
HAL_RCCEx_CRS_SyncOkCallback                      build/debug/stm32g4xx_hal_rcc_ex.o
HAL_RCCEx_CRS_SyncWarnCallback                    build/debug/stm32g4xx_hal_rcc_ex.o
HAL_RCCEx_DisableLSCO                             build/debug/stm32g4xx_hal_rcc_ex.o
HAL_RCCEx_DisableLSECSS                           build/debug/stm32g4xx_hal_rcc_ex.o
HAL_RCCEx_EnableLSCO                              build/debug/stm32g4xx_hal_rcc_ex.o
HAL_RCCEx_EnableLSECSS                            build/debug/stm32g4xx_hal_rcc_ex.o
HAL_RCCEx_EnableLSECSS_IT                         build/debug/stm32g4xx_hal_rcc_ex.o
HAL_RCCEx_GetPeriphCLKConfig                      build/debug/stm32g4xx_hal_rcc_ex.o
HAL_RCCEx_GetPeriphCLKFreq                        build/debug/stm32g4xx_hal_rcc_ex.o
HAL_RCCEx_LSECSS_Callback                         build/debug/stm32g4xx_hal_rcc_ex.o
HAL_RCCEx_LSECSS_IRQHandler                       build/debug/stm32g4xx_hal_rcc_ex.o
HAL_RCCEx_PeriphCLKConfig                         build/debug/stm32g4xx_hal_rcc_ex.o
                                                  build/debug/stm32g4xx_hal_msp.o
HAL_RCC_CSSCallback                               build/debug/stm32g4xx_hal_rcc.o
HAL_RCC_ClockConfig                               build/debug/stm32g4xx_hal_rcc.o
                                                  build/debug/main.o
HAL_RCC_DeInit                                    build/debug/stm32g4xx_hal_rcc.o
HAL_RCC_DisableLSECSS                             build/debug/stm32g4xx_hal_rcc.o
HAL_RCC_EnableCSS                                 build/debug/stm32g4xx_hal_rcc.o
HAL_RCC_EnableLSECSS                              build/debug/stm32g4xx_hal_rcc.o
HAL_RCC_GetClockConfig                            build/debug/stm32g4xx_hal_rcc.o
HAL_RCC_GetHCLKFreq                               build/debug/stm32g4xx_hal_rcc.o
HAL_RCC_GetOscConfig                              build/debug/stm32g4xx_hal_rcc.o
HAL_RCC_GetPCLK1Freq                              build/debug/stm32g4xx_hal_rcc.o
                                                  build/debug/stm32g4xx_hal_uart.o
                                                  build/debug/stm32g4xx_hal_rcc_ex.o
HAL_RCC_GetPCLK2Freq                              build/debug/stm32g4xx_hal_rcc.o
                                                  build/debug/stm32g4xx_hal_uart.o
                                                  build/debug/stm32g4xx_hal_rcc_ex.o
HAL_RCC_GetSysClockFreq                           build/debug/stm32g4xx_hal_rcc.o
                                                  build/debug/stm32g4xx_hal_uart.o
                                                  build/debug/stm32g4xx_hal_rcc_ex.o
HAL_RCC_MCOConfig                                 build/debug/stm32g4xx_hal_rcc.o
HAL_RCC_NMI_IRQHandler                            build/debug/stm32g4xx_hal_rcc.o
HAL_RCC_OscConfig                                 build/debug/stm32g4xx_hal_rcc.o
                                                  build/debug/main.o
HAL_RS485Ex_Init                                  build/debug/stm32g4xx_hal_uart_ex.o
HAL_ResumeTick                                    build/debug/stm32g4xx_hal.o
HAL_SPIEx_FlushRxFifo                             build/debug/stm32g4xx_hal_spi_ex.o
HAL_SPI_Abort                                     build/debug/stm32g4xx_hal_spi.o
HAL_SPI_AbortCpltCallback                         build/debug/stm32g4xx_hal_spi.o
HAL_SPI_Abort_IT                                  build/debug/stm32g4xx_hal_spi.o
HAL_SPI_DMAPause                                  build/debug/stm32g4xx_hal_spi.o
HAL_SPI_DMAResume                                 build/debug/stm32g4xx_hal_spi.o
HAL_SPI_DMAStop                                   build/debug/stm32g4xx_hal_spi.o
HAL_SPI_DeInit                                    build/debug/stm32g4xx_hal_spi.o
HAL_SPI_ErrorCallback                             build/debug/stm32g4xx_hal_spi.o
HAL_SPI_GetError                                  build/debug/stm32g4xx_hal_spi.o
HAL_SPI_GetState                                  build/debug/stm32g4xx_hal_spi.o
HAL_SPI_IRQHandler                                build/debug/stm32g4xx_hal_spi.o
HAL_SPI_Init                                      build/debug/stm32g4xx_hal_spi.o
HAL_SPI_MspDeInit                                 build/debug/stm32g4xx_hal_msp.o
HAL_SPI_MspInit                                   build/debug/stm32g4xx_hal_msp.o
HAL_SPI_Receive                                   build/debug/stm32g4xx_hal_spi.o
HAL_SPI_Receive_DMA                               build/debug/stm32g4xx_hal_spi.o
HAL_SPI_Receive_IT                                build/debug/stm32g4xx_hal_spi.o
HAL_SPI_RxCpltCallback                            build/debug/stm32g4xx_hal_spi.o
HAL_SPI_RxHalfCpltCallback                        build/debug/stm32g4xx_hal_spi.o
HAL_SPI_Transmit                                  build/debug/stm32g4xx_hal_spi.o
HAL_SPI_TransmitReceive                           build/debug/stm32g4xx_hal_spi.o
HAL_SPI_TransmitReceive_DMA                       build/debug/stm32g4xx_hal_spi.o
HAL_SPI_TransmitReceive_IT                        build/debug/stm32g4xx_hal_spi.o
HAL_SPI_Transmit_DMA                              build/debug/stm32g4xx_hal_spi.o
HAL_SPI_Transmit_IT                               build/debug/stm32g4xx_hal_spi.o
HAL_SPI_TxCpltCallback                            build/debug/stm32g4xx_hal_spi.o
HAL_SPI_TxHalfCpltCallback                        build/debug/stm32g4xx_hal_spi.o
HAL_SPI_TxRxCpltCallback                          build/debug/stm32g4xx_hal_spi.o
HAL_SPI_TxRxHalfCpltCallback                      build/debug/stm32g4xx_hal_spi.o
HAL_SYSCFG_CCMSRAMErase                           build/debug/stm32g4xx_hal.o
HAL_SYSCFG_CCMSRAM_WriteProtectionEnable          build/debug/stm32g4xx_hal.o
HAL_SYSCFG_DisableIOSwitchBooster                 build/debug/stm32g4xx_hal.o
HAL_SYSCFG_DisableIOSwitchVDD                     build/debug/stm32g4xx_hal.o
HAL_SYSCFG_DisableMemorySwappingBank              build/debug/stm32g4xx_hal.o
HAL_SYSCFG_DisableVREFBUF                         build/debug/stm32g4xx_hal.o
HAL_SYSCFG_EnableIOSwitchBooster                  build/debug/stm32g4xx_hal.o
HAL_SYSCFG_EnableIOSwitchVDD                      build/debug/stm32g4xx_hal.o
HAL_SYSCFG_EnableMemorySwappingBank               build/debug/stm32g4xx_hal.o
HAL_SYSCFG_EnableVREFBUF                          build/debug/stm32g4xx_hal.o
HAL_SYSCFG_VREFBUF_HighImpedanceConfig            build/debug/stm32g4xx_hal.o
HAL_SYSCFG_VREFBUF_TrimmingConfig                 build/debug/stm32g4xx_hal.o
HAL_SYSCFG_VREFBUF_VoltageScalingConfig           build/debug/stm32g4xx_hal.o
HAL_SYSTICK_CLKSourceConfig                       build/debug/stm32g4xx_hal_cortex.o
HAL_SYSTICK_Callback                              build/debug/stm32g4xx_hal_cortex.o
HAL_SYSTICK_Config                                build/debug/stm32g4xx_hal_cortex.o
                                                  build/debug/stm32g4xx_hal.o
HAL_SYSTICK_IRQHandler                            build/debug/stm32g4xx_hal_cortex.o
HAL_SetTickFreq                                   build/debug/stm32g4xx_hal.o
HAL_SuspendTick                                   build/debug/stm32g4xx_hal.o
HAL_TIMEx_Break2Callback                          build/debug/stm32g4xx_hal_tim_ex.o
                                                  build/debug/stm32g4xx_hal_tim.o
HAL_TIMEx_BreakCallback                           build/debug/stm32g4xx_hal_tim_ex.o
                                                  build/debug/stm32g4xx_hal_tim.o
HAL_TIMEx_CommutCallback                          build/debug/stm32g4xx_hal_tim_ex.o
                                                  build/debug/stm32g4xx_hal_tim.o
HAL_TIMEx_CommutHalfCpltCallback                  build/debug/stm32g4xx_hal_tim_ex.o
HAL_TIMEx_ConfigAsymmetricalDeadTime              build/debug/stm32g4xx_hal_tim_ex.o
HAL_TIMEx_ConfigBreakDeadTime                     build/debug/stm32g4xx_hal_tim_ex.o
HAL_TIMEx_ConfigBreakInput                        build/debug/stm32g4xx_hal_tim_ex.o
HAL_TIMEx_ConfigCommutEvent                       build/debug/stm32g4xx_hal_tim_ex.o
HAL_TIMEx_ConfigCommutEvent_DMA                   build/debug/stm32g4xx_hal_tim_ex.o
HAL_TIMEx_ConfigCommutEvent_IT                    build/debug/stm32g4xx_hal_tim_ex.o
HAL_TIMEx_ConfigDeadTime                          build/debug/stm32g4xx_hal_tim_ex.o
HAL_TIMEx_ConfigEncoderIndex                      build/debug/stm32g4xx_hal_tim_ex.o
HAL_TIMEx_ConfigSlaveModePreload                  build/debug/stm32g4xx_hal_tim_ex.o
HAL_TIMEx_DirectionChangeCallback                 build/debug/stm32g4xx_hal_tim_ex.o
                                                  build/debug/stm32g4xx_hal_tim.o
HAL_TIMEx_DisableAsymmetricalDeadTime             build/debug/stm32g4xx_hal_tim_ex.o
HAL_TIMEx_DisableDeadTimePreload                  build/debug/stm32g4xx_hal_tim_ex.o
HAL_TIMEx_DisableEncoderFirstIndex                build/debug/stm32g4xx_hal_tim_ex.o
HAL_TIMEx_DisableEncoderIndex                     build/debug/stm32g4xx_hal_tim_ex.o
HAL_TIMEx_DisableSlaveModePreload                 build/debug/stm32g4xx_hal_tim_ex.o
HAL_TIMEx_DisarmBreakInput                        build/debug/stm32g4xx_hal_tim_ex.o
HAL_TIMEx_DitheringDisable                        build/debug/stm32g4xx_hal_tim_ex.o
HAL_TIMEx_DitheringEnable                         build/debug/stm32g4xx_hal_tim_ex.o
HAL_TIMEx_EnableAsymmetricalDeadTime              build/debug/stm32g4xx_hal_tim_ex.o
HAL_TIMEx_EnableDeadTimePreload                   build/debug/stm32g4xx_hal_tim_ex.o
HAL_TIMEx_EnableEncoderFirstIndex                 build/debug/stm32g4xx_hal_tim_ex.o
HAL_TIMEx_EnableEncoderIndex                      build/debug/stm32g4xx_hal_tim_ex.o
HAL_TIMEx_EnableSlaveModePreload                  build/debug/stm32g4xx_hal_tim_ex.o
HAL_TIMEx_EncoderIndexCallback                    build/debug/stm32g4xx_hal_tim_ex.o
                                                  build/debug/stm32g4xx_hal_tim.o
HAL_TIMEx_GetChannelNState                        build/debug/stm32g4xx_hal_tim_ex.o
HAL_TIMEx_GroupChannel5                           build/debug/stm32g4xx_hal_tim_ex.o
HAL_TIMEx_HallSensor_DeInit                       build/debug/stm32g4xx_hal_tim_ex.o
HAL_TIMEx_HallSensor_GetState                     build/debug/stm32g4xx_hal_tim_ex.o
HAL_TIMEx_HallSensor_Init                         build/debug/stm32g4xx_hal_tim_ex.o
HAL_TIMEx_HallSensor_MspDeInit                    build/debug/stm32g4xx_hal_tim_ex.o
HAL_TIMEx_HallSensor_MspInit                      build/debug/stm32g4xx_hal_tim_ex.o
HAL_TIMEx_HallSensor_Start                        build/debug/stm32g4xx_hal_tim_ex.o
HAL_TIMEx_HallSensor_Start_DMA                    build/debug/stm32g4xx_hal_tim_ex.o
HAL_TIMEx_HallSensor_Start_IT                     build/debug/stm32g4xx_hal_tim_ex.o
HAL_TIMEx_HallSensor_Stop                         build/debug/stm32g4xx_hal_tim_ex.o
HAL_TIMEx_HallSensor_Stop_DMA                     build/debug/stm32g4xx_hal_tim_ex.o
HAL_TIMEx_HallSensor_Stop_IT                      build/debug/stm32g4xx_hal_tim_ex.o
HAL_TIMEx_IndexErrorCallback                      build/debug/stm32g4xx_hal_tim_ex.o
                                                  build/debug/stm32g4xx_hal_tim.o
HAL_TIMEx_MasterConfigSynchronization             build/debug/stm32g4xx_hal_tim_ex.o
HAL_TIMEx_OCN_Start                               build/debug/stm32g4xx_hal_tim_ex.o
HAL_TIMEx_OCN_Start_DMA                           build/debug/stm32g4xx_hal_tim_ex.o
HAL_TIMEx_OCN_Start_IT                            build/debug/stm32g4xx_hal_tim_ex.o
HAL_TIMEx_OCN_Stop                                build/debug/stm32g4xx_hal_tim_ex.o
HAL_TIMEx_OCN_Stop_DMA                            build/debug/stm32g4xx_hal_tim_ex.o
HAL_TIMEx_OCN_Stop_IT                             build/debug/stm32g4xx_hal_tim_ex.o
HAL_TIMEx_OC_ConfigPulseOnCompare                 build/debug/stm32g4xx_hal_tim_ex.o
HAL_TIMEx_OnePulseN_Start                         build/debug/stm32g4xx_hal_tim_ex.o
HAL_TIMEx_OnePulseN_Start_IT                      build/debug/stm32g4xx_hal_tim_ex.o
HAL_TIMEx_OnePulseN_Stop                          build/debug/stm32g4xx_hal_tim_ex.o
HAL_TIMEx_OnePulseN_Stop_IT                       build/debug/stm32g4xx_hal_tim_ex.o
HAL_TIMEx_PWMN_Start                              build/debug/stm32g4xx_hal_tim_ex.o
HAL_TIMEx_PWMN_Start_DMA                          build/debug/stm32g4xx_hal_tim_ex.o
HAL_TIMEx_PWMN_Start_IT                           build/debug/stm32g4xx_hal_tim_ex.o
HAL_TIMEx_PWMN_Stop                               build/debug/stm32g4xx_hal_tim_ex.o
HAL_TIMEx_PWMN_Stop_DMA                           build/debug/stm32g4xx_hal_tim_ex.o
HAL_TIMEx_PWMN_Stop_IT                            build/debug/stm32g4xx_hal_tim_ex.o
HAL_TIMEx_ReArmBreakInput                         build/debug/stm32g4xx_hal_tim_ex.o
HAL_TIMEx_RemapConfig                             build/debug/stm32g4xx_hal_tim_ex.o
HAL_TIMEx_TISelection                             build/debug/stm32g4xx_hal_tim_ex.o
HAL_TIMEx_TransitionErrorCallback                 build/debug/stm32g4xx_hal_tim_ex.o
                                                  build/debug/stm32g4xx_hal_tim.o
HAL_TIM_Base_DeInit                               build/debug/stm32g4xx_hal_tim.o
HAL_TIM_Base_GetState                             build/debug/stm32g4xx_hal_tim.o
HAL_TIM_Base_Init                                 build/debug/stm32g4xx_hal_tim.o
HAL_TIM_Base_MspDeInit                            build/debug/stm32g4xx_hal_tim.o
HAL_TIM_Base_MspInit                              build/debug/stm32g4xx_hal_tim.o
HAL_TIM_Base_Start                                build/debug/stm32g4xx_hal_tim.o
HAL_TIM_Base_Start_DMA                            build/debug/stm32g4xx_hal_tim.o
HAL_TIM_Base_Start_IT                             build/debug/stm32g4xx_hal_tim.o
HAL_TIM_Base_Stop                                 build/debug/stm32g4xx_hal_tim.o
HAL_TIM_Base_Stop_DMA                             build/debug/stm32g4xx_hal_tim.o
HAL_TIM_Base_Stop_IT                              build/debug/stm32g4xx_hal_tim.o
HAL_TIM_ConfigClockSource                         build/debug/stm32g4xx_hal_tim.o
HAL_TIM_ConfigOCrefClear                          build/debug/stm32g4xx_hal_tim.o
HAL_TIM_ConfigTI1Input                            build/debug/stm32g4xx_hal_tim.o
HAL_TIM_DMABurstState                             build/debug/stm32g4xx_hal_tim.o
HAL_TIM_DMABurst_MultiReadStart                   build/debug/stm32g4xx_hal_tim.o
HAL_TIM_DMABurst_MultiWriteStart                  build/debug/stm32g4xx_hal_tim.o
HAL_TIM_DMABurst_ReadStart                        build/debug/stm32g4xx_hal_tim.o
HAL_TIM_DMABurst_ReadStop                         build/debug/stm32g4xx_hal_tim.o
HAL_TIM_DMABurst_WriteStart                       build/debug/stm32g4xx_hal_tim.o
HAL_TIM_DMABurst_WriteStop                        build/debug/stm32g4xx_hal_tim.o
HAL_TIM_Encoder_DeInit                            build/debug/stm32g4xx_hal_tim.o
HAL_TIM_Encoder_GetState                          build/debug/stm32g4xx_hal_tim.o
HAL_TIM_Encoder_Init                              build/debug/stm32g4xx_hal_tim.o
HAL_TIM_Encoder_MspDeInit                         build/debug/stm32g4xx_hal_tim.o
HAL_TIM_Encoder_MspInit                           build/debug/stm32g4xx_hal_tim.o
HAL_TIM_Encoder_Start                             build/debug/stm32g4xx_hal_tim.o
HAL_TIM_Encoder_Start_DMA                         build/debug/stm32g4xx_hal_tim.o
HAL_TIM_Encoder_Start_IT                          build/debug/stm32g4xx_hal_tim.o
HAL_TIM_Encoder_Stop                              build/debug/stm32g4xx_hal_tim.o
HAL_TIM_Encoder_Stop_DMA                          build/debug/stm32g4xx_hal_tim.o
HAL_TIM_Encoder_Stop_IT                           build/debug/stm32g4xx_hal_tim.o
HAL_TIM_ErrorCallback                             build/debug/stm32g4xx_hal_tim.o
                                                  build/debug/stm32g4xx_hal_tim_ex.o
HAL_TIM_GenerateEvent                             build/debug/stm32g4xx_hal_tim.o
HAL_TIM_GetActiveChannel                          build/debug/stm32g4xx_hal_tim.o
HAL_TIM_GetChannelState                           build/debug/stm32g4xx_hal_tim.o
HAL_TIM_IC_CaptureCallback                        build/debug/stm32g4xx_hal_tim.o
HAL_TIM_IC_CaptureHalfCpltCallback                build/debug/stm32g4xx_hal_tim.o
HAL_TIM_IC_ConfigChannel                          build/debug/stm32g4xx_hal_tim.o
HAL_TIM_IC_DeInit                                 build/debug/stm32g4xx_hal_tim.o
HAL_TIM_IC_GetState                               build/debug/stm32g4xx_hal_tim.o
HAL_TIM_IC_Init                                   build/debug/stm32g4xx_hal_tim.o
HAL_TIM_IC_MspDeInit                              build/debug/stm32g4xx_hal_tim.o
HAL_TIM_IC_MspInit                                build/debug/stm32g4xx_hal_tim.o
HAL_TIM_IC_Start                                  build/debug/stm32g4xx_hal_tim.o
HAL_TIM_IC_Start_DMA                              build/debug/stm32g4xx_hal_tim.o
HAL_TIM_IC_Start_IT                               build/debug/stm32g4xx_hal_tim.o
HAL_TIM_IC_Stop                                   build/debug/stm32g4xx_hal_tim.o
HAL_TIM_IC_Stop_DMA                               build/debug/stm32g4xx_hal_tim.o
HAL_TIM_IC_Stop_IT                                build/debug/stm32g4xx_hal_tim.o
HAL_TIM_IRQHandler                                build/debug/stm32g4xx_hal_tim.o
HAL_TIM_MspPostInit                               build/debug/stm32g4xx_hal_msp.o
HAL_TIM_OC_ConfigChannel                          build/debug/stm32g4xx_hal_tim.o
HAL_TIM_OC_DeInit                                 build/debug/stm32g4xx_hal_tim.o
HAL_TIM_OC_DelayElapsedCallback                   build/debug/stm32g4xx_hal_tim.o
HAL_TIM_OC_GetState                               build/debug/stm32g4xx_hal_tim.o
HAL_TIM_OC_Init                                   build/debug/stm32g4xx_hal_tim.o
HAL_TIM_OC_MspDeInit                              build/debug/stm32g4xx_hal_tim.o
HAL_TIM_OC_MspInit                                build/debug/stm32g4xx_hal_tim.o
HAL_TIM_OC_Start                                  build/debug/stm32g4xx_hal_tim.o
HAL_TIM_OC_Start_DMA                              build/debug/stm32g4xx_hal_tim.o
HAL_TIM_OC_Start_IT                               build/debug/stm32g4xx_hal_tim.o
HAL_TIM_OC_Stop                                   build/debug/stm32g4xx_hal_tim.o
HAL_TIM_OC_Stop_DMA                               build/debug/stm32g4xx_hal_tim.o
HAL_TIM_OC_Stop_IT                                build/debug/stm32g4xx_hal_tim.o
HAL_TIM_OnePulse_ConfigChannel                    build/debug/stm32g4xx_hal_tim.o
HAL_TIM_OnePulse_DeInit                           build/debug/stm32g4xx_hal_tim.o
HAL_TIM_OnePulse_GetState                         build/debug/stm32g4xx_hal_tim.o
HAL_TIM_OnePulse_Init                             build/debug/stm32g4xx_hal_tim.o
HAL_TIM_OnePulse_MspDeInit                        build/debug/stm32g4xx_hal_tim.o
HAL_TIM_OnePulse_MspInit                          build/debug/stm32g4xx_hal_tim.o
HAL_TIM_OnePulse_Start                            build/debug/stm32g4xx_hal_tim.o
HAL_TIM_OnePulse_Start_IT                         build/debug/stm32g4xx_hal_tim.o
HAL_TIM_OnePulse_Stop                             build/debug/stm32g4xx_hal_tim.o
HAL_TIM_OnePulse_Stop_IT                          build/debug/stm32g4xx_hal_tim.o
HAL_TIM_PWM_ConfigChannel                         build/debug/stm32g4xx_hal_tim.o
HAL_TIM_PWM_DeInit                                build/debug/stm32g4xx_hal_tim.o
HAL_TIM_PWM_GetState                              build/debug/stm32g4xx_hal_tim.o
HAL_TIM_PWM_Init                                  build/debug/stm32g4xx_hal_tim.o
HAL_TIM_PWM_MspDeInit                             build/debug/stm32g4xx_hal_msp.o
HAL_TIM_PWM_MspInit                               build/debug/stm32g4xx_hal_msp.o
HAL_TIM_PWM_PulseFinishedCallback                 build/debug/stm32g4xx_hal_tim.o
                                                  build/debug/stm32g4xx_hal_tim_ex.o
HAL_TIM_PWM_PulseFinishedHalfCpltCallback         build/debug/stm32g4xx_hal_tim.o
HAL_TIM_PWM_Start                                 build/debug/stm32g4xx_hal_tim.o
HAL_TIM_PWM_Start_DMA                             build/debug/stm32g4xx_hal_tim.o
HAL_TIM_PWM_Start_IT                              build/debug/stm32g4xx_hal_tim.o
HAL_TIM_PWM_Stop                                  build/debug/stm32g4xx_hal_tim.o
HAL_TIM_PWM_Stop_DMA                              build/debug/stm32g4xx_hal_tim.o
HAL_TIM_PWM_Stop_IT                               build/debug/stm32g4xx_hal_tim.o
HAL_TIM_PeriodElapsedCallback                     build/debug/stm32g4xx_hal_tim.o
HAL_TIM_PeriodElapsedHalfCpltCallback             build/debug/stm32g4xx_hal_tim.o
HAL_TIM_ReadCapturedValue                         build/debug/stm32g4xx_hal_tim.o
HAL_TIM_SlaveConfigSynchro                        build/debug/stm32g4xx_hal_tim.o
HAL_TIM_SlaveConfigSynchro_IT                     build/debug/stm32g4xx_hal_tim.o
HAL_TIM_TriggerCallback                           build/debug/stm32g4xx_hal_tim.o
HAL_TIM_TriggerHalfCpltCallback                   build/debug/stm32g4xx_hal_tim.o
HAL_UARTEx_DisableFifoMode                        build/debug/stm32g4xx_hal_uart_ex.o
HAL_UARTEx_DisableStopMode                        build/debug/stm32g4xx_hal_uart_ex.o
HAL_UARTEx_EnableFifoMode                         build/debug/stm32g4xx_hal_uart_ex.o