Archive member included to satisfy reference by file (symbol)

c:/Users/Nathan/AppData/Roaming/Code/User/globalStorage/bmd.stm32-for-vscode/@xpack-dev-tools/arm-none-eabi-gcc/14.2.1-1.1.1/.content/bin/../lib/gcc/arm-none-eabi/14.2.1/../../../../arm-none-eabi/lib/thumb/v7e-m+dp/hard\libc_nano.a(libc_a-atexit.o)
                              c:/Users/Nathan/AppData/Roaming/Code/User/globalStorage/bmd.stm32-for-vscode/@xpack-dev-tools/arm-none-eabi-gcc/14.2.1-1.1.1/.content/bin/../lib/gcc/arm-none-eabi/14.2.1/../../../../arm-none-eabi/lib/thumb/v7e-m+dp/hard/crt0.o (atexit)
c:/Users/Nathan/AppData/Roaming/Code/User/globalStorage/bmd.stm32-for-vscode/@xpack-dev-tools/arm-none-eabi-gcc/14.2.1-1.1.1/.content/bin/../lib/gcc/arm-none-eabi/14.2.1/../../../../arm-none-eabi/lib/thumb/v7e-m+dp/hard\libc_nano.a(libc_a-exit.o)
                              c:/Users/Nathan/AppData/Roaming/Code/User/globalStorage/bmd.stm32-for-vscode/@xpack-dev-tools/arm-none-eabi-gcc/14.2.1-1.1.1/.content/bin/../lib/gcc/arm-none-eabi/14.2.1/../../../../arm-none-eabi/lib/thumb/v7e-m+dp/hard/crt0.o (exit)
c:/Users/Nathan/AppData/Roaming/Code/User/globalStorage/bmd.stm32-for-vscode/@xpack-dev-tools/arm-none-eabi-gcc/14.2.1-1.1.1/.content/bin/../lib/gcc/arm-none-eabi/14.2.1/../../../../arm-none-eabi/lib/thumb/v7e-m+dp/hard\libc_nano.a(libc_a-nano-vfprintf_float.o)
                              (_printf_float)
c:/Users/Nathan/AppData/Roaming/Code/User/globalStorage/bmd.stm32-for-vscode/@xpack-dev-tools/arm-none-eabi-gcc/14.2.1-1.1.1/.content/bin/../lib/gcc/arm-none-eabi/14.2.1/../../../../arm-none-eabi/lib/thumb/v7e-m+dp/hard\libc_nano.a(libc_a-nano-vfprintf_i.o)
                              c:/Users/Nathan/AppData/Roaming/Code/User/globalStorage/bmd.stm32-for-vscode/@xpack-dev-tools/arm-none-eabi-gcc/14.2.1-1.1.1/.content/bin/../lib/gcc/arm-none-eabi/14.2.1/../../../../arm-none-eabi/lib/thumb/v7e-m+dp/hard\libc_nano.a(libc_a-nano-vfprintf_float.o) (_printf_common)
c:/Users/Nathan/AppData/Roaming/Code/User/globalStorage/bmd.stm32-for-vscode/@xpack-dev-tools/arm-none-eabi-gcc/14.2.1-1.1.1/.content/bin/../lib/gcc/arm-none-eabi/14.2.1/../../../../arm-none-eabi/lib/thumb/v7e-m+dp/hard\libc_nano.a(libc_a-findfp.o)
                              c:/Users/Nathan/AppData/Roaming/Code/User/globalStorage/bmd.stm32-for-vscode/@xpack-dev-tools/arm-none-eabi-gcc/14.2.1-1.1.1/.content/bin/../lib/gcc/arm-none-eabi/14.2.1/../../../../arm-none-eabi/lib/thumb/v7e-m+dp/hard\libc_nano.a(libc_a-exit.o) (__stdio_exit_handler)
c:/Users/Nathan/AppData/Roaming/Code/User/globalStorage/bmd.stm32-for-vscode/@xpack-dev-tools/arm-none-eabi-gcc/14.2.1-1.1.1/.content/bin/../lib/gcc/arm-none-eabi/14.2.1/../../../../arm-none-eabi/lib/thumb/v7e-m+dp/hard\libc_nano.a(libc_a-fwalk.o)
                              c:/Users/Nathan/AppData/Roaming/Code/User/globalStorage/bmd.stm32-for-vscode/@xpack-dev-tools/arm-none-eabi-gcc/14.2.1-1.1.1/.content/bin/../lib/gcc/arm-none-eabi/14.2.1/../../../../arm-none-eabi/lib/thumb/v7e-m+dp/hard\libc_nano.a(libc_a-findfp.o) (_fwalk_sglue)
c:/Users/Nathan/AppData/Roaming/Code/User/globalStorage/bmd.stm32-for-vscode/@xpack-dev-tools/arm-none-eabi-gcc/14.2.1-1.1.1/.content/bin/../lib/gcc/arm-none-eabi/14.2.1/../../../../arm-none-eabi/lib/thumb/v7e-m+dp/hard\libc_nano.a(libc_a-printf.o)
                              build/debug/usbd_core.o (printf)
c:/Users/Nathan/AppData/Roaming/Code/User/globalStorage/bmd.stm32-for-vscode/@xpack-dev-tools/arm-none-eabi-gcc/14.2.1-1.1.1/.content/bin/../lib/gcc/arm-none-eabi/14.2.1/../../../../arm-none-eabi/lib/thumb/v7e-m+dp/hard\libc_nano.a(libc_a-putchar.o)
                              build/debug/usbd_core.o (putchar)
c:/Users/Nathan/AppData/Roaming/Code/User/globalStorage/bmd.stm32-for-vscode/@xpack-dev-tools/arm-none-eabi-gcc/14.2.1-1.1.1/.content/bin/../lib/gcc/arm-none-eabi/14.2.1/../../../../arm-none-eabi/lib/thumb/v7e-m+dp/hard\libc_nano.a(libc_a-sprintf.o)
                              build/debug/driver_bmp388_interface.o (sprintf)
c:/Users/Nathan/AppData/Roaming/Code/User/globalStorage/bmd.stm32-for-vscode/@xpack-dev-tools/arm-none-eabi-gcc/14.2.1-1.1.1/.content/bin/../lib/gcc/arm-none-eabi/14.2.1/../../../../arm-none-eabi/lib/thumb/v7e-m+dp/hard\libc_nano.a(libc_a-stdio.o)
                              c:/Users/Nathan/AppData/Roaming/Code/User/globalStorage/bmd.stm32-for-vscode/@xpack-dev-tools/arm-none-eabi-gcc/14.2.1-1.1.1/.content/bin/../lib/gcc/arm-none-eabi/14.2.1/../../../../arm-none-eabi/lib/thumb/v7e-m+dp/hard\libc_nano.a(libc_a-findfp.o) (__sread)
c:/Users/Nathan/AppData/Roaming/Code/User/globalStorage/bmd.stm32-for-vscode/@xpack-dev-tools/arm-none-eabi-gcc/14.2.1-1.1.1/.content/bin/../lib/gcc/arm-none-eabi/14.2.1/../../../../arm-none-eabi/lib/thumb/v7e-m+dp/hard\libc_nano.a(libc_a-vsnprintf.o)
                              build/debug/athena.o (vsnprintf)
[...]
Memory Configuration

Name             Origin             Length             Attributes
DTCMRAM          0x20000000         0x00020000         xrw
RAM              0x24000000         0x00080000         xrw
RAM_D2           0x30000000         0x00048000         xrw
RAM_D3           0x38000000         0x00010000         xrw
ITCMRAM          0x00000000         0x00010000         xrw
FLASH            0x08000000         0x00200000         xr
*default*        0x00000000         0xffffffff

Linker script and memory map

LOAD c:/Users/Nathan/AppData/Roaming/Code/User/globalStorage/bmd.stm32-for-vscode/@xpack-dev-tools/arm-none-eabi-gcc/14.2.1-1.1.1/.content/bin/../lib/gcc/arm-none-eabi/14.2.1/thumb/v7e-m+dp/hard/crti.o
LOAD c:/Users/Nathan/AppData/Roaming/Code/User/globalStorage/bmd.stm32-for-vscode/@xpack-dev-tools/arm-none-eabi-gcc/14.2.1-1.1.1/.content/bin/../lib/gcc/arm-none-eabi/14.2.1/thumb/v7e-m+dp/hard/crtbegin.o
LOAD c:/Users/Nathan/AppData/Roaming/Code/User/globalStorage/bmd.stm32-for-vscode/@xpack-dev-tools/arm-none-eabi-gcc/14.2.1-1.1.1/.content/bin/../lib/gcc/arm-none-eabi/14.2.1/../../../../arm-none-eabi/lib/thumb/v7e-m+dp/hard/crt0.o
LOAD build/debug/Icp201xx.o
LOAD build/debug/Icp201xxDriver.o
LOAD build/debug/Icp201xxSerif.o
LOAD build/debug/athena.o
LOAD build/debug/conversion_helper.o
LOAD build/debug/driver_bmp388.o
LOAD build/debug/driver_bmp388_basic.o
LOAD build/debug/driver_bmp388_fifo.o
LOAD build/debug/driver_bmp388_interface.o
LOAD build/debug/icp201xx_interface.o
LOAD build/debug/inv_time.o
LOAD build/debug/main.o
LOAD build/debug/stm32h7xx_hal.o
LOAD build/debug/stm32h7xx_hal_cortex.o
LOAD build/debug/stm32h7xx_hal_dma.o
LOAD build/debug/stm32h7xx_hal_dma_ex.o
LOAD build/debug/stm32h7xx_hal_exti.o
LOAD build/debug/stm32h7xx_hal_fdcan.o
LOAD build/debug/stm32h7xx_hal_flash.o
LOAD build/debug/stm32h7xx_hal_flash_ex.o
LOAD build/debug/stm32h7xx_hal_gpio.o
LOAD build/debug/stm32h7xx_hal_hsem.o
LOAD build/debug/stm32h7xx_hal_i2c.o
LOAD build/debug/stm32h7xx_hal_i2c_ex.o
LOAD build/debug/stm32h7xx_hal_mdma.o
LOAD build/debug/stm32h7xx_hal_msp.o
LOAD build/debug/stm32h7xx_hal_pcd.o
LOAD build/debug/stm32h7xx_hal_pcd_ex.o
LOAD build/debug/stm32h7xx_hal_pwr.o
LOAD build/debug/stm32h7xx_hal_pwr_ex.o
LOAD build/debug/stm32h7xx_hal_rcc.o
LOAD build/debug/stm32h7xx_hal_rcc_ex.o
LOAD build/debug/stm32h7xx_hal_spi.o
LOAD build/debug/stm32h7xx_hal_spi_ex.o
LOAD build/debug/stm32h7xx_hal_tim.o
LOAD build/debug/stm32h7xx_hal_tim_ex.o
LOAD build/debug/stm32h7xx_hal_uart.o
LOAD build/debug/stm32h7xx_hal_uart_ex.o
LOAD build/debug/stm32h7xx_it.o
LOAD build/debug/stm32h7xx_ll_usb.o
LOAD build/debug/syscalls.o
LOAD build/debug/sysmem.o
LOAD build/debug/system_stm32h7xx.o
LOAD build/debug/usb_device.o
LOAD build/debug/usbd_cdc.o
LOAD build/debug/usbd_cdc_if.o
LOAD build/debug/usbd_conf.o
LOAD build/debug/usbd_core.o
LOAD build/debug/usbd_ctlreq.o
LOAD build/debug/usbd_desc.o
LOAD build/debug/usbd_ioreq.o
LOAD build/debug/startup_stm32h753xx.o
LOAD c:/Users/Nathan/AppData/Roaming/Code/User/globalStorage/bmd.stm32-for-vscode/@xpack-dev-tools/arm-none-eabi-gcc/14.2.1-1.1.1/.content/bin/../lib/gcc/arm-none-eabi/14.2.1/../../../../arm-none-eabi/lib/thumb/v7e-m+dp/hard\libc_nano.a
LOAD c:/Users/Nathan/AppData/Roaming/Code/User/globalStorage/bmd.stm32-for-vscode/@xpack-dev-tools/arm-none-eabi-gcc/14.2.1-1.1.1/.content/bin/../lib/gcc/arm-none-eabi/14.2.1/../../../../arm-none-eabi/lib/thumb/v7e-m+dp/hard\libm.a
LOAD c:/Users/Nathan/AppData/Roaming/Code/User/globalStorage/bmd.stm32-for-vscode/@xpack-dev-tools/arm-none-eabi-gcc/14.2.1-1.1.1/.content/bin/../lib/gcc/arm-none-eabi/14.2.1/../../../../arm-none-eabi/lib/thumb/v7e-m+dp/hard\libnosys.a
START GROUP
LOAD c:/Users/Nathan/AppData/Roaming/Code/User/globalStorage/bmd.stm32-for-vscode/@xpack-dev-tools/arm-none-eabi-gcc/14.2.1-1.1.1/.content/bin/../lib/gcc/arm-none-eabi/14.2.1/thumb/v7e-m+dp/hard\libgcc.a
LOAD c:/Users/Nathan/AppData/Roaming/Code/User/globalStorage/bmd.stm32-for-vscode/@xpack-dev-tools/arm-none-eabi-gcc/14.2.1-1.1.1/.content/bin/../lib/gcc/arm-none-eabi/14.2.1/../../../../arm-none-eabi/lib/thumb/v7e-m+dp/hard\libc_nano.a
END GROUP
START GROUP
LOAD c:/Users/Nathan/AppData/Roaming/Code/User/globalStorage/bmd.stm32-for-vscode/@xpack-dev-tools/arm-none-eabi-gcc/14.2.1-1.1.1/.content/bin/../lib/gcc/arm-none-eabi/14.2.1/thumb/v7e-m+dp/hard\libgcc.a
LOAD c:/Users/Nathan/AppData/Roaming/Code/User/globalStorage/bmd.stm32-for-vscode/@xpack-dev-tools/arm-none-eabi-gcc/14.2.1-1.1.1/.content/bin/../lib/gcc/arm-none-eabi/14.2.1/../../../../arm-none-eabi/lib/thumb/v7e-m+dp/hard\libc_nano.a
END GROUP
LOAD c:/Users/Nathan/AppData/Roaming/Code/User/globalStorage/bmd.stm32-for-vscode/@xpack-dev-tools/arm-none-eabi-gcc/14.2.1-1.1.1/.content/bin/../lib/gcc/arm-none-eabi/14.2.1/thumb/v7e-m+dp/hard/crtend.o
LOAD c:/Users/Nathan/AppData/Roaming/Code/User/globalStorage/bmd.stm32-for-vscode/@xpack-dev-tools/arm-none-eabi-gcc/14.2.1-1.1.1/.content/bin/../lib/gcc/arm-none-eabi/14.2.1/thumb/v7e-m+dp/hard/crtn.o
                0x20020000                        _estack = (ORIGIN (DTCMRAM) + LENGTH (DTCMRAM))
                0x00002000                        _Min_Heap_Size = 0x2000
                0x00006000                        _Min_Stack_Size = 0x6000

.isr_vector     0x08000000      0x298
                0x08000000                        . = ALIGN (0x4)
 *(.isr_vector)
 .isr_vector    0x08000000      0x298 build/debug/startup_stm32h753xx.o
                0x08000000                g_pfnVectors
                0x08000298                        . = ALIGN (0x4)

.text           0x080002a0     0xd320
                0x080002a0                        . = ALIGN (0x4)
 *(.text)
 .text          0x080002a0       0xa0 c:/Users/Nathan/AppData/Roaming/Code/User/globalStorage/bmd.stm32-for-vscode/@xpack-dev-tools/arm-none-eabi-gcc/14.2.1-1.1.1/.content/bin/../lib/gcc/arm-none-eabi/14.2.1/../../../../arm-none-eabi/lib/thumb/v7e-m+dp/hard\libc_nano.a(libc_a-memchr.o)
                0x080002a0                memchr
 .text          0x08000340       0x10 c:/Users/Nathan/AppData/Roaming/Code/User/globalStorage/bmd.stm32-for-vscode/@xpack-dev-tools/arm-none-eabi-gcc/14.2.1-1.1.1/.content/bin/../lib/gcc/arm-none-eabi/14.2.1/../../../../arm-none-eabi/lib/thumb/v7e-m+dp/hard\libc_nano.a(libc_a-strlen.o)
                0x08000340                strlen
 .text          0x08000350      0x378 c:/Users/Nathan/AppData/Roaming/Code/User/globalStorage/bmd.stm32-for-vscode/@xpack-dev-tools/arm-none-eabi-gcc/14.2.1-1.1.1/.content/bin/../lib/gcc/arm-none-eabi/14.2.1/thumb/v7e-m+dp/hard\libgcc.a(_arm_addsubdf3.o)
                0x08000350                __aeabi_drsub
                0x08000358                __aeabi_dsub
                0x08000358                __subdf3
                0x0800035c                __aeabi_dadd
                0x0800035c                __adddf3
                0x080005d4                __floatunsidf
                0x080005d4                __aeabi_ui2d
                0x080005f4                __floatsidf
                0x080005f4                __aeabi_i2d
                0x08000618                __aeabi_f2d
                0x08000618                __extendsfdf2
                0x0800065c                __floatundidf
                0x0800065c                __aeabi_ul2d
                0x0800066c                __floatdidf
                0x0800066c                __aeabi_l2d
 .text          0x080006c8       0x30 c:/Users/Nathan/AppData/Roaming/Code/User/globalStorage/bmd.stm32-for-vscode/@xpack-dev-tools/arm-none-eabi-gcc/14.2.1-1.1.1/.content/bin/../lib/gcc/arm-none-eabi/14.2.1/thumb/v7e-m+dp/hard\libgcc.a(_aeabi_uldivmod.o)
                0x080006c8                __aeabi_uldivmod
 .text          0x080006f8        0x4 c:/Users/Nathan/AppData/Roaming/Code/User/globalStorage/bmd.stm32-for-vscode/@xpack-dev-tools/arm-none-eabi-gcc/14.2.1-1.1.1/.content/bin/../lib/gcc/arm-none-eabi/14.2.1/thumb/v7e-m+dp/hard\libgcc.a(_dvmd_tls.o)
                0x080006f8                __aeabi_idiv0
                0x080006f8                __aeabi_ldiv0
 *(.text*)
 .text.__do_global_dtors_aux
                0x080006fc       0x24 c:/Users/Nathan/AppData/Roaming/Code/User/globalStorage/bmd.stm32-for-vscode/@xpack-dev-tools/arm-none-eabi-gcc/14.2.1-1.1.1/.content/bin/../lib/gcc/arm-none-eabi/14.2.1/thumb/v7e-m+dp/hard/crtbegin.o
 .text.frame_dummy
                0x08000720       0x1c c:/Users/Nathan/AppData/Roaming/Code/User/globalStorage/bmd.stm32-for-vscode/@xpack-dev-tools/arm-none-eabi-gcc/14.2.1-1.1.1/.content/bin/../lib/gcc/arm-none-eabi/14.2.1/thumb/v7e-m+dp/hard/crtbegin.o
 .text.Athena_Init
                0x0800073c       0x20 build/debug/athena.o
                0x0800073c                Athena_Init
 .text.Set_LED_Color
                0x0800075c      0x128 build/debug/athena.o
                0x0800075c                Set_LED_Color
 .text.print    0x08000884       0x32 build/debug/athena.o
                0x08000884                print
 .text.a_bmp388_iic_spi_write
                0x080008b6       0x76 build/debug/driver_bmp388.o
 .text.a_bmp388_compensate_temperature
                0x0800092c       0x8c build/debug/driver_bmp388.o
 .text.a_bmp388_compensate_pressure
                0x080009b8      0x2c6 build/debug/driver_bmp388.o
 *fill*         0x08000c7e        0x2 
 .text.a_bmp388_close
                0x08000c80       0x44 build/debug/driver_bmp388.o
 .text.a_bmp388_iic_spi_read
                0x08000cc4       0x52 build/debug/driver_bmp388.o
 *fill*         0x08000d16        0x2 
 .text.a_bmp388_get_calibration_data
                0x08000d18      0x220 build/debug/driver_bmp388.o
 .text.bmp388_set_fifo_watermark
                0x08000f38       0x44 build/debug/driver_bmp388.o
                0x08000f38                bmp388_set_fifo_watermark
 .text.bmp388_set_fifo
                0x08000f7c       0x70 build/debug/driver_bmp388.o
                0x08000f7c                bmp388_set_fifo
 .text.bmp388_set_fifo_stop_on_full
                0x08000fec       0x70 build/debug/driver_bmp388.o
                0x08000fec                bmp388_set_fifo_stop_on_full
 .text.bmp388_set_fifo_sensortime_on
                0x0800105c       0x70 build/debug/driver_bmp388.o
                0x0800105c                bmp388_set_fifo_sensortime_on
 .text.bmp388_set_fifo_pressure_on
                0x080010cc       0x70 build/debug/driver_bmp388.o
                0x080010cc                bmp388_set_fifo_pressure_on
 .text.bmp388_set_fifo_temperature_on
                0x0800113c       0x70 build/debug/driver_bmp388.o
                0x0800113c                bmp388_set_fifo_temperature_on
 .text.bmp388_set_fifo_subsampling
                0x080011ac       0x84 build/debug/driver_bmp388.o
                0x080011ac                bmp388_set_fifo_subsampling
 .text.bmp388_set_fifo_data_source
                0x08001230       0x70 build/debug/driver_bmp388.o
                0x08001230                bmp388_set_fifo_data_source
 .text.bmp388_set_interrupt_pin_type
                0x080012a0       0x70 build/debug/driver_bmp388.o
                0x080012a0                bmp388_set_interrupt_pin_type
 .text.bmp388_set_interrupt_active_level
                0x08001310       0x70 build/debug/driver_bmp388.o
                0x08001310                bmp388_set_interrupt_active_level
 .text.bmp388_set_latch_interrupt_pin_and_interrupt_status
                0x08001380       0x70 build/debug/driver_bmp388.o
                0x08001380                bmp388_set_latch_interrupt_pin_and_interrupt_status
 .text.bmp388_set_interrupt_fifo_watermark
                0x080013f0       0x70 build/debug/driver_bmp388.o
                0x080013f0                bmp388_set_interrupt_fifo_watermark
 .text.bmp388_set_interrupt_fifo_full
                0x08001460       0x70 build/debug/driver_bmp388.o
                0x08001460                bmp388_set_interrupt_fifo_full
 .text.bmp388_set_interrupt_data_ready
                0x080014d0       0x70 build/debug/driver_bmp388.o
                0x080014d0                bmp388_set_interrupt_data_ready
 .text.bmp388_set_spi_wire
                0x08001540       0x70 build/debug/driver_bmp388.o
                0x08001540                bmp388_set_spi_wire
 .text.bmp388_set_iic_watchdog_timer
                0x080015b0       0x70 build/debug/driver_bmp388.o
                0x080015b0                bmp388_set_iic_watchdog_timer
 .text.bmp388_set_iic_watchdog_period
                0x08001620       0x70 build/debug/driver_bmp388.o
                0x08001620                bmp388_set_iic_watchdog_period
 .text.bmp388_set_pressure
                0x08001690       0x70 build/debug/driver_bmp388.o
                0x08001690                bmp388_set_pressure
 .text.bmp388_set_temperature
                0x08001700       0x70 build/debug/driver_bmp388.o
                0x08001700                bmp388_set_temperature
 .text.bmp388_set_mode
                0x08001770       0x70 build/debug/driver_bmp388.o
                0x08001770                bmp388_set_mode
 .text.bmp388_set_pressure_oversampling
                0x080017e0       0x70 build/debug/driver_bmp388.o
                0x080017e0                bmp388_set_pressure_oversampling
 .text.bmp388_set_temperature_oversampling
                0x08001850       0x70 build/debug/driver_bmp388.o
                0x08001850                bmp388_set_temperature_oversampling
 .text.bmp388_set_odr
                0x080018c0       0x70 build/debug/driver_bmp388.o
                0x080018c0                bmp388_set_odr
 .text.bmp388_set_filter_coefficient
                0x08001930       0x70 build/debug/driver_bmp388.o
                0x08001930                bmp388_set_filter_coefficient
 .text.bmp388_init
                0x080019a0      0x1f0 build/debug/driver_bmp388.o
                0x080019a0                bmp388_init
 .text.bmp388_deinit
                0x08001b90       0x84 build/debug/driver_bmp388.o
                0x08001b90                bmp388_deinit
 .text.bmp388_irq_handler
                0x08001c14       0x80 build/debug/driver_bmp388.o
                0x08001c14                bmp388_irq_handler
 .text.bmp388_set_addr_pin
                0x08001c94        0xc build/debug/driver_bmp388.o
                0x08001c94                bmp388_set_addr_pin
 .text.bmp388_set_interface
                0x08001ca0        0xe build/debug/driver_bmp388.o
                0x08001ca0                bmp388_set_interface
 *fill*         0x08001cae        0x2 
 .text.bmp388_read_fifo
                0x08001cb0       0xb8 build/debug/driver_bmp388.o
                0x08001cb0                bmp388_read_fifo
 .text.bmp388_fifo_parse
                0x08001d68      0x200 build/debug/driver_bmp388.o
                0x08001d68                bmp388_fifo_parse
 .text.bmp388_fifo_irq_handler
                0x08001f68       0x14 build/debug/driver_bmp388_fifo.o
                0x08001f68                bmp388_fifo_irq_handler
 .text.bmp388_fifo_init
                0x08001f7c      0x404 build/debug/driver_bmp388_fifo.o
                0x08001f7c                bmp388_fifo_init
 .text.bmp388_fifo_read
                0x08002380       0x40 build/debug/driver_bmp388_fifo.o
                0x08002380                bmp388_fifo_read
 .text.bmp388_interface_iic_init
                0x080023c0        0x4 build/debug/driver_bmp388_interface.o
                0x080023c0                bmp388_interface_iic_init
 .text.bmp388_interface_iic_deinit
                0x080023c4        0x4 build/debug/driver_bmp388_interface.o
                0x080023c4                bmp388_interface_iic_deinit
 .text.bmp388_interface_iic_read
                0x080023c8        0x4 build/debug/driver_bmp388_interface.o
                0x080023c8                bmp388_interface_iic_read
 .text.bmp388_interface_iic_write
                0x080023cc        0x4 build/debug/driver_bmp388_interface.o
                0x080023cc                bmp388_interface_iic_write
 .text.bmp388_interface_spi_init
                0x080023d0       0x34 build/debug/driver_bmp388_interface.o
                0x080023d0                bmp388_interface_spi_init
 .text.bmp388_interface_spi_deinit
                0x08002404       0x34 build/debug/driver_bmp388_interface.o
                0x08002404                bmp388_interface_spi_deinit
 .text.bmp388_interface_spi_read
                0x08002438       0xb4 build/debug/driver_bmp388_interface.o
                0x08002438                bmp388_interface_spi_read
 .text.bmp388_interface_spi_write
                0x080024ec       0x84 build/debug/driver_bmp388_interface.o
                0x080024ec                bmp388_interface_spi_write
 .text.bmp388_interface_delay_ms
                0x08002570        0x8 build/debug/driver_bmp388_interface.o
                0x08002570                bmp388_interface_delay_ms
 .text.bmp388_interface_debug_print
                0x08002578       0x32 build/debug/driver_bmp388_interface.o
                0x08002578                bmp388_interface_debug_print
 *fill*         0x080025aa        0x2 
 .text.bmp388_fifo_receive_callback
                0x080025ac      0x1c4 build/debug/main.o
                0x080025ac                bmp388_fifo_receive_callback
 .text.MPU_Config
                0x08002770       0x52 build/debug/main.o
 *fill*         0x080027c2        0x2 
 .text.MX_GPIO_Init
                0x080027c4      0x190 build/debug/main.o
 .text.Error_Handler
                0x08002954        0x4 build/debug/main.o
                0x08002954                Error_Handler
 .text.MX_SPI1_Init
                0x08002958       0x58 build/debug/main.o
 .text.MX_SPI3_Init
                0x080029b0       0x58 build/debug/main.o
 .text.MX_SPI4_Init
                0x08002a08       0x58 build/debug/main.o
 .text.MX_SPI6_Init
                0x08002a60       0x58 build/debug/main.o
 .text.MX_UART8_Init
                0x08002ab8       0x64 build/debug/main.o
 .text.MX_UART4_Init
                0x08002b1c       0x64 build/debug/main.o
 .text.MX_FDCAN1_Init
                0x08002b80       0x5c build/debug/main.o
 .text.MX_USART1_UART_Init
                0x08002bdc       0x60 build/debug/main.o
 .text.MX_TIM1_Init
                0x08002c3c       0xc0 build/debug/main.o
 .text.SystemClock_Config
                0x08002cfc       0xc8 build/debug/main.o
                0x08002cfc                SystemClock_Config
 .text.main     0x08002dc4      0x19c build/debug/main.o
                0x08002dc4                main
 .text.HAL_InitTick
                0x08002f60       0x50 build/debug/stm32h7xx_hal.o
                0x08002f60                HAL_InitTick
 .text.HAL_Init
                0x08002fb0       0x5c build/debug/stm32h7xx_hal.o
                0x08002fb0                HAL_Init
 .text.HAL_IncTick
                0x0800300c       0x18 build/debug/stm32h7xx_hal.o
                0x0800300c                HAL_IncTick
 .text.HAL_GetTick
                0x08003024        0xc build/debug/stm32h7xx_hal.o
                0x08003024                HAL_GetTick
 .text.HAL_Delay
                0x08003030       0x28 build/debug/stm32h7xx_hal.o
                0x08003030                HAL_Delay
 .text.HAL_GetREVID
                0x08003058        0xc build/debug/stm32h7xx_hal.o
                0x08003058                HAL_GetREVID
 .text.__NVIC_EnableIRQ
                0x08003064       0x1c build/debug/stm32h7xx_hal_cortex.o
 .text.__NVIC_SetPriority
                0x08003080       0x24 build/debug/stm32h7xx_hal_cortex.o
 .text.NVIC_EncodePriority
                0x080030a4       0x3e build/debug/stm32h7xx_hal_cortex.o
 *fill*         0x080030e2        0x2 
 .text.HAL_NVIC_SetPriorityGrouping
                0x080030e4       0x24 build/debug/stm32h7xx_hal_cortex.o
                0x080030e4                HAL_NVIC_SetPriorityGrouping
 .text.HAL_NVIC_SetPriority
                0x08003108       0x20 build/debug/stm32h7xx_hal_cortex.o
                0x08003108                HAL_NVIC_SetPriority
 .text.HAL_NVIC_EnableIRQ
                0x08003128        0x8 build/debug/stm32h7xx_hal_cortex.o
                0x08003128                HAL_NVIC_EnableIRQ
 .text.HAL_SYSTICK_Config
                0x08003130       0x28 build/debug/stm32h7xx_hal_cortex.o
                0x08003130                HAL_SYSTICK_Config
 .text.HAL_MPU_Disable
                0x08003158       0x1c build/debug/stm32h7xx_hal_cortex.o
                0x08003158                HAL_MPU_Disable
 .text.HAL_MPU_Enable
                0x08003174       0x20 build/debug/stm32h7xx_hal_cortex.o
                0x08003174                HAL_MPU_Enable
 .text.HAL_MPU_ConfigRegion
                0x08003194       0x58 build/debug/stm32h7xx_hal_cortex.o
                0x08003194                HAL_MPU_ConfigRegion
 .text.FDCAN_CalcultateRamBlockAddresses
                0x080031ec      0x1d4 build/debug/stm32h7xx_hal_fdcan.o
 .text.HAL_FDCAN_Init
                0x080033c0      0x294 build/debug/stm32h7xx_hal_fdcan.o
                0x080033c0                HAL_FDCAN_Init
 .text.HAL_GPIO_Init
                0x08003654      0x220 build/debug/stm32h7xx_hal_gpio.o
                0x08003654                HAL_GPIO_Init
 .text.HAL_GPIO_WritePin
                0x08003874        0xc build/debug/stm32h7xx_hal_gpio.o
                0x08003874                HAL_GPIO_WritePin
 .text.HAL_GPIO_EXTI_Callback
                0x08003880        0x2 build/debug/stm32h7xx_hal_gpio.o
                0x08003880                HAL_GPIO_EXTI_Callback
 .text.HAL_GPIO_EXTI_IRQHandler
                0x08003882       0x1e build/debug/stm32h7xx_hal_gpio.o
                0x08003882                HAL_GPIO_EXTI_IRQHandler
 .text.HAL_MspInit
                0x080038a0       0x24 build/debug/stm32h7xx_hal_msp.o
                0x080038a0                HAL_MspInit
 .text.HAL_FDCAN_MspInit
                0x080038c4       0xa0 build/debug/stm32h7xx_hal_msp.o
                0x080038c4                HAL_FDCAN_MspInit
 .text.HAL_SPI_MspInit
                0x08003964      0x290 build/debug/stm32h7xx_hal_msp.o
                0x08003964                HAL_SPI_MspInit
 .text.HAL_TIM_PWM_MspInit
                0x08003bf4       0x34 build/debug/stm32h7xx_hal_msp.o
                0x08003bf4                HAL_TIM_PWM_MspInit
 .text.HAL_TIM_MspPostInit
                0x08003c28       0x5c build/debug/stm32h7xx_hal_msp.o
                0x08003c28                HAL_TIM_MspPostInit
 .text.HAL_UART_MspInit
                0x08003c84      0x178 build/debug/stm32h7xx_hal_msp.o
                0x08003c84                HAL_UART_MspInit
 .text.PCD_WriteEmptyTxFifo
                0x08003dfc       0xd0 build/debug/stm32h7xx_hal_pcd.o
 .text.HAL_PCD_Init
                0x08003ecc      0x102 build/debug/stm32h7xx_hal_pcd.o
                0x08003ecc                HAL_PCD_Init
 .text.HAL_PCD_Start
                0x08003fce       0x44 build/debug/stm32h7xx_hal_pcd.o
                0x08003fce                HAL_PCD_Start
 *fill*         0x08004012        0x2 
 .text.PCD_EP_OutXfrComplete_int
                0x08004014      0x104 build/debug/stm32h7xx_hal_pcd.o
 .text.PCD_EP_OutSetupPacket_int
                0x08004118       0x50 build/debug/stm32h7xx_hal_pcd.o
 .text.HAL_PCD_SetAddress
                0x08004168       0x26 build/debug/stm32h7xx_hal_pcd.o
                0x08004168                HAL_PCD_SetAddress
 .text.HAL_PCD_EP_Open
                0x0800418e       0x8c build/debug/stm32h7xx_hal_pcd.o
                0x0800418e                HAL_PCD_EP_Open
 .text.HAL_PCD_EP_Close
                0x0800421a       0x70 build/debug/stm32h7xx_hal_pcd.o
                0x0800421a                HAL_PCD_EP_Close
 .text.HAL_PCD_EP_Receive
                0x0800428a       0x4a build/debug/stm32h7xx_hal_pcd.o
                0x0800428a                HAL_PCD_EP_Receive
 .text.HAL_PCD_EP_GetRxCount
                0x080042d4       0x12 build/debug/stm32h7xx_hal_pcd.o
                0x080042d4                HAL_PCD_EP_GetRxCount
 .text.HAL_PCD_EP_Transmit
                0x080042e6       0x4a build/debug/stm32h7xx_hal_pcd.o
                0x080042e6                HAL_PCD_EP_Transmit
 .text.HAL_PCD_EP_SetStall
                0x08004330       0x86 build/debug/stm32h7xx_hal_pcd.o
                0x08004330                HAL_PCD_EP_SetStall
 .text.HAL_PCD_EP_ClrStall
                0x080043b6       0x74 build/debug/stm32h7xx_hal_pcd.o
                0x080043b6                HAL_PCD_EP_ClrStall
 .text.HAL_PCD_EP_Abort
                0x0800442a       0x34 build/debug/stm32h7xx_hal_pcd.o
                0x0800442a                HAL_PCD_EP_Abort
 .text.HAL_PCD_IRQHandler
                0x0800445e      0x600 build/debug/stm32h7xx_hal_pcd.o
                0x0800445e                HAL_PCD_IRQHandler
 .text.HAL_PCDEx_SetTxFiFo
                0x08004a5e       0x4c build/debug/stm32h7xx_hal_pcd_ex.o
                0x08004a5e                HAL_PCDEx_SetTxFiFo
 .text.HAL_PCDEx_SetRxFiFo
                0x08004aaa        0x8 build/debug/stm32h7xx_hal_pcd_ex.o
                0x08004aaa                HAL_PCDEx_SetRxFiFo
 *fill*         0x08004ab2        0x2 
 .text.HAL_PCDEx_ActivateLPM
                0x08004ab4       0x28 build/debug/stm32h7xx_hal_pcd_ex.o
                0x08004ab4                HAL_PCDEx_ActivateLPM
 .text.HAL_PCDEx_LPM_Callback
                0x08004adc        0x2 build/debug/stm32h7xx_hal_pcd_ex.o
                0x08004adc                HAL_PCDEx_LPM_Callback
 *fill*         0x08004ade        0x2 
 .text.HAL_PWREx_ConfigSupply
                0x08004ae0       0x54 build/debug/stm32h7xx_hal_pwr_ex.o
                0x08004ae0                HAL_PWREx_ConfigSupply
 .text.HAL_PWREx_EnableUSBVoltageDetector
                0x08004b34       0x10 build/debug/stm32h7xx_hal_pwr_ex.o
                0x08004b34                HAL_PWREx_EnableUSBVoltageDetector
 .text.HAL_RCC_OscConfig
                0x08004b44      0x6b0 build/debug/stm32h7xx_hal_rcc.o
                0x08004b44                HAL_RCC_OscConfig
 .text.HAL_RCC_GetSysClockFreq
                0x080051f4      0x1f8 build/debug/stm32h7xx_hal_rcc.o
                0x080051f4                HAL_RCC_GetSysClockFreq
 .text.HAL_RCC_ClockConfig
                0x080053ec      0x294 build/debug/stm32h7xx_hal_rcc.o
                0x080053ec                HAL_RCC_ClockConfig
 .text.HAL_RCC_GetHCLKFreq
                0x08005680       0x44 build/debug/stm32h7xx_hal_rcc.o
                0x08005680                HAL_RCC_GetHCLKFreq
 .text.HAL_RCC_GetPCLK1Freq
                0x080056c4       0x24 build/debug/stm32h7xx_hal_rcc.o
                0x080056c4                HAL_RCC_GetPCLK1Freq
 .text.HAL_RCC_GetPCLK2Freq
                0x080056e8       0x24 build/debug/stm32h7xx_hal_rcc.o
                0x080056e8                HAL_RCC_GetPCLK2Freq
 .text.RCCEx_PLL2_Config
                0x0800570c      0x108 build/debug/stm32h7xx_hal_rcc_ex.o
 .text.RCCEx_PLL3_Config
                0x08005814      0x108 build/debug/stm32h7xx_hal_rcc_ex.o
 .text.HAL_RCCEx_PeriphCLKConfig
                0x0800591c      0xab8 build/debug/stm32h7xx_hal_rcc_ex.o
                0x0800591c                HAL_RCCEx_PeriphCLKConfig
 .text.HAL_RCCEx_GetD3PCLK1Freq
                0x080063d4       0x24 build/debug/stm32h7xx_hal_rcc_ex.o
                0x080063d4                HAL_RCCEx_GetD3PCLK1Freq
 .text.HAL_RCCEx_GetPLL2ClockFreq
                0x080063f8      0x200 build/debug/stm32h7xx_hal_rcc_ex.o
                0x080063f8                HAL_RCCEx_GetPLL2ClockFreq
 .text.HAL_RCCEx_GetPLL3ClockFreq
                0x080065f8      0x200 build/debug/stm32h7xx_hal_rcc_ex.o
                0x080065f8                HAL_RCCEx_GetPLL3ClockFreq
 .text.SPI_CloseTransfer
                0x080067f8       0xcc build/debug/stm32h7xx_hal_spi.o
 .text.SPI_GetPacketSize
                0x080068c4       0x10 build/debug/stm32h7xx_hal_spi.o
 .text.SPI_WaitOnFlagUntilTimeout
                0x080068d4       0x48 build/debug/stm32h7xx_hal_spi.o
 .text.HAL_SPI_Init
                0x0800691c      0x190 build/debug/stm32h7xx_hal_spi.o
                0x0800691c                HAL_SPI_Init
 .text.HAL_SPI_Transmit
                0x08006aac      0x2c0 build/debug/stm32h7xx_hal_spi.o
                0x08006aac                HAL_SPI_Transmit
 .text.HAL_SPI_Receive
                0x08006d6c      0x354 build/debug/stm32h7xx_hal_spi.o
                0x08006d6c                HAL_SPI_Receive
 .text.TIM_OC1_SetConfig
                0x080070c0       0xa4 build/debug/stm32h7xx_hal_tim.o
 .text.TIM_OC3_SetConfig
                0x08007164       0x94 build/debug/stm32h7xx_hal_tim.o
 .text.TIM_OC4_SetConfig
                0x080071f8       0x74 build/debug/stm32h7xx_hal_tim.o
 .text.TIM_OC5_SetConfig
                0x0800726c       0x74 build/debug/stm32h7xx_hal_tim.o
 .text.TIM_OC6_SetConfig
                0x080072e0       0x74 build/debug/stm32h7xx_hal_tim.o
 .text.TIM_Base_SetConfig
                0x08007354      0x104 build/debug/stm32h7xx_hal_tim.o
                0x08007354                TIM_Base_SetConfig
 .text.HAL_TIM_PWM_Init
                0x08007458       0x60 build/debug/stm32h7xx_hal_tim.o
                0x08007458                HAL_TIM_PWM_Init
 .text.TIM_OC2_SetConfig
                0x080074b8       0x94 build/debug/stm32h7xx_hal_tim.o
                0x080074b8                TIM_OC2_SetConfig
 .text.HAL_TIM_PWM_ConfigChannel
                0x0800754c      0x13a build/debug/stm32h7xx_hal_tim.o
                0x0800754c                HAL_TIM_PWM_ConfigChannel
 *fill*         0x08007686        0x2 
 .text.HAL_TIMEx_MasterConfigSynchronization
                0x08007688       0xa0 build/debug/stm32h7xx_hal_tim_ex.o
                0x08007688                HAL_TIMEx_MasterConfigSynchronization
 .text.HAL_TIMEx_ConfigBreakDeadTime
                0x08007728       0x90 build/debug/stm32h7xx_hal_tim_ex.o
                0x08007728                HAL_TIMEx_ConfigBreakDeadTime
 .text.UART_EndRxTransfer
                0x080077b8       0x58 build/debug/stm32h7xx_hal_uart.o
 .text.UART_SetConfig
                0x08007810      0x5f4 build/debug/stm32h7xx_hal_uart.o
                0x08007810                UART_SetConfig
 .text.UART_AdvFeatureConfig
                0x08007e04       0xca build/debug/stm32h7xx_hal_uart.o
                0x08007e04                UART_AdvFeatureConfig
 .text.UART_WaitOnFlagUntilTimeout
                0x08007ece       0xa6 build/debug/stm32h7xx_hal_uart.o
                0x08007ece                UART_WaitOnFlagUntilTimeout
 .text.UART_CheckIdleState
                0x08007f74       0xca build/debug/stm32h7xx_hal_uart.o
                0x08007f74                UART_CheckIdleState
 .text.HAL_UART_Init
                0x0800803e       0x66 build/debug/stm32h7xx_hal_uart.o
                0x0800803e                HAL_UART_Init
 .text.HAL_MultiProcessor_Init
                0x080080a4       0x8e build/debug/stm32h7xx_hal_uart.o
                0x080080a4                HAL_MultiProcessor_Init
 *fill*         0x08008132        0x2 
 .text.UARTEx_SetNbDataToProcess
                0x08008134       0x4c build/debug/stm32h7xx_hal_uart_ex.o
 .text.HAL_UARTEx_DisableFifoMode
                0x08008180       0x3e build/debug/stm32h7xx_hal_uart_ex.o
                0x08008180                HAL_UARTEx_DisableFifoMode
 .text.HAL_UARTEx_SetTxFifoThreshold
                0x080081be       0x4a build/debug/stm32h7xx_hal_uart_ex.o
                0x080081be                HAL_UARTEx_SetTxFifoThreshold
 .text.HAL_UARTEx_SetRxFifoThreshold
                0x08008208       0x4a build/debug/stm32h7xx_hal_uart_ex.o
                0x08008208                HAL_UARTEx_SetRxFifoThreshold
 .text.NMI_Handler
                0x08008252        0x2 build/debug/stm32h7xx_it.o
                0x08008252                NMI_Handler
 .text.HardFault_Handler
                0x08008254        0x2 build/debug/stm32h7xx_it.o
                0x08008254                HardFault_Handler
 .text.MemManage_Handler
                0x08008256        0x2 build/debug/stm32h7xx_it.o
                0x08008256                MemManage_Handler
 .text.BusFault_Handler
                0x08008258        0x2 build/debug/stm32h7xx_it.o
                0x08008258                BusFault_Handler
 .text.UsageFault_Handler
                0x0800825a        0x2 build/debug/stm32h7xx_it.o
                0x0800825a                UsageFault_Handler
 .text.SVC_Handler
                0x0800825c        0x2 build/debug/stm32h7xx_it.o
                0x0800825c                SVC_Handler
 .text.DebugMon_Handler
                0x0800825e        0x2 build/debug/stm32h7xx_it.o
                0x0800825e                DebugMon_Handler
 .text.PendSV_Handler
                0x08008260        0x2 build/debug/stm32h7xx_it.o
                0x08008260                PendSV_Handler
 .text.SysTick_Handler
                0x08008262        0x8 build/debug/stm32h7xx_it.o
                0x08008262                SysTick_Handler
 .text.EXTI4_IRQHandler
                0x0800826a        0xe build/debug/stm32h7xx_it.o
                0x0800826a                EXTI4_IRQHandler
 .text.OTG_FS_IRQHandler
                0x08008278       0x10 build/debug/stm32h7xx_it.o
                0x08008278                OTG_FS_IRQHandler
 .text.USB_CoreReset
                0x08008288       0x4a build/debug/stm32h7xx_ll_usb.o
 *fill*         0x080082d2        0x2 
 .text.USB_CoreInit
                0x080082d4       0xa4 build/debug/stm32h7xx_ll_usb.o
                0x080082d4                USB_CoreInit
 .text.USB_SetTurnaroundTime
                0x08008378       0xe4 build/debug/stm32h7xx_ll_usb.o
                0x08008378                USB_SetTurnaroundTime
 .text.USB_EnableGlobalInt
                0x0800845c        0xc build/debug/stm32h7xx_ll_usb.o
                0x0800845c                USB_EnableGlobalInt
 .text.USB_DisableGlobalInt
                0x08008468        0xc build/debug/stm32h7xx_ll_usb.o
                0x08008468                USB_DisableGlobalInt
 .text.USB_FlushTxFifo
                0x08008474       0x4a build/debug/stm32h7xx_ll_usb.o
                0x08008474                USB_FlushTxFifo
 .text.USB_FlushRxFifo
                0x080084be       0x46 build/debug/stm32h7xx_ll_usb.o
                0x080084be                USB_FlushRxFifo
 .text.USB_SetDevSpeed
                0x08008504        0xe build/debug/stm32h7xx_ll_usb.o
                0x08008504                USB_SetDevSpeed
 *fill*         0x08008512        0x2 
 .text.USB_DevInit
                0x08008514      0x190 build/debug/stm32h7xx_ll_usb.o
                0x08008514                USB_DevInit
 .text.USB_GetDevSpeed
                0x080086a4       0x22 build/debug/stm32h7xx_ll_usb.o
                0x080086a4                USB_GetDevSpeed
 *fill*         0x080086c6        0x2 
 .text.USB_ActivateEndpoint
                0x080086c8       0x98 build/debug/stm32h7xx_ll_usb.o
                0x080086c8                USB_ActivateEndpoint
 .text.USB_DeactivateEndpoint
                0x08008760       0xe0 build/debug/stm32h7xx_ll_usb.o
                0x08008760                USB_DeactivateEndpoint
 .text.USB_EPStopXfer
                0x08008840       0xbe build/debug/stm32h7xx_ll_usb.o
                0x08008840                USB_EPStopXfer
 .text.USB_WritePacket
                0x080088fe       0x2e build/debug/stm32h7xx_ll_usb.o
                0x080088fe                USB_WritePacket
 .text.USB_EPStartXfer
                0x0800892c      0x244 build/debug/stm32h7xx_ll_usb.o
                0x0800892c                USB_EPStartXfer
 .text.USB_ReadPacket
                0x08008b70       0x46 build/debug/stm32h7xx_ll_usb.o
                0x08008b70                USB_ReadPacket
 .text.USB_EPSetStall
                0x08008bb6       0x5a build/debug/stm32h7xx_ll_usb.o
                0x08008bb6                USB_EPSetStall
 .text.USB_EPClearStall
                0x08008c10       0x5c build/debug/stm32h7xx_ll_usb.o
                0x08008c10                USB_EPClearStall
 .text.USB_SetDevAddress
                0x08008c6c       0x20 build/debug/stm32h7xx_ll_usb.o
                0x08008c6c                USB_SetDevAddress
 .text.USB_DevConnect
                0x08008c8c       0x1c build/debug/stm32h7xx_ll_usb.o
                0x08008c8c                USB_DevConnect
 .text.USB_DevDisconnect
                0x08008ca8       0x1c build/debug/stm32h7xx_ll_usb.o
                0x08008ca8                USB_DevDisconnect
 .text.USB_ReadInterrupts
                0x08008cc4        0x8 build/debug/stm32h7xx_ll_usb.o
                0x08008cc4                USB_ReadInterrupts
 .text.USB_ReadDevAllOutEpInterrupt
                0x08008ccc       0x10 build/debug/stm32h7xx_ll_usb.o
                0x08008ccc                USB_ReadDevAllOutEpInterrupt
 .text.USB_ReadDevAllInEpInterrupt
                0x08008cdc       0x10 build/debug/stm32h7xx_ll_usb.o
                0x08008cdc                USB_ReadDevAllInEpInterrupt
 .text.USB_ReadDevOutEPInterrupt
                0x08008cec       0x12 build/debug/stm32h7xx_ll_usb.o
                0x08008cec                USB_ReadDevOutEPInterrupt
 .text.USB_ReadDevInEPInterrupt
                0x08008cfe       0x24 build/debug/stm32h7xx_ll_usb.o
                0x08008cfe                USB_ReadDevInEPInterrupt
 .text.USB_GetMode
                0x08008d22        0x8 build/debug/stm32h7xx_ll_usb.o
                0x08008d22                USB_GetMode
 .text.USB_SetCurrentMode
                0x08008d2a       0x62 build/debug/stm32h7xx_ll_usb.o
                0x08008d2a                USB_SetCurrentMode
 .text.USB_ActivateSetup
                0x08008d8c       0x1c build/debug/stm32h7xx_ll_usb.o
                0x08008d8c                USB_ActivateSetup
 .text.USB_EP0_OutStart
                0x08008da8       0x60 build/debug/stm32h7xx_ll_usb.o
                0x08008da8                USB_EP0_OutStart
 .text._getpid  0x08008e08        0x4 build/debug/syscalls.o
                0x08008e08                _getpid
 .text._kill    0x08008e0c       0x10 build/debug/syscalls.o
                0x08008e0c                _kill
 .text._exit    0x08008e1c        0xc build/debug/syscalls.o
                0x08008e1c                _exit
 .text._read    0x08008e28       0x20 build/debug/syscalls.o
                0x08008e28                _read
 .text._write   0x08008e48       0x1c build/debug/syscalls.o
                0x08008e48                _write
 .text._close   0x08008e64        0x6 build/debug/syscalls.o
                0x08008e64                _close
 .text._fstat   0x08008e6a        0xa build/debug/syscalls.o
                0x08008e6a                _fstat
 .text._isatty  0x08008e74        0x4 build/debug/syscalls.o
                0x08008e74                _isatty
 .text._lseek   0x08008e78        0x4 build/debug/syscalls.o
                0x08008e78                _lseek
 .text._sbrk    0x08008e7c       0x48 build/debug/sysmem.o
                0x08008e7c                _sbrk
 .text.SystemInit
                0x08008ec4       0xf0 build/debug/system_stm32h7xx.o
                0x08008ec4                SystemInit
 .text.ExitRun0Mode
                0x08008fb4       0x1c build/debug/system_stm32h7xx.o
                0x08008fb4                ExitRun0Mode
 .text.MX_USB_DEVICE_Init
                0x08008fd0       0x58 build/debug/usb_device.o
                0x08008fd0                MX_USB_DEVICE_Init
 .text.USBD_CDC_EP0_RxReady
                0x08009028       0x40 build/debug/usbd_cdc.o
 .text.USBD_CDC_GetDeviceQualifierDescriptor
                0x08009068        0xc build/debug/usbd_cdc.o
                0x08009068                USBD_CDC_GetDeviceQualifierDescriptor
 .text.USBD_CDC_GetOtherSpeedCfgDesc
                0x08009074       0x48 build/debug/usbd_cdc.o
 .text.USBD_CDC_GetFSCfgDesc
                0x080090bc       0x48 build/debug/usbd_cdc.o
 .text.USBD_CDC_GetHSCfgDesc
                0x08009104       0x48 build/debug/usbd_cdc.o
 .text.USBD_CDC_DataOut
                0x0800914c       0x38 build/debug/usbd_cdc.o
 .text.USBD_CDC_DataIn
                0x08009184       0x7c build/debug/usbd_cdc.o
 .text.USBD_CDC_Setup
                0x08009200      0x114 build/debug/usbd_cdc.o
 .text.USBD_CDC_DeInit
                0x08009314       0x64 build/debug/usbd_cdc.o
 .text.USBD_CDC_Init
                0x08009378       0xee build/debug/usbd_cdc.o
 .text.USBD_CDC_RegisterInterface
                0x08009466       0x16 build/debug/usbd_cdc.o
                0x08009466                USBD_CDC_RegisterInterface
 .text.USBD_CDC_SetTxBuffer
                0x0800947c       0x1c build/debug/usbd_cdc.o
                0x0800947c                USBD_CDC_SetTxBuffer
 .text.USBD_CDC_SetRxBuffer
                0x08009498       0x18 build/debug/usbd_cdc.o
                0x08009498                USBD_CDC_SetRxBuffer
 .text.USBD_CDC_TransmitPacket
                0x080094b0       0x36 build/debug/usbd_cdc.o
                0x080094b0                USBD_CDC_TransmitPacket
 .text.USBD_CDC_ReceivePacket
                0x080094e6       0x38 build/debug/usbd_cdc.o
                0x080094e6                USBD_CDC_ReceivePacket
 .text.CDC_DeInit_FS
                0x0800951e        0x4 build/debug/usbd_cdc_if.o
 .text.CDC_Control_FS
                0x08009522        0x4 build/debug/usbd_cdc_if.o
 .text.CDC_TransmitCplt_FS
                0x08009526        0x4 build/debug/usbd_cdc_if.o
 *fill*         0x0800952a        0x2 
 .text.CDC_Receive_FS
                0x0800952c       0x1c build/debug/usbd_cdc_if.o
 .text.CDC_Init_FS
                0x08009548       0x28 build/debug/usbd_cdc_if.o
 .text.CDC_Transmit_FS
                0x08009570       0x2c build/debug/usbd_cdc_if.o
                0x08009570                CDC_Transmit_FS
 .text.HAL_PCD_MspInit
                0x0800959c       0xb4 build/debug/usbd_conf.o
                0x0800959c                HAL_PCD_MspInit
 .text.HAL_PCD_SetupStageCallback
                0x08009650       0x10 build/debug/usbd_conf.o
                0x08009650                HAL_PCD_SetupStageCallback
 .text.HAL_PCD_DataOutStageCallback
                0x08009660       0x18 build/debug/usbd_conf.o
                0x08009660                HAL_PCD_DataOutStageCallback
 .text.HAL_PCD_DataInStageCallback
                0x08009678       0x16 build/debug/usbd_conf.o
                0x08009678                HAL_PCD_DataInStageCallback
 .text.HAL_PCD_SOFCallback
                0x0800968e        0xc build/debug/usbd_conf.o
                0x0800968e                HAL_PCD_SOFCallback
 .text.HAL_PCD_ResetCallback
                0x0800969a       0x28 build/debug/usbd_conf.o
                0x0800969a                HAL_PCD_ResetCallback
 *fill*         0x080096c2        0x2 
 .text.HAL_PCD_SuspendCallback
                0x080096c4       0x30 build/debug/usbd_conf.o
                0x080096c4                HAL_PCD_SuspendCallback
 .text.HAL_PCD_ResumeCallback
                0x080096f4        0xc build/debug/usbd_conf.o
                0x080096f4                HAL_PCD_ResumeCallback
 .text.HAL_PCD_ISOOUTIncompleteCallback
                0x08009700        0xc build/debug/usbd_conf.o
                0x08009700                HAL_PCD_ISOOUTIncompleteCallback
 .text.HAL_PCD_ISOINIncompleteCallback
                0x0800970c        0xc build/debug/usbd_conf.o
                0x0800970c                HAL_PCD_ISOINIncompleteCallback
 .text.HAL_PCD_ConnectCallback
                0x08009718        0xc build/debug/usbd_conf.o
                0x08009718                HAL_PCD_ConnectCallback
 .text.HAL_PCD_DisconnectCallback
                0x08009724        0xc build/debug/usbd_conf.o
                0x08009724                HAL_PCD_DisconnectCallback
 .text.USBD_LL_Init
                0x08009730       0x6c build/debug/usbd_conf.o
                0x08009730                USBD_LL_Init
 .text.USBD_LL_IsStallEP
                0x0800979c       0x2c build/debug/usbd_conf.o
                0x0800979c                USBD_LL_IsStallEP
 .text.USBD_LL_GetRxDataSize
                0x080097c8        0xc build/debug/usbd_conf.o
                0x080097c8                USBD_LL_GetRxDataSize
 .text.USBD_static_malloc
                0x080097d4        0x8 build/debug/usbd_conf.o
                0x080097d4                USBD_static_malloc
 .text.USBD_static_free
                0x080097dc        0x2 build/debug/usbd_conf.o
                0x080097dc                USBD_static_free
 .text.USBD_Get_USB_Status
                0x080097de       0x14 build/debug/usbd_conf.o
                0x080097de                USBD_Get_USB_Status
 .text.USBD_LL_Start
                0x080097f2       0x10 build/debug/usbd_conf.o
                0x080097f2                USBD_LL_Start
 .text.USBD_LL_OpenEP
                0x08009802       0x16 build/debug/usbd_conf.o
                0x08009802                USBD_LL_OpenEP
 .text.USBD_LL_CloseEP
                0x08009818       0x10 build/debug/usbd_conf.o
                0x08009818                USBD_LL_CloseEP
 .text.USBD_LL_StallEP
                0x08009828       0x10 build/debug/usbd_conf.o
                0x08009828                USBD_LL_StallEP
 .text.USBD_LL_ClearStallEP
                0x08009838       0x10 build/debug/usbd_conf.o
                0x08009838                USBD_LL_ClearStallEP
 .text.USBD_LL_SetUSBAddress
                0x08009848       0x10 build/debug/usbd_conf.o
                0x08009848                USBD_LL_SetUSBAddress
 .text.USBD_LL_Transmit
                0x08009858       0x10 build/debug/usbd_conf.o
                0x08009858                USBD_LL_Transmit
 .text.USBD_LL_PrepareReceive
                0x08009868       0x10 build/debug/usbd_conf.o
                0x08009868                USBD_LL_PrepareReceive
 .text.USBD_Init
                0x08009878       0x48 build/debug/usbd_core.o
                0x08009878                USBD_Init
 .text.USBD_RegisterClass
                0x080098c0       0x5c build/debug/usbd_core.o
                0x080098c0                USBD_RegisterClass
 .text.USBD_Start
                0x0800991c        0x8 build/debug/usbd_core.o
                0x0800991c                USBD_Start
 .text.USBD_SetClassConfig
                0x08009924       0x12 build/debug/usbd_core.o
                0x08009924                USBD_SetClassConfig
 .text.USBD_ClrClassConfig
                0x08009936       0x12 build/debug/usbd_core.o
                0x08009936                USBD_ClrClassConfig
 .text.USBD_LL_SetupStage
                0x08009948       0x58 build/debug/usbd_core.o
                0x08009948                USBD_LL_SetupStage
 .text.USBD_LL_Reset
                0x080099a0       0x64 build/debug/usbd_core.o
                0x080099a0                USBD_LL_Reset
 .text.USBD_LL_SetSpeed
                0x08009a04        0x6 build/debug/usbd_core.o
                0x08009a04                USBD_LL_SetSpeed
 .text.USBD_LL_Suspend
                0x08009a0a       0x1c build/debug/usbd_core.o
                0x08009a0a                USBD_LL_Suspend
 .text.USBD_LL_Resume
                0x08009a26       0x18 build/debug/usbd_core.o
                0x08009a26                USBD_LL_Resume
 .text.USBD_LL_SOF
                0x08009a3e       0x20 build/debug/usbd_core.o
                0x08009a3e                USBD_LL_SOF
 .text.USBD_LL_IsoINIncomplete
                0x08009a5e       0x2c build/debug/usbd_core.o
                0x08009a5e                USBD_LL_IsoINIncomplete
 .text.USBD_LL_IsoOUTIncomplete
                0x08009a8a       0x2c build/debug/usbd_core.o
                0x08009a8a                USBD_LL_IsoOUTIncomplete
 .text.USBD_LL_DevConnected
                0x08009ab6        0x4 build/debug/usbd_core.o
                0x08009ab6                USBD_LL_DevConnected
 .text.USBD_LL_DevDisconnected
                0x08009aba       0x20 build/debug/usbd_core.o
                0x08009aba                USBD_LL_DevDisconnected
 .text.USBD_CoreFindIF
                0x08009ada        0x4 build/debug/usbd_core.o
                0x08009ada                USBD_CoreFindIF
 .text.USBD_CoreFindEP
                0x08009ade        0x4 build/debug/usbd_core.o
                0x08009ade                USBD_CoreFindEP
 .text.USBD_LL_DataOutStage
                0x08009ae2       0xc0 build/debug/usbd_core.o
                0x08009ae2                USBD_LL_DataOutStage
 .text.USBD_LL_DataInStage
                0x08009ba2       0xd2 build/debug/usbd_core.o
                0x08009ba2                USBD_LL_DataInStage
 .text.USBD_GetNextDesc
                0x08009c74        0xe build/debug/usbd_core.o
                0x08009c74                USBD_GetNextDesc
 .text.USBD_GetEpDesc
                0x08009c82       0x3e build/debug/usbd_core.o
                0x08009c82                USBD_GetEpDesc
 .text.USBD_GetLen
                0x08009cc0       0x14 build/debug/usbd_ctlreq.o
 .text.USBD_ParseSetupRequest
                0x08009cd4       0x28 build/debug/usbd_ctlreq.o
                0x08009cd4                USBD_ParseSetupRequest
 .text.USBD_CtlError
                0x08009cfc       0x14 build/debug/usbd_ctlreq.o
                0x08009cfc                USBD_CtlError
 .text.USBD_GetDescriptor
                0x08009d10      0x1ac build/debug/usbd_ctlreq.o
 .text.USBD_SetAddress
                0x08009ebc       0x4e build/debug/usbd_ctlreq.o
 *fill*         0x08009f0a        0x2 
 .text.USBD_SetConfig
                0x08009f0c       0xcc build/debug/usbd_ctlreq.o
 .text.USBD_GetConfig
                0x08009fd8       0x40 build/debug/usbd_ctlreq.o
 .text.USBD_GetStatus
                0x0800a018       0x38 build/debug/usbd_ctlreq.o
 .text.USBD_SetFeature
                0x0800a050       0x2a build/debug/usbd_ctlreq.o
 .text.USBD_ClrFeature
                0x0800a07a       0x26 build/debug/usbd_ctlreq.o
 .text.USBD_StdDevReq
                0x0800a0a0       0x76 build/debug/usbd_ctlreq.o
                0x0800a0a0                USBD_StdDevReq
 .text.USBD_StdItfReq
                0x0800a116       0x84 build/debug/usbd_ctlreq.o
                0x0800a116                USBD_StdItfReq
 .text.USBD_StdEPReq
                0x0800a19a      0x23a build/debug/usbd_ctlreq.o
                0x0800a19a                USBD_StdEPReq
 .text.USBD_GetString
                0x0800a3d4       0x46 build/debug/usbd_ctlreq.o
                0x0800a3d4                USBD_GetString
 *fill*         0x0800a41a        0x2 
 .text.USBD_FS_DeviceDescriptor
                0x0800a41c        0xc build/debug/usbd_desc.o
                0x0800a41c                USBD_FS_DeviceDescriptor
 .text.USBD_FS_LangIDStrDescriptor
                0x0800a428        0xc build/debug/usbd_desc.o
                0x0800a428                USBD_FS_LangIDStrDescriptor
 .text.IntToUnicode
                0x0800a434       0x46 build/debug/usbd_desc.o
 *fill*         0x0800a47a        0x2 
 .text.Get_SerialNum
                0x0800a47c       0x38 build/debug/usbd_desc.o
 .text.USBD_FS_SerialStrDescriptor
                0x0800a4b4       0x14 build/debug/usbd_desc.o
                0x0800a4b4                USBD_FS_SerialStrDescriptor
 .text.USBD_FS_ProductStrDescriptor
                0x0800a4c8       0x24 build/debug/usbd_desc.o
                0x0800a4c8                USBD_FS_ProductStrDescriptor
 .text.USBD_FS_ManufacturerStrDescriptor
                0x0800a4ec       0x1c build/debug/usbd_desc.o
                0x0800a4ec                USBD_FS_ManufacturerStrDescriptor
 .text.USBD_FS_ConfigStrDescriptor
                0x0800a508       0x24 build/debug/usbd_desc.o
                0x0800a508                USBD_FS_ConfigStrDescriptor
 .text.USBD_FS_InterfaceStrDescriptor
                0x0800a52c       0x24 build/debug/usbd_desc.o
                0x0800a52c                USBD_FS_InterfaceStrDescriptor
 .text.USBD_CtlSendData
                0x0800a550       0x1a build/debug/usbd_ioreq.o
                0x0800a550                USBD_CtlSendData
 .text.USBD_CtlContinueSendData
                0x0800a56a       0x10 build/debug/usbd_ioreq.o
                0x0800a56a                USBD_CtlContinueSendData
 .text.USBD_CtlPrepareRx
                0x0800a57a       0x1e build/debug/usbd_ioreq.o
                0x0800a57a                USBD_CtlPrepareRx
 .text.USBD_CtlContinueRx
                0x0800a598       0x10 build/debug/usbd_ioreq.o
                0x0800a598                USBD_CtlContinueRx
 .text.USBD_CtlSendStatus
                0x0800a5a8       0x16 build/debug/usbd_ioreq.o
                0x0800a5a8                USBD_CtlSendStatus
 .text.USBD_CtlReceiveStatus
                0x0800a5be       0x16 build/debug/usbd_ioreq.o
                0x0800a5be                USBD_CtlReceiveStatus
 .text.Reset_Handler
                0x0800a5d4       0x54 build/debug/startup_stm32h753xx.o
                0x0800a5d4                Reset_Handler
 .text.Default_Handler
                0x0800a628        0x2 build/debug/startup_stm32h753xx.o
                0x0800a628                RTC_Alarm_IRQHandler
                0x0800a628                HASH_RNG_IRQHandler
                0x0800a628                EXTI2_IRQHandler
                0x0800a628                TIM8_CC_IRQHandler
                0x0800a628                HRTIM1_Master_IRQHandler
                0x0800a628                UART8_IRQHandler
                0x0800a628                SPI4_IRQHandler
                0x0800a628                TIM1_CC_IRQHandler
                0x0800a628                BDMA_Channel6_IRQHandler
                0x0800a628                DMA2_Stream5_IRQHandler
                0x0800a628                HRTIM1_FLT_IRQHandler
                0x0800a628                JPEG_IRQHandler
                0x0800a628                DMA1_Stream5_IRQHandler
                0x0800a628                BDMA_Channel1_IRQHandler
                0x0800a628                HRTIM1_TIMD_IRQHandler
                0x0800a628                TAMP_STAMP_IRQHandler
                0x0800a628                EXTI3_IRQHandler
                0x0800a628                LPTIM4_IRQHandler
                0x0800a628                TIM8_TRG_COM_TIM14_IRQHandler
                0x0800a628                LPTIM2_IRQHandler
                0x0800a628                DFSDM1_FLT1_IRQHandler
                0x0800a628                DMAMUX2_OVR_IRQHandler
                0x0800a628                TIM8_UP_TIM13_IRQHandler
                0x0800a628                I2C3_ER_IRQHandler
                0x0800a628                DFSDM1_FLT2_IRQHandler
                0x0800a628                MDMA_IRQHandler
                0x0800a628                LPTIM3_IRQHandler
                0x0800a628                HSEM1_IRQHandler
                0x0800a628                EXTI0_IRQHandler
                0x0800a628                I2C2_EV_IRQHandler
                0x0800a628                DMA1_Stream2_IRQHandler
                0x0800a628                FPU_IRQHandler
                0x0800a628                OTG_HS_WKUP_IRQHandler
                0x0800a628                FDCAN1_IT1_IRQHandler
                0x0800a628                LTDC_ER_IRQHandler
                0x0800a628                DMA2_Stream2_IRQHandler
                0x0800a628                HRTIM1_TIME_IRQHandler
                0x0800a628                SPI1_IRQHandler
                0x0800a628                TIM6_DAC_IRQHandler
                0x0800a628                DCMI_IRQHandler
                0x0800a628                HRTIM1_TIMC_IRQHandler
                0x0800a628                DMA2_Stream3_IRQHandler
                0x0800a628                SAI2_IRQHandler
                0x0800a628                DFSDM1_FLT3_IRQHandler
                0x0800a628                USART6_IRQHandler
                0x0800a628                TIM17_IRQHandler
                0x0800a628                USART3_IRQHandler
                0x0800a628                BDMA_Channel7_IRQHandler
                0x0800a628                CRYP_IRQHandler
                0x0800a628                LPTIM5_IRQHandler
                0x0800a628                UART5_IRQHandler
                0x0800a628                ADC3_IRQHandler
                0x0800a628                DMA2_Stream0_IRQHandler
                0x0800a628                TIM4_IRQHandler
                0x0800a628                BDMA_Channel2_IRQHandler
                0x0800a628                QUADSPI_IRQHandler
                0x0800a628                I2C1_EV_IRQHandler
                0x0800a628                DMA1_Stream6_IRQHandler
                0x0800a628                DMAMUX1_OVR_IRQHandler
                0x0800a628                DMA1_Stream1_IRQHandler
                0x0800a628                TIM16_IRQHandler
                0x0800a628                UART4_IRQHandler
                0x0800a628                BDMA_Channel5_IRQHandler
                0x0800a628                TIM3_IRQHandler
                0x0800a628                RCC_IRQHandler
                0x0800a628                TIM8_BRK_TIM12_IRQHandler
                0x0800a628                TIM1_TRG_COM_IRQHandler
                0x0800a628                Default_Handler
                0x0800a628                ECC_IRQHandler
                0x0800a628                CEC_IRQHandler
                0x0800a628                EXTI15_10_IRQHandler
                0x0800a628                BDMA_Channel0_IRQHandler
                0x0800a628                ADC_IRQHandler
                0x0800a628                DMA1_Stream7_IRQHandler
                0x0800a628                HRTIM1_TIMA_IRQHandler
                0x0800a628                SPI5_IRQHandler
                0x0800a628                TIM7_IRQHandler
                0x0800a628                SDMMC1_IRQHandler
                0x0800a628                TIM5_IRQHandler
                0x0800a628                DMA2_Stream7_IRQHandler
                0x0800a628                TIM15_IRQHandler
                0x0800a628                PVD_AVD_IRQHandler
                0x0800a628                I2C3_EV_IRQHandler
                0x0800a628                EXTI9_5_IRQHandler
                0x0800a628                RTC_WKUP_IRQHandler
                0x0800a628                LTDC_IRQHandler
                0x0800a628                SAI3_IRQHandler
                0x0800a628                ETH_WKUP_IRQHandler
                0x0800a628                SPDIF_RX_IRQHandler
                0x0800a628                SPI2_IRQHandler
                0x0800a628                OTG_HS_EP1_IN_IRQHandler
                0x0800a628                DMA1_Stream0_IRQHandler
                0x0800a628                CRS_IRQHandler
                0x0800a628                HRTIM1_TIMB_IRQHandler
                0x0800a628                FDCAN2_IT1_IRQHandler
                0x0800a628                ETH_IRQHandler
                0x0800a628                TIM1_UP_IRQHandler
                0x0800a628                BDMA_Channel4_IRQHandler
                0x0800a628                OTG_HS_EP1_OUT_IRQHandler
                0x0800a628                WWDG_IRQHandler
                0x0800a628                SPI6_IRQHandler
                0x0800a628                MDIOS_IRQHandler
                0x0800a628                I2C4_EV_IRQHandler
                0x0800a628                FDCAN2_IT0_IRQHandler
                0x0800a628                LPUART1_IRQHandler
                0x0800a628                FDCAN1_IT0_IRQHandler
                0x0800a628                TIM2_IRQHandler
                0x0800a628                OTG_FS_WKUP_IRQHandler
                0x0800a628                OTG_HS_IRQHandler
                0x0800a628                DMA2D_IRQHandler
                0x0800a628                TIM1_BRK_IRQHandler
                0x0800a628                EXTI1_IRQHandler
                0x0800a628                SDMMC2_IRQHandler
                0x0800a628                OTG_FS_EP1_OUT_IRQHandler
                0x0800a628                BDMA_Channel3_IRQHandler
                0x0800a628                UART7_IRQHandler
                0x0800a628                MDIOS_WKUP_IRQHandler
                0x0800a628                USART2_IRQHandler
                0x0800a628                DFSDM1_FLT0_IRQHandler
                0x0800a628                SAI4_IRQHandler
                0x0800a628                I2C2_ER_IRQHandler
                0x0800a628                DMA2_Stream1_IRQHandler
                0x0800a628                FLASH_IRQHandler
                0x0800a628                DMA2_Stream4_IRQHandler
                0x0800a628                USART1_IRQHandler
                0x0800a628                SPI3_IRQHandler
                0x0800a628                WAKEUP_PIN_IRQHandler
                0x0800a628                DMA1_Stream4_IRQHandler
                0x0800a628                OTG_FS_EP1_IN_IRQHandler
                0x0800a628                I2C1_ER_IRQHandler
                0x0800a628                FMC_IRQHandler
                0x0800a628                FDCAN_CAL_IRQHandler
                0x0800a628                SWPMI1_IRQHandler
                0x0800a628                COMP1_IRQHandler
                0x0800a628                LPTIM1_IRQHandler
                0x0800a628                I2C4_ER_IRQHandler
                0x0800a628                DMA2_Stream6_IRQHandler
                0x0800a628                SAI1_IRQHandler
                0x0800a628                DMA1_Stream3_IRQHandler
 .text.__cvt    0x0800a62a       0xa8 c:/Users/Nathan/AppData/Roaming/Code/User/globalStorage/bmd.stm32-for-vscode/@xpack-dev-tools/arm-none-eabi-gcc/14.2.1-1.1.1/.content/bin/../lib/gcc/arm-none-eabi/14.2.1/../../../../arm-none-eabi/lib/thumb/v7e-m+dp/hard\libc_nano.a(libc_a-nano-vfprintf_float.o)
                0x0800a62a                __cvt
 .text.__exponent
                0x0800a6d2       0x74 c:/Users/Nathan/AppData/Roaming/Code/User/globalStorage/bmd.stm32-for-vscode/@xpack-dev-tools/arm-none-eabi-gcc/14.2.1-1.1.1/.content/bin/../lib/gcc/arm-none-eabi/14.2.1/../../../../arm-none-eabi/lib/thumb/v7e-m+dp/hard\libc_nano.a(libc_a-nano-vfprintf_float.o)
                0x0800a6d2                __exponent
 *fill*         0x0800a746        0x2 
 .text._printf_float
                0x0800a748      0x434 c:/Users/Nathan/AppData/Roaming/Code/User/globalStorage/bmd.stm32-for-vscode/@xpack-dev-tools/arm-none-eabi-gcc/14.2.1-1.1.1/.content/bin/../lib/gcc/arm-none-eabi/14.2.1/../../../../arm-none-eabi/lib/thumb/v7e-m+dp/hard\libc_nano.a(libc_a-nano-vfprintf_float.o)
                0x0800a748                _printf_float
 .text._printf_common
                0x0800ab7c       0xda c:/Users/Nathan/AppData/Roaming/Code/User/globalStorage/bmd.stm32-for-vscode/@xpack-dev-tools/arm-none-eabi-gcc/14.2.1-1.1.1/.content/bin/../lib/gcc/arm-none-eabi/14.2.1/../../../../arm-none-eabi/lib/thumb/v7e-m+dp/hard\libc_nano.a(libc_a-nano-vfprintf_i.o)
                0x0800ab7c                _printf_common
 *fill*         0x0800ac56        0x2 
 .text._printf_i
                0x0800ac58      0x240 c:/Users/Nathan/AppData/Roaming/Code/User/globalStorage/bmd.stm32-for-vscode/@xpack-dev-tools/arm-none-eabi-gcc/14.2.1-1.1.1/.content/bin/../lib/gcc/arm-none-eabi/14.2.1/../../../../arm-none-eabi/lib/thumb/v7e-m+dp/hard\libc_nano.a(libc_a-nano-vfprintf_i.o)
                0x0800ac58                _printf_i
 .text.std      0x0800ae98       0x6c c:/Users/Nathan/AppData/Roaming/Code/User/globalStorage/bmd.stm32-for-vscode/@xpack-dev-tools/arm-none-eabi-gcc/14.2.1-1.1.1/.content/bin/../lib/gcc/arm-none-eabi/14.2.1/../../../../arm-none-eabi/lib/thumb/v7e-m+dp/hard\libc_nano.a(libc_a-findfp.o)
 .text.stdio_exit_handler
                0x0800af04       0x18 c:/Users/Nathan/AppData/Roaming/Code/User/globalStorage/bmd.stm32-for-vscode/@xpack-dev-tools/arm-none-eabi-gcc/14.2.1-1.1.1/.content/bin/../lib/gcc/arm-none-eabi/14.2.1/../../../../arm-none-eabi/lib/thumb/v7e-m+dp/hard\libc_nano.a(libc_a-findfp.o)
 .text.cleanup_stdio
                0x0800af1c       0x40 c:/Users/Nathan/AppData/Roaming/Code/User/globalStorage/bmd.stm32-for-vscode/@xpack-dev-tools/arm-none-eabi-gcc/14.2.1-1.1.1/.content/bin/../lib/gcc/arm-none-eabi/14.2.1/../../../../arm-none-eabi/lib/thumb/v7e-m+dp/hard\libc_nano.a(libc_a-findfp.o)
 .text.global_stdio_init.part.0
                0x0800af5c       0x40 c:/Users/Nathan/AppData/Roaming/Code/User/globalStorage/bmd.stm32-for-vscode/@xpack-dev-tools/arm-none-eabi-gcc/14.2.1-1.1.1/.content/bin/../lib/gcc/arm-none-eabi/14.2.1/../../../../arm-none-eabi/lib/thumb/v7e-m+dp/hard\libc_nano.a(libc_a-findfp.o)
 .text.__sfp_lock_acquire
                0x0800af9c        0xc c:/Users/Nathan/AppData/Roaming/Code/User/globalStorage/bmd.stm32-for-vscode/@xpack-dev-tools/arm-none-eabi-gcc/14.2.1-1.1.1/.content/bin/../lib/gcc/arm-none-eabi/14.2.1/../../../../arm-none-eabi/lib/thumb/v7e-m+dp/hard\libc_nano.a(libc_a-findfp.o)
                0x0800af9c                __sfp_lock_acquire
 .text.__sfp_lock_release
                0x0800afa8        0xc c:/Users/Nathan/AppData/Roaming/Code/User/globalStorage/bmd.stm32-for-vscode/@xpack-dev-tools/arm-none-eabi-gcc/14.2.1-1.1.1/.content/bin/../lib/gcc/arm-none-eabi/14.2.1/../../../../arm-none-eabi/lib/thumb/v7e-m+dp/hard\libc_nano.a(libc_a-findfp.o)
                0x0800afa8                __sfp_lock_release
 .text.__sinit  0x0800afb4       0x30 c:/Users/Nathan/AppData/Roaming/Code/User/globalStorage/bmd.stm32-for-vscode/@xpack-dev-tools/arm-none-eabi-gcc/14.2.1-1.1.1/.content/bin/../lib/gcc/arm-none-eabi/14.2.1/../../../../arm-none-eabi/lib/thumb/v7e-m+dp/hard\libc_nano.a(libc_a-findfp.o)
                0x0800afb4                __sinit
 .text._fwalk_sglue
                0x0800afe4       0x3c c:/Users/Nathan/AppData/Roaming/Code/User/globalStorage/bmd.stm32-for-vscode/@xpack-dev-tools/arm-none-eabi-gcc/14.2.1-1.1.1/.content/bin/../lib/gcc/arm-none-eabi/14.2.1/../../../../arm-none-eabi/lib/thumb/v7e-m+dp/hard\libc_nano.a(libc_a-fwalk.o)
                0x0800afe4                _fwalk_sglue
 .text.printf   0x0800b020       0x24 c:/Users/Nathan/AppData/Roaming/Code/User/globalStorage/bmd.stm32-for-vscode/@xpack-dev-tools/arm-none-eabi-gcc/14.2.1-1.1.1/.content/bin/../lib/gcc/arm-none-eabi/14.2.1/../../../../arm-none-eabi/lib/thumb/v7e-m+dp/hard\libc_nano.a(libc_a-printf.o)
                0x0800b020                iprintf
                0x0800b020                printf
 .text.putchar  0x0800b044       0x10 c:/Users/Nathan/AppData/Roaming/Code/User/globalStorage/bmd.stm32-for-vscode/@xpack-dev-tools/arm-none-eabi-gcc/14.2.1-1.1.1/.content/bin/../lib/gcc/arm-none-eabi/14.2.1/../../../../arm-none-eabi/lib/thumb/v7e-m+dp/hard\libc_nano.a(libc_a-putchar.o)
                0x0800b044                putchar
 .text.sprintf  0x0800b054       0x44 c:/Users/Nathan/AppData/Roaming/Code/User/globalStorage/bmd.stm32-for-vscode/@xpack-dev-tools/arm-none-eabi-gcc/14.2.1-1.1.1/.content/bin/../lib/gcc/arm-none-eabi/14.2.1/../../../../arm-none-eabi/lib/thumb/v7e-m+dp/hard\libc_nano.a(libc_a-sprintf.o)
                0x0800b054                siprintf
                0x0800b054                sprintf
 .text.__sread  0x0800b098       0x22 c:/Users/Nathan/AppData/Roaming/Code/User/globalStorage/bmd.stm32-for-vscode/@xpack-dev-tools/arm-none-eabi-gcc/14.2.1-1.1.1/.content/bin/../lib/gcc/arm-none-eabi/14.2.1/../../../../arm-none-eabi/lib/thumb/v7e-m+dp/hard\libc_nano.a(libc_a-stdio.o)
                0x0800b098                __sread
 .text.__swrite
                0x0800b0ba       0x38 c:/Users/Nathan/AppData/Roaming/Code/User/globalStorage/bmd.stm32-for-vscode/@xpack-dev-tools/arm-none-eabi-gcc/14.2.1-1.1.1/.content/bin/../lib/gcc/arm-none-eabi/14.2.1/../../../../arm-none-eabi/lib/thumb/v7e-m+dp/hard\libc_nano.a(libc_a-stdio.o)
                0x0800b0ba                __swrite
 .text.__sseek  0x0800b0f2       0x26 c:/Users/Nathan/AppData/Roaming/Code/User/globalStorage/bmd.stm32-for-vscode/@xpack-dev-tools/arm-none-eabi-gcc/14.2.1-1.1.1/.content/bin/../lib/gcc/arm-none-eabi/14.2.1/../../../../arm-none-eabi/lib/thumb/v7e-m+dp/hard\libc_nano.a(libc_a-stdio.o)
                0x0800b0f2                __sseek
 .text.__sclose
                0x0800b118        0x8 c:/Users/Nathan/AppData/Roaming/Code/User/globalStorage/bmd.stm32-for-vscode/@xpack-dev-tools/arm-none-eabi-gcc/14.2.1-1.1.1/.content/bin/../lib/gcc/arm-none-eabi/14.2.1/../../../../arm-none-eabi/lib/thumb/v7e-m+dp/hard\libc_nano.a(libc_a-stdio.o)
                0x0800b118                __sclose
 .text._vsnprintf_r
                0x0800b120       0x5c c:/Users/Nathan/AppData/Roaming/Code/User/globalStorage/bmd.stm32-for-vscode/@xpack-dev-tools/arm-none-eabi-gcc/14.2.1-1.1.1/.content/bin/../lib/gcc/arm-none-eabi/14.2.1/../../../../arm-none-eabi/lib/thumb/v7e-m+dp/hard\libc_nano.a(libc_a-vsnprintf.o)
                0x0800b120                _vsniprintf_r
                0x0800b120                _vsnprintf_r
 .text.vsnprintf
                0x0800b17c       0x1c c:/Users/Nathan/AppData/Roaming/Code/User/globalStorage/bmd.stm32-for-vscode/@xpack-dev-tools/arm-none-eabi-gcc/14.2.1-1.1.1/.content/bin/../lib/gcc/arm-none-eabi/14.2.1/../../../../arm-none-eabi/lib/thumb/v7e-m+dp/hard\libc_nano.a(libc_a-vsnprintf.o)
                0x0800b17c                vsniprintf
                0x0800b17c                vsnprintf
 .text.memset   0x0800b198       0x10 c:/Users/Nathan/AppData/Roaming/Code/User/globalStorage/bmd.stm32-for-vscode/@xpack-dev-tools/arm-none-eabi-gcc/14.2.1-1.1.1/.content/bin/../lib/gcc/arm-none-eabi/14.2.1/../../../../arm-none-eabi/lib/thumb/v7e-m+dp/hard\libc_nano.a(libc_a-memset.o)
                0x0800b198                memset
 .text._localeconv_r
                0x0800b1a8        0x8 c:/Users/Nathan/AppData/Roaming/Code/User/globalStorage/bmd.stm32-for-vscode/@xpack-dev-tools/arm-none-eabi-gcc/14.2.1-1.1.1/.content/bin/../lib/gcc/arm-none-eabi/14.2.1/../../../../arm-none-eabi/lib/thumb/v7e-m+dp/hard\libc_nano.a(libc_a-localeconv.o)
                0x0800b1a8                _localeconv_r
 .text._close_r
                0x0800b1b0       0x20 c:/Users/Nathan/AppData/Roaming/Code/User/globalStorage/bmd.stm32-for-vscode/@xpack-dev-tools/arm-none-eabi-gcc/14.2.1-1.1.1/.content/bin/../lib/gcc/arm-none-eabi/14.2.1/../../../../arm-none-eabi/lib/thumb/v7e-m+dp/hard\libc_nano.a(libc_a-closer.o)
                0x0800b1b0                _close_r
 .text._lseek_r
                0x0800b1d0       0x24 c:/Users/Nathan/AppData/Roaming/Code/User/globalStorage/bmd.stm32-for-vscode/@xpack-dev-tools/arm-none-eabi-gcc/14.2.1-1.1.1/.content/bin/../lib/gcc/arm-none-eabi/14.2.1/../../../../arm-none-eabi/lib/thumb/v7e-m+dp/hard\libc_nano.a(libc_a-lseekr.o)
                0x0800b1d0                _lseek_r
 .text._read_r  0x0800b1f4       0x24 c:/Users/Nathan/AppData/Roaming/Code/User/globalStorage/bmd.stm32-for-vscode/@xpack-dev-tools/arm-none-eabi-gcc/14.2.1-1.1.1/.content/bin/../lib/gcc/arm-none-eabi/14.2.1/../../../../arm-none-eabi/lib/thumb/v7e-m+dp/hard\libc_nano.a(libc_a-readr.o)
                0x0800b1f4                _read_r
 .text._write_r
                0x0800b218       0x24 c:/Users/Nathan/AppData/Roaming/Code/User/globalStorage/bmd.stm32-for-vscode/@xpack-dev-tools/arm-none-eabi-gcc/14.2.1-1.1.1/.content/bin/../lib/gcc/arm-none-eabi/14.2.1/../../../../arm-none-eabi/lib/thumb/v7e-m+dp/hard\libc_nano.a(libc_a-writer.o)
                0x0800b218                _write_r
 .text.__errno  0x0800b23c        0xc c:/Users/Nathan/AppData/Roaming/Code/User/globalStorage/bmd.stm32-for-vscode/@xpack-dev-tools/arm-none-eabi-gcc/14.2.1-1.1.1/.content/bin/../lib/gcc/arm-none-eabi/14.2.1/../../../../arm-none-eabi/lib/thumb/v7e-m+dp/hard\libc_nano.a(libc_a-errno.o)
                0x0800b23c                __errno
 .text.__libc_init_array
                0x0800b248       0x48 c:/Users/Nathan/AppData/Roaming/Code/User/globalStorage/bmd.stm32-for-vscode/@xpack-dev-tools/arm-none-eabi-gcc/14.2.1-1.1.1/.content/bin/../lib/gcc/arm-none-eabi/14.2.1/../../../../arm-none-eabi/lib/thumb/v7e-m+dp/hard\libc_nano.a(libc_a-init.o)
                0x0800b248                __libc_init_array
 .text.__retarget_lock_init_recursive
                0x0800b290        0x2 c:/Users/Nathan/AppData/Roaming/Code/User/globalStorage/bmd.stm32-for-vscode/@xpack-dev-tools/arm-none-eabi-gcc/14.2.1-1.1.1/.content/bin/../lib/gcc/arm-none-eabi/14.2.1/../../../../arm-none-eabi/lib/thumb/v7e-m+dp/hard\libc_nano.a(libc_a-lock.o)
                0x0800b290                __retarget_lock_init_recursive
 .text.__retarget_lock_acquire_recursive
                0x0800b292        0x2 c:/Users/Nathan/AppData/Roaming/Code/User/globalStorage/bmd.stm32-for-vscode/@xpack-dev-tools/arm-none-eabi-gcc/14.2.1-1.1.1/.content/bin/../lib/gcc/arm-none-eabi/14.2.1/../../../../arm-none-eabi/lib/thumb/v7e-m+dp/hard\libc_nano.a(libc_a-lock.o)
                0x0800b292                __retarget_lock_acquire_recursive
 .text.__retarget_lock_release_recursive
                0x0800b294        0x2 c:/Users/Nathan/AppData/Roaming/Code/User/globalStorage/bmd.stm32-for-vscode/@xpack-dev-tools/arm-none-eabi-gcc/14.2.1-1.1.1/.content/bin/../lib/gcc/arm-none-eabi/14.2.1/../../../../arm-none-eabi/lib/thumb/v7e-m+dp/hard\libc_nano.a(libc_a-lock.o)
                0x0800b294                __retarget_lock_release_recursive
 .text.memcpy   0x0800b296       0x1c c:/Users/Nathan/AppData/Roaming/Code/User/globalStorage/bmd.stm32-for-vscode/@xpack-dev-tools/arm-none-eabi-gcc/14.2.1-1.1.1/.content/bin/../lib/gcc/arm-none-eabi/14.2.1/../../../../arm-none-eabi/lib/thumb/v7e-m+dp/hard\libc_nano.a(libc_a-memcpy-stub.o)
                0x0800b296                memcpy
 .text.quorem   0x0800b2b2      0x110 c:/Users/Nathan/AppData/Roaming/Code/User/globalStorage/bmd.stm32-for-vscode/@xpack-dev-tools/arm-none-eabi-gcc/14.2.1-1.1.1/.content/bin/../lib/gcc/arm-none-eabi/14.2.1/../../../../arm-none-eabi/lib/thumb/v7e-m+dp/hard\libc_nano.a(libc_a-dtoa.o)
 *fill*         0x0800b3c2        0x6 
 .text._dtoa_r  0x0800b3c8      0xa9c c:/Users/Nathan/AppData/Roaming/Code/User/globalStorage/bmd.stm32-for-vscode/@xpack-dev-tools/arm-none-eabi-gcc/14.2.1-1.1.1/.content/bin/../lib/gcc/arm-none-eabi/14.2.1/../../../../arm-none-eabi/lib/thumb/v7e-m+dp/hard\libc_nano.a(libc_a-dtoa.o)
                0x0800b3c8                _dtoa_r
 .text._free_r  0x0800be64       0x94 c:/Users/Nathan/AppData/Roaming/Code/User/globalStorage/bmd.stm32-for-vscode/@xpack-dev-tools/arm-none-eabi-gcc/14.2.1-1.1.1/.content/bin/../lib/gcc/arm-none-eabi/14.2.1/../../../../arm-none-eabi/lib/thumb/v7e-m+dp/hard\libc_nano.a(libc_a-freer.o)
                0x0800be64                _free_r
 .text.malloc   0x0800bef8       0x10 c:/Users/Nathan/AppData/Roaming/Code/User/globalStorage/bmd.stm32-for-vscode/@xpack-dev-tools/arm-none-eabi-gcc/14.2.1-1.1.1/.content/bin/../lib/gcc/arm-none-eabi/14.2.1/../../../../arm-none-eabi/lib/thumb/v7e-m+dp/hard\libc_nano.a(libc_a-malloc.o)
                0x0800bef8                malloc
 .text.sbrk_aligned
                0x0800bf08       0x44 c:/Users/Nathan/AppData/Roaming/Code/User/globalStorage/bmd.stm32-for-vscode/@xpack-dev-tools/arm-none-eabi-gcc/14.2.1-1.1.1/.content/bin/../lib/gcc/arm-none-eabi/14.2.1/../../../../arm-none-eabi/lib/thumb/v7e-m+dp/hard\libc_nano.a(libc_a-mallocr.o)
 .text._malloc_r
                0x0800bf4c      0x100 c:/Users/Nathan/AppData/Roaming/Code/User/globalStorage/bmd.stm32-for-vscode/@xpack-dev-tools/arm-none-eabi-gcc/14.2.1-1.1.1/.content/bin/../lib/gcc/arm-none-eabi/14.2.1/../../../../arm-none-eabi/lib/thumb/v7e-m+dp/hard\libc_nano.a(libc_a-mallocr.o)
                0x0800bf4c                _malloc_r
 .text.__malloc_lock
                0x0800c04c        0xc c:/Users/Nathan/AppData/Roaming/Code/User/globalStorage/bmd.stm32-for-vscode/@xpack-dev-tools/arm-none-eabi-gcc/14.2.1-1.1.1/.content/bin/../lib/gcc/arm-none-eabi/14.2.1/../../../../arm-none-eabi/lib/thumb/v7e-m+dp/hard\libc_nano.a(libc_a-mlock.o)
                0x0800c04c                __malloc_lock
 .text.__malloc_unlock
                0x0800c058        0xc c:/Users/Nathan/AppData/Roaming/Code/User/globalStorage/bmd.stm32-for-vscode/@xpack-dev-tools/arm-none-eabi-gcc/14.2.1-1.1.1/.content/bin/../lib/gcc/arm-none-eabi/14.2.1/../../../../arm-none-eabi/lib/thumb/v7e-m+dp/hard\libc_nano.a(libc_a-mlock.o)
                0x0800c058                __malloc_unlock
 .text._Balloc  0x0800c064       0x7c c:/Users/Nathan/AppData/Roaming/Code/User/globalStorage/bmd.stm32-for-vscode/@xpack-dev-tools/arm-none-eabi-gcc/14.2.1-1.1.1/.content/bin/../lib/gcc/arm-none-eabi/14.2.1/../../../../arm-none-eabi/lib/thumb/v7e-m+dp/hard\libc_nano.a(libc_a-mprec.o)
                0x0800c064                _Balloc
 .text._Bfree   0x0800c0e0       0x44 c:/Users/Nathan/AppData/Roaming/Code/User/globalStorage/bmd.stm32-for-vscode/@xpack-dev-tools/arm-none-eabi-gcc/14.2.1-1.1.1/.content/bin/../lib/gcc/arm-none-eabi/14.2.1/../../../../arm-none-eabi/lib/thumb/v7e-m+dp/hard\libc_nano.a(libc_a-mprec.o)
                0x0800c0e0                _Bfree
 .text.__multadd
                0x0800c124       0x8c c:/Users/Nathan/AppData/Roaming/Code/User/globalStorage/bmd.stm32-for-vscode/@xpack-dev-tools/arm-none-eabi-gcc/14.2.1-1.1.1/.content/bin/../lib/gcc/arm-none-eabi/14.2.1/../../../../arm-none-eabi/lib/thumb/v7e-m+dp/hard\libc_nano.a(libc_a-mprec.o)
                0x0800c124                __multadd
 .text.__hi0bits
                0x0800c1b0       0x3e c:/Users/Nathan/AppData/Roaming/Code/User/globalStorage/bmd.stm32-for-vscode/@xpack-dev-tools/arm-none-eabi-gcc/14.2.1-1.1.1/.content/bin/../lib/gcc/arm-none-eabi/14.2.1/../../../../arm-none-eabi/lib/thumb/v7e-m+dp/hard\libc_nano.a(libc_a-mprec.o)
                0x0800c1b0                __hi0bits
 .text.__lo0bits
                0x0800c1ee       0x5a c:/Users/Nathan/AppData/Roaming/Code/User/globalStorage/bmd.stm32-for-vscode/@xpack-dev-tools/arm-none-eabi-gcc/14.2.1-1.1.1/.content/bin/../lib/gcc/arm-none-eabi/14.2.1/../../../../arm-none-eabi/lib/thumb/v7e-m+dp/hard\libc_nano.a(libc_a-mprec.o)
                0x0800c1ee                __lo0bits
 .text.__i2b    0x0800c248       0x2c c:/Users/Nathan/AppData/Roaming/Code/User/globalStorage/bmd.stm32-for-vscode/@xpack-dev-tools/arm-none-eabi-gcc/14.2.1-1.1.1/.content/bin/../lib/gcc/arm-none-eabi/14.2.1/../../../../arm-none-eabi/lib/thumb/v7e-m+dp/hard\libc_nano.a(libc_a-mprec.o)
                0x0800c248                __i2b
 .text.__multiply
                0x0800c274      0x154 c:/Users/Nathan/AppData/Roaming/Code/User/globalStorage/bmd.stm32-for-vscode/@xpack-dev-tools/arm-none-eabi-gcc/14.2.1-1.1.1/.content/bin/../lib/gcc/arm-none-eabi/14.2.1/../../../../arm-none-eabi/lib/thumb/v7e-m+dp/hard\libc_nano.a(libc_a-mprec.o)
                0x0800c274                __multiply
 .text.__pow5mult
                0x0800c3c8       0xb8 c:/Users/Nathan/AppData/Roaming/Code/User/globalStorage/bmd.stm32-for-vscode/@xpack-dev-tools/arm-none-eabi-gcc/14.2.1-1.1.1/.content/bin/../lib/gcc/arm-none-eabi/14.2.1/../../../../arm-none-eabi/lib/thumb/v7e-m+dp/hard\libc_nano.a(libc_a-mprec.o)
                0x0800c3c8                __pow5mult
 .text.__lshift
                0x0800c480       0xdc c:/Users/Nathan/AppData/Roaming/Code/User/globalStorage/bmd.stm32-for-vscode/@xpack-dev-tools/arm-none-eabi-gcc/14.2.1-1.1.1/.content/bin/../lib/gcc/arm-none-eabi/14.2.1/../../../../arm-none-eabi/lib/thumb/v7e-m+dp/hard\libc_nano.a(libc_a-mprec.o)
                0x0800c480                __lshift
 .text.__mcmp   0x0800c55c       0x36 c:/Users/Nathan/AppData/Roaming/Code/User/globalStorage/bmd.stm32-for-vscode/@xpack-dev-tools/arm-none-eabi-gcc/14.2.1-1.1.1/.content/bin/../lib/gcc/arm-none-eabi/14.2.1/../../../../arm-none-eabi/lib/thumb/v7e-m+dp/hard\libc_nano.a(libc_a-mprec.o)
                0x0800c55c                __mcmp
 *fill*         0x0800c592        0x2 
 .text.__mdiff  0x0800c594      0x130 c:/Users/Nathan/AppData/Roaming/Code/User/globalStorage/bmd.stm32-for-vscode/@xpack-dev-tools/arm-none-eabi-gcc/14.2.1-1.1.1/.content/bin/../lib/gcc/arm-none-eabi/14.2.1/../../../../arm-none-eabi/lib/thumb/v7e-m+dp/hard\libc_nano.a(libc_a-mprec.o)
                0x0800c594                __mdiff
 .text.__d2b    0x0800c6c4       0xb0 c:/Users/Nathan/AppData/Roaming/Code/User/globalStorage/bmd.stm32-for-vscode/@xpack-dev-tools/arm-none-eabi-gcc/14.2.1-1.1.1/.content/bin/../lib/gcc/arm-none-eabi/14.2.1/../../../../arm-none-eabi/lib/thumb/v7e-m+dp/hard\libc_nano.a(libc_a-mprec.o)
                0x0800c6c4                __d2b
 .text.__ssputs_r
                0x0800c774       0xc0 c:/Users/Nathan/AppData/Roaming/Code/User/globalStorage/bmd.stm32-for-vscode/@xpack-dev-tools/arm-none-eabi-gcc/14.2.1-1.1.1/.content/bin/../lib/gcc/arm-none-eabi/14.2.1/../../../../arm-none-eabi/lib/thumb/v7e-m+dp/hard\libc_nano.a(libc_a-nano-svfprintf.o)
                0x0800c774                __ssputs_r
 .text._svfprintf_r
                0x0800c834      0x1f8 c:/Users/Nathan/AppData/Roaming/Code/User/globalStorage/bmd.stm32-for-vscode/@xpack-dev-tools/arm-none-eabi-gcc/14.2.1-1.1.1/.content/bin/../lib/gcc/arm-none-eabi/14.2.1/../../../../arm-none-eabi/lib/thumb/v7e-m+dp/hard\libc_nano.a(libc_a-nano-svfprintf.o)
                0x0800c834                _svfiprintf_r
                0x0800c834                _svfprintf_r
 .text.__sfputc_r
                0x0800ca2c       0x2e c:/Users/Nathan/AppData/Roaming/Code/User/globalStorage/bmd.stm32-for-vscode/@xpack-dev-tools/arm-none-eabi-gcc/14.2.1-1.1.1/.content/bin/../lib/gcc/arm-none-eabi/14.2.1/../../../../arm-none-eabi/lib/thumb/v7e-m+dp/hard\libc_nano.a(libc_a-nano-vfprintf.o)
 .text.__sfputs_r
                0x0800ca5a       0x24 c:/Users/Nathan/AppData/Roaming/Code/User/globalStorage/bmd.stm32-for-vscode/@xpack-dev-tools/arm-none-eabi-gcc/14.2.1-1.1.1/.content/bin/../lib/gcc/arm-none-eabi/14.2.1/../../../../arm-none-eabi/lib/thumb/v7e-m+dp/hard\libc_nano.a(libc_a-nano-vfprintf.o)
                0x0800ca5a                __sfputs_r
 *fill*         0x0800ca7e        0x2 
 .text._vfprintf_r
                0x0800ca80      0x230 c:/Users/Nathan/AppData/Roaming/Code/User/globalStorage/bmd.stm32-for-vscode/@xpack-dev-tools/arm-none-eabi-gcc/14.2.1-1.1.1/.content/bin/../lib/gcc/arm-none-eabi/14.2.1/../../../../arm-none-eabi/lib/thumb/v7e-m+dp/hard\libc_nano.a(libc_a-nano-vfprintf.o)
                0x0800ca80                _vfprintf_r
                0x0800ca80                _vfiprintf_r
 .text.__sflush_r
                0x0800ccb0      0x104 c:/Users/Nathan/AppData/Roaming/Code/User/globalStorage/bmd.stm32-for-vscode/@xpack-dev-tools/arm-none-eabi-gcc/14.2.1-1.1.1/.content/bin/../lib/gcc/arm-none-eabi/14.2.1/../../../../arm-none-eabi/lib/thumb/v7e-m+dp/hard\libc_nano.a(libc_a-fflush.o)
                0x0800ccb0                __sflush_r
 .text._fflush_r
                0x0800cdb4       0x50 c:/Users/Nathan/AppData/Roaming/Code/User/globalStorage/bmd.stm32-for-vscode/@xpack-dev-tools/arm-none-eabi-gcc/14.2.1-1.1.1/.content/bin/../lib/gcc/arm-none-eabi/14.2.1/../../../../arm-none-eabi/lib/thumb/v7e-m+dp/hard\libc_nano.a(libc_a-fflush.o)
                0x0800cdb4                _fflush_r
 .text._putc_r  0x0800ce04       0x68 c:/Users/Nathan/AppData/Roaming/Code/User/globalStorage/bmd.stm32-for-vscode/@xpack-dev-tools/arm-none-eabi-gcc/14.2.1-1.1.1/.content/bin/../lib/gcc/arm-none-eabi/14.2.1/../../../../arm-none-eabi/lib/thumb/v7e-m+dp/hard\libc_nano.a(libc_a-putc.o)
                0x0800ce04                _putc_r
 .text.__swbuf_r
                0x0800ce6c       0x7c c:/Users/Nathan/AppData/Roaming/Code/User/globalStorage/bmd.stm32-for-vscode/@xpack-dev-tools/arm-none-eabi-gcc/14.2.1-1.1.1/.content/bin/../lib/gcc/arm-none-eabi/14.2.1/../../../../arm-none-eabi/lib/thumb/v7e-m+dp/hard\libc_nano.a(libc_a-wbuf.o)
                0x0800ce6c                __swbuf_r
 .text.__swsetup_r
                0x0800cee8       0xa8 c:/Users/Nathan/AppData/Roaming/Code/User/globalStorage/bmd.stm32-for-vscode/@xpack-dev-tools/arm-none-eabi-gcc/14.2.1-1.1.1/.content/bin/../lib/gcc/arm-none-eabi/14.2.1/../../../../arm-none-eabi/lib/thumb/v7e-m+dp/hard\libc_nano.a(libc_a-wsetup.o)
                0x0800cee8                __swsetup_r
 .text.memmove  0x0800cf90       0x32 c:/Users/Nathan/AppData/Roaming/Code/User/globalStorage/bmd.stm32-for-vscode/@xpack-dev-tools/arm-none-eabi-gcc/14.2.1-1.1.1/.content/bin/../lib/gcc/arm-none-eabi/14.2.1/../../../../arm-none-eabi/lib/thumb/v7e-m+dp/hard\libc_nano.a(libc_a-memmove.o)
                0x0800cf90                memmove
 *fill*         0x0800cfc2        0x2 
 .text._sbrk_r  0x0800cfc4       0x20 c:/Users/Nathan/AppData/Roaming/Code/User/globalStorage/bmd.stm32-for-vscode/@xpack-dev-tools/arm-none-eabi-gcc/14.2.1-1.1.1/.content/bin/../lib/gcc/arm-none-eabi/14.2.1/../../../../arm-none-eabi/lib/thumb/v7e-m+dp/hard\libc_nano.a(libc_a-sbrkr.o)
                0x0800cfc4                _sbrk_r
 .text.__assert_func
                0x0800cfe4       0x3c c:/Users/Nathan/AppData/Roaming/Code/User/globalStorage/bmd.stm32-for-vscode/@xpack-dev-tools/arm-none-eabi-gcc/14.2.1-1.1.1/.content/bin/../lib/gcc/arm-none-eabi/14.2.1/../../../../arm-none-eabi/lib/thumb/v7e-m+dp/hard\libc_nano.a(libc_a-assert.o)
                0x0800cfe4                __assert_func
 .text._calloc_r
                0x0800d020       0x28 c:/Users/Nathan/AppData/Roaming/Code/User/globalStorage/bmd.stm32-for-vscode/@xpack-dev-tools/arm-none-eabi-gcc/14.2.1-1.1.1/.content/bin/../lib/gcc/arm-none-eabi/14.2.1/../../../../arm-none-eabi/lib/thumb/v7e-m+dp/hard\libc_nano.a(libc_a-callocr.o)
                0x0800d020                _calloc_r
 .text.__ascii_mbtowc
                0x0800d048       0x24 c:/Users/Nathan/AppData/Roaming/Code/User/globalStorage/bmd.stm32-for-vscode/@xpack-dev-tools/arm-none-eabi-gcc/14.2.1-1.1.1/.content/bin/../lib/gcc/arm-none-eabi/14.2.1/../../../../arm-none-eabi/lib/thumb/v7e-m+dp/hard\libc_nano.a(libc_a-mbtowc_r.o)
                0x0800d048                __ascii_mbtowc
 .text._realloc_r
                0x0800d06c       0x5c c:/Users/Nathan/AppData/Roaming/Code/User/globalStorage/bmd.stm32-for-vscode/@xpack-dev-tools/arm-none-eabi-gcc/14.2.1-1.1.1/.content/bin/../lib/gcc/arm-none-eabi/14.2.1/../../../../arm-none-eabi/lib/thumb/v7e-m+dp/hard\libc_nano.a(libc_a-reallocr.o)
                0x0800d06c                _realloc_r
 .text.__ascii_wctomb
                0x0800d0c8       0x1a c:/Users/Nathan/AppData/Roaming/Code/User/globalStorage/bmd.stm32-for-vscode/@xpack-dev-tools/arm-none-eabi-gcc/14.2.1-1.1.1/.content/bin/../lib/gcc/arm-none-eabi/14.2.1/../../../../arm-none-eabi/lib/thumb/v7e-m+dp/hard\libc_nano.a(libc_a-wctomb_r.o)
                0x0800d0c8                __ascii_wctomb
 *fill*         0x0800d0e2        0x2 
 .text.fprintf  0x0800d0e4       0x24 c:/Users/Nathan/AppData/Roaming/Code/User/globalStorage/bmd.stm32-for-vscode/@xpack-dev-tools/arm-none-eabi-gcc/14.2.1-1.1.1/.content/bin/../lib/gcc/arm-none-eabi/14.2.1/../../../../arm-none-eabi/lib/thumb/v7e-m+dp/hard\libc_nano.a(libc_a-fprintf.o)
                0x0800d0e4                fiprintf
                0x0800d0e4                fprintf
 .text.__swhatbuf_r
                0x0800d108       0x48 c:/Users/Nathan/AppData/Roaming/Code/User/globalStorage/bmd.stm32-for-vscode/@xpack-dev-tools/arm-none-eabi-gcc/14.2.1-1.1.1/.content/bin/../lib/gcc/arm-none-eabi/14.2.1/../../../../arm-none-eabi/lib/thumb/v7e-m+dp/hard\libc_nano.a(libc_a-makebuf.o)
                0x0800d108                __swhatbuf_r
 .text.__smakebuf_r
                0x0800d150       0x72 c:/Users/Nathan/AppData/Roaming/Code/User/globalStorage/bmd.stm32-for-vscode/@xpack-dev-tools/arm-none-eabi-gcc/14.2.1-1.1.1/.content/bin/../lib/gcc/arm-none-eabi/14.2.1/../../../../arm-none-eabi/lib/thumb/v7e-m+dp/hard\libc_nano.a(libc_a-makebuf.o)
                0x0800d150                __smakebuf_r
 *fill*         0x0800d1c2        0x2 
 .text._fstat_r
                0x0800d1c4       0x24 c:/Users/Nathan/AppData/Roaming/Code/User/globalStorage/bmd.stm32-for-vscode/@xpack-dev-tools/arm-none-eabi-gcc/14.2.1-1.1.1/.content/bin/../lib/gcc/arm-none-eabi/14.2.1/../../../../arm-none-eabi/lib/thumb/v7e-m+dp/hard\libc_nano.a(libc_a-fstatr.o)
                0x0800d1c4                _fstat_r
 .text._isatty_r
                0x0800d1e8       0x20 c:/Users/Nathan/AppData/Roaming/Code/User/globalStorage/bmd.stm32-for-vscode/@xpack-dev-tools/arm-none-eabi-gcc/14.2.1-1.1.1/.content/bin/../lib/gcc/arm-none-eabi/14.2.1/../../../../arm-none-eabi/lib/thumb/v7e-m+dp/hard\libc_nano.a(libc_a-isattyr.o)
                0x0800d1e8                _isatty_r
 .text.abort    0x0800d208        0xe c:/Users/Nathan/AppData/Roaming/Code/User/globalStorage/bmd.stm32-for-vscode/@xpack-dev-tools/arm-none-eabi-gcc/14.2.1-1.1.1/.content/bin/../lib/gcc/arm-none-eabi/14.2.1/../../../../arm-none-eabi/lib/thumb/v7e-m+dp/hard\libc_nano.a(libc_a-abort.o)
                0x0800d208                abort
 .text._malloc_usable_size_r
                0x0800d216       0x10 c:/Users/Nathan/AppData/Roaming/Code/User/globalStorage/bmd.stm32-for-vscode/@xpack-dev-tools/arm-none-eabi-gcc/14.2.1-1.1.1/.content/bin/../lib/gcc/arm-none-eabi/14.2.1/../../../../arm-none-eabi/lib/thumb/v7e-m+dp/hard\libc_nano.a(libc_a-msizer.o)
                0x0800d216                _malloc_usable_size_r
 .text._raise_r
                0x0800d226       0x50 c:/Users/Nathan/AppData/Roaming/Code/User/globalStorage/bmd.stm32-for-vscode/@xpack-dev-tools/arm-none-eabi-gcc/14.2.1-1.1.1/.content/bin/../lib/gcc/arm-none-eabi/14.2.1/../../../../arm-none-eabi/lib/thumb/v7e-m+dp/hard\libc_nano.a(libc_a-signal.o)
                0x0800d226                _raise_r
 *fill*         0x0800d276        0x2 
 .text.raise    0x0800d278       0x10 c:/Users/Nathan/AppData/Roaming/Code/User/globalStorage/bmd.stm32-for-vscode/@xpack-dev-tools/arm-none-eabi-gcc/14.2.1-1.1.1/.content/bin/../lib/gcc/arm-none-eabi/14.2.1/../../../../arm-none-eabi/lib/thumb/v7e-m+dp/hard\libc_nano.a(libc_a-signal.o)
                0x0800d278                raise
 .text._kill_r  0x0800d288       0x24 c:/Users/Nathan/AppData/Roaming/Code/User/globalStorage/bmd.stm32-for-vscode/@xpack-dev-tools/arm-none-eabi-gcc/14.2.1-1.1.1/.content/bin/../lib/gcc/arm-none-eabi/14.2.1/../../../../arm-none-eabi/lib/thumb/v7e-m+dp/hard\libc_nano.a(libc_a-signalr.o)
                0x0800d288                _kill_r
 .text._getpid_r
                0x0800d2ac        0x4 c:/Users/Nathan/AppData/Roaming/Code/User/globalStorage/bmd.stm32-for-vscode/@xpack-dev-tools/arm-none-eabi-gcc/14.2.1-1.1.1/.content/bin/../lib/gcc/arm-none-eabi/14.2.1/../../../../arm-none-eabi/lib/thumb/v7e-m+dp/hard\libc_nano.a(libc_a-signalr.o)
                0x0800d2ac                _getpid_r
 .text.__udivmoddi4
                0x0800d2b0      0x2f8 c:/Users/Nathan/AppData/Roaming/Code/User/globalStorage/bmd.stm32-for-vscode/@xpack-dev-tools/arm-none-eabi-gcc/14.2.1-1.1.1/.content/bin/../lib/gcc/arm-none-eabi/14.2.1/thumb/v7e-m+dp/hard\libgcc.a(_udivmoddi4.o)
                0x0800d2b0                __udivmoddi4
 *(.glue_7)
 .glue_7        0x0800d5a8        0x0 linker stubs
 *(.glue_7t)
 .glue_7t       0x0800d5a8        0x0 linker stubs
 *(.eh_frame)
 .eh_frame      0x0800d5a8        0x0 c:/Users/Nathan/AppData/Roaming/Code/User/globalStorage/bmd.stm32-for-vscode/@xpack-dev-tools/arm-none-eabi-gcc/14.2.1-1.1.1/.content/bin/../lib/gcc/arm-none-eabi/14.2.1/thumb/v7e-m+dp/hard/crtbegin.o
 *(.init)
 .init          0x0800d5a8        0x4 c:/Users/Nathan/AppData/Roaming/Code/User/globalStorage/bmd.stm32-for-vscode/@xpack-dev-tools/arm-none-eabi-gcc/14.2.1-1.1.1/.content/bin/../lib/gcc/arm-none-eabi/14.2.1/thumb/v7e-m+dp/hard/crti.o
                0x0800d5a8                _init
 .init          0x0800d5ac        0x8 c:/Users/Nathan/AppData/Roaming/Code/User/globalStorage/bmd.stm32-for-vscode/@xpack-dev-tools/arm-none-eabi-gcc/14.2.1-1.1.1/.content/bin/../lib/gcc/arm-none-eabi/14.2.1/thumb/v7e-m+dp/hard/crtn.o
 *(.fini)
 .fini          0x0800d5b4        0x4 c:/Users/Nathan/AppData/Roaming/Code/User/globalStorage/bmd.stm32-for-vscode/@xpack-dev-tools/arm-none-eabi-gcc/14.2.1-1.1.1/.content/bin/../lib/gcc/arm-none-eabi/14.2.1/thumb/v7e-m+dp/hard/crti.o
                0x0800d5b4                _fini
 .fini          0x0800d5b8        0x8 c:/Users/Nathan/AppData/Roaming/Code/User/globalStorage/bmd.stm32-for-vscode/@xpack-dev-tools/arm-none-eabi-gcc/14.2.1-1.1.1/.content/bin/../lib/gcc/arm-none-eabi/14.2.1/thumb/v7e-m+dp/hard/crtn.o
                0x0800d5c0                        . = ALIGN (0x4)
                0x0800d5c0                        _etext = .

.vfp11_veneer   0x0800d5c0        0x0
 .vfp11_veneer  0x0800d5c0        0x0 linker stubs

.v4_bx          0x0800d5c0        0x0
 .v4_bx         0x0800d5c0        0x0 linker stubs

.iplt           0x0800d5c0        0x0
 .iplt          0x0800d5c0        0x0 c:/Users/Nathan/AppData/Roaming/Code/User/globalStorage/bmd.stm32-for-vscode/@xpack-dev-tools/arm-none-eabi-gcc/14.2.1-1.1.1/.content/bin/../lib/gcc/arm-none-eabi/14.2.1/thumb/v7e-m+dp/hard/crtbegin.o

.rodata         0x0800d5c0     0x1184
                0x0800d5c0                        . = ALIGN (0x4)
 *(.rodata)
 .rodata        0x0800d5c0       0x4c build/debug/stm32h7xx_hal_fdcan.o
 *(.rodata*)
 .rodata.a_bmp388_close.str1.4
                0x0800d60c      0xd32 build/debug/driver_bmp388.o
                                 0x38 (size before relaxing)
 .rodata.a_bmp388_get_calibration_data.str1.4
                0x0800e33e       0x26 build/debug/driver_bmp388.o
 .rodata.bmp388_get_interrupt_status.str1.4
                0x0800e33e       0x2f build/debug/driver_bmp388.o
 .rodata.bmp388_get_fifo_length.str1.4
                0x0800e33e       0x2a build/debug/driver_bmp388.o
 .rodata.bmp388_set_fifo_watermark.str1.4
                0x0800e33e       0x2d build/debug/driver_bmp388.o
 .rodata.bmp388_set_fifo.str1.4
                0x0800e33e       0x58 build/debug/driver_bmp388.o
 .rodata.bmp388_set_fifo_subsampling.str1.4
                0x0800e33e       0x78 build/debug/driver_bmp388.o
 .rodata.bmp388_set_interrupt_pin_type.str1.4
                0x0800e33e       0x4f build/debug/driver_bmp388.o